Archive member included to satisfy reference by file (symbol)

/home/rhys/msdk/Libraries/PeriphDrivers/bin/MAX78000/spi-v1_softfp/libPeriphDriver_spi-v1_softfp.a(mxc_delay.o)
                              /home/rhys/freeRTOS78000/build/board.o (MXC_Delay)
/home/rhys/msdk/Libraries/PeriphDrivers/bin/MAX78000/spi-v1_softfp/libPeriphDriver_spi-v1_softfp.a(nvic_table.o)
                              /home/rhys/freeRTOS78000/build/camera.o (MXC_NVIC_SetVector)
/home/rhys/msdk/Libraries/PeriphDrivers/bin/MAX78000/spi-v1_softfp/libPeriphDriver_spi-v1_softfp.a(pins_ai85.o)
                              /home/rhys/freeRTOS78000/build/camera.o (gpio_cfg_pcif_xclk)
/home/rhys/msdk/Libraries/PeriphDrivers/bin/MAX78000/spi-v1_softfp/libPeriphDriver_spi-v1_softfp.a(sys_ai85.o)
                              /home/rhys/freeRTOS78000/build/board.o (MXC_SYS_ClockEnable)
/home/rhys/msdk/Libraries/PeriphDrivers/bin/MAX78000/spi-v1_softfp/libPeriphDriver_spi-v1_softfp.a(aes_me17.o)
                              /home/rhys/msdk/Libraries/PeriphDrivers/bin/MAX78000/spi-v1_softfp/libPeriphDriver_spi-v1_softfp.a(sys_ai85.o) (MXC_AES_Init)
/home/rhys/msdk/Libraries/PeriphDrivers/bin/MAX78000/spi-v1_softfp/libPeriphDriver_spi-v1_softfp.a(aes_revb.o)
                              /home/rhys/msdk/Libraries/PeriphDrivers/bin/MAX78000/spi-v1_softfp/libPeriphDriver_spi-v1_softfp.a(aes_me17.o) (MXC_AES_RevB_IsBusy)
/home/rhys/msdk/Libraries/PeriphDrivers/bin/MAX78000/spi-v1_softfp/libPeriphDriver_spi-v1_softfp.a(cameraif_ai85.o)
                              /home/rhys/freeRTOS78000/build/camera.o (MXC_PCIF_Init)
/home/rhys/msdk/Libraries/PeriphDrivers/bin/MAX78000/spi-v1_softfp/libPeriphDriver_spi-v1_softfp.a(cameraif_reva.o)
                              /home/rhys/msdk/Libraries/PeriphDrivers/bin/MAX78000/spi-v1_softfp/libPeriphDriver_spi-v1_softfp.a(cameraif_ai85.o) (MXC_PCIF_RevA_SetDatawidth)
/home/rhys/msdk/Libraries/PeriphDrivers/bin/MAX78000/spi-v1_softfp/libPeriphDriver_spi-v1_softfp.a(dma_me17.o)
                              /home/rhys/msdk/Libraries/PeriphDrivers/bin/MAX78000/spi-v1_softfp/libPeriphDriver_spi-v1_softfp.a(aes_revb.o) (MXC_DMA_Init)
/home/rhys/msdk/Libraries/PeriphDrivers/bin/MAX78000/spi-v1_softfp/libPeriphDriver_spi-v1_softfp.a(dma_reva.o)
                              /home/rhys/msdk/Libraries/PeriphDrivers/bin/MAX78000/spi-v1_softfp/libPeriphDriver_spi-v1_softfp.a(dma_me17.o) (MXC_DMA_RevA_Init)
/home/rhys/msdk/Libraries/PeriphDrivers/bin/MAX78000/spi-v1_softfp/libPeriphDriver_spi-v1_softfp.a(flc_me17.o)
                              /home/rhys/msdk/Libraries/PeriphDrivers/bin/MAX78000/spi-v1_softfp/libPeriphDriver_spi-v1_softfp.a(sys_ai85.o) (MXC_FLC_UnlockInfoBlock)
/home/rhys/msdk/Libraries/PeriphDrivers/bin/MAX78000/spi-v1_softfp/libPeriphDriver_spi-v1_softfp.a(flc_reva.o)
                              /home/rhys/msdk/Libraries/PeriphDrivers/bin/MAX78000/spi-v1_softfp/libPeriphDriver_spi-v1_softfp.a(flc_me17.o) (MXC_FLC_RevA_Busy)
/home/rhys/msdk/Libraries/PeriphDrivers/bin/MAX78000/spi-v1_softfp/libPeriphDriver_spi-v1_softfp.a(gpio_ai85.o)
                              /home/rhys/freeRTOS78000/build/pb.o (MXC_GPIO_InGet)
/home/rhys/msdk/Libraries/PeriphDrivers/bin/MAX78000/spi-v1_softfp/libPeriphDriver_spi-v1_softfp.a(gpio_reva.o)
                              /home/rhys/msdk/Libraries/PeriphDrivers/bin/MAX78000/spi-v1_softfp/libPeriphDriver_spi-v1_softfp.a(gpio_ai85.o) (MXC_GPIO_RevA_InGet)
/home/rhys/msdk/Libraries/PeriphDrivers/bin/MAX78000/spi-v1_softfp/libPeriphDriver_spi-v1_softfp.a(i2c_me17.o)
                              /home/rhys/freeRTOS78000/build/max20303.o (MXC_I2C_Init)
/home/rhys/msdk/Libraries/PeriphDrivers/bin/MAX78000/spi-v1_softfp/libPeriphDriver_spi-v1_softfp.a(i2c_reva.o)
                              /home/rhys/msdk/Libraries/PeriphDrivers/bin/MAX78000/spi-v1_softfp/libPeriphDriver_spi-v1_softfp.a(i2c_me17.o) (MXC_I2C_RevA_DMACallback)
/home/rhys/msdk/Libraries/PeriphDrivers/bin/MAX78000/spi-v1_softfp/libPeriphDriver_spi-v1_softfp.a(icc_me17.o)
                              /home/rhys/freeRTOS78000/build/system_max78000.o (MXC_ICC_Enable)
/home/rhys/msdk/Libraries/PeriphDrivers/bin/MAX78000/spi-v1_softfp/libPeriphDriver_spi-v1_softfp.a(icc_reva.o)
                              /home/rhys/msdk/Libraries/PeriphDrivers/bin/MAX78000/spi-v1_softfp/libPeriphDriver_spi-v1_softfp.a(icc_me17.o) (MXC_ICC_RevA_ID)
/home/rhys/msdk/Libraries/PeriphDrivers/bin/MAX78000/spi-v1_softfp/libPeriphDriver_spi-v1_softfp.a(pt_ai85.o)
                              /home/rhys/freeRTOS78000/build/camera.o (MXC_PT_Init)
/home/rhys/msdk/Libraries/PeriphDrivers/bin/MAX78000/spi-v1_softfp/libPeriphDriver_spi-v1_softfp.a(pt_reva.o)
                              /home/rhys/msdk/Libraries/PeriphDrivers/bin/MAX78000/spi-v1_softfp/libPeriphDriver_spi-v1_softfp.a(pt_ai85.o) (MXC_PT_RevA_Init)
/home/rhys/msdk/Libraries/PeriphDrivers/bin/MAX78000/spi-v1_softfp/libPeriphDriver_spi-v1_softfp.a(spi_me17.o)
[...]
Memory Configuration

Name             Origin             Length             Attributes
ROM              0x00000000         0x00010000         xr
FLASH            0x10000000         0x00080000         xr
SRAM             0x20000000         0x00020000         xrw
*default*        0x00000000         0xffffffff

Linker script and memory map

LOAD /usr/lib/gcc/arm-none-eabi/13.2.1/thumb/v7e-m+fp/softfp/crti.o
LOAD /usr/lib/gcc/arm-none-eabi/13.2.1/thumb/v7e-m+fp/softfp/crtbegin.o
LOAD /usr/lib/gcc/arm-none-eabi/13.2.1/../../../arm-none-eabi/lib/thumb/v7e-m+fp/softfp/crt0.o
LOAD /home/rhys/freeRTOS78000/build/board.o
LOAD /home/rhys/freeRTOS78000/build/FreeRTOS_hooks.o
LOAD /home/rhys/freeRTOS78000/build/led.o
LOAD /home/rhys/freeRTOS78000/build/LiberationSans12x12.o
LOAD /home/rhys/freeRTOS78000/build/LiberationSans16x16.o
LOAD /home/rhys/freeRTOS78000/build/LiberationSans19x19.o
LOAD /home/rhys/freeRTOS78000/build/LiberationSans24x24.o
LOAD /home/rhys/freeRTOS78000/build/LiberationSans28x28.o
LOAD /home/rhys/freeRTOS78000/build/main.o
LOAD /home/rhys/freeRTOS78000/build/max20303.o
LOAD /home/rhys/freeRTOS78000/build/pb.o
LOAD /home/rhys/freeRTOS78000/build/security_test.o
LOAD /home/rhys/freeRTOS78000/build/stdio.o
LOAD /home/rhys/freeRTOS78000/build/tsc2046.o
LOAD /home/rhys/freeRTOS78000/build/tft_ssd2119.o
LOAD /home/rhys/freeRTOS78000/build/camera.o
LOAD /home/rhys/freeRTOS78000/build/ov7692.o
LOAD /home/rhys/freeRTOS78000/build/sccb.o
LOAD /home/rhys/freeRTOS78000/build/FreeRTOS_CLI.o
LOAD /home/rhys/freeRTOS78000/build/startup_max78000.o
LOAD /home/rhys/freeRTOS78000/build/heap.o
LOAD /home/rhys/freeRTOS78000/build/system_max78000.o
START GROUP
LOAD /home/rhys/msdk/Libraries/PeriphDrivers/bin/MAX78000/spi-v1_softfp/libPeriphDriver_spi-v1_softfp.a
LOAD /home/rhys/freeRTOS78000/build/FreeRTOS/librtos.a
LOAD /usr/lib/gcc/arm-none-eabi/13.2.1/../../../arm-none-eabi/lib/thumb/v7e-m+fp/softfp/libc.a
LOAD /usr/lib/gcc/arm-none-eabi/13.2.1/../../../arm-none-eabi/lib/thumb/v7e-m+fp/softfp/libm.a
LOAD /usr/lib/gcc/arm-none-eabi/13.2.1/../../../arm-none-eabi/lib/thumb/v7e-m+fp/softfp/libnosys.a
END GROUP
START GROUP
LOAD /usr/lib/gcc/arm-none-eabi/13.2.1/thumb/v7e-m+fp/softfp/libgcc.a
LOAD /usr/lib/gcc/arm-none-eabi/13.2.1/../../../arm-none-eabi/lib/thumb/v7e-m+fp/softfp/libc.a
END GROUP
LOAD /usr/lib/gcc/arm-none-eabi/13.2.1/thumb/v7e-m+fp/softfp/crtend.o
LOAD /usr/lib/gcc/arm-none-eabi/13.2.1/thumb/v7e-m+fp/softfp/crtn.o

.rom
 *(.rom_vector)
 *(.rom_handlers*)

.text           0x10000000     0xab10
                0x10000000                        _text = .
 *(.isr_vector)
 .isr_vector    0x10000000      0x1e0 /home/rhys/freeRTOS78000/build/startup_max78000.o
                0x10000000                __isr_vector
 EXCLUDE_FILE(*riscv.o) *(.text*)
 .text          0x100001e0       0x88 /usr/lib/gcc/arm-none-eabi/13.2.1/thumb/v7e-m+fp/softfp/crtbegin.o
 .text.mxc_assert
                0x10000268       0x10 /home/rhys/freeRTOS78000/build/board.o
                0x10000268                mxc_assert
 .text.GPIO0_IRQHandler
                0x10000278        0xa /home/rhys/freeRTOS78000/build/board.o
                0x10000278                GPIO0_IRQHandler
 .text.GPIO1_IRQHandler
                0x10000282        0xa /home/rhys/freeRTOS78000/build/board.o
                0x10000282                GPIO1_IRQHandler
 .text.Console_Init
                0x1000028c       0x18 /home/rhys/freeRTOS78000/build/board.o
                0x1000028c                Console_Init
 .text.Board_Init
                0x100002a4       0x60 /home/rhys/freeRTOS78000/build/board.o
                0x100002a4                Board_Init
 .text.NMI_Handler
                0x10000304        0x4 /home/rhys/freeRTOS78000/build/board.o
                0x10000304                NMI_Handler
 .text.vApplicationMallocFailedHook
                0x10000308       0x2c /home/rhys/freeRTOS78000/build/FreeRTOS_hooks.o
                0x10000308                vApplicationMallocFailedHook
 .text.vApplicationStackOverflowHook
                0x10000334       0x18 /home/rhys/freeRTOS78000/build/FreeRTOS_hooks.o
                0x10000334                vApplicationStackOverflowHook
 .text.vApplicationDaemonTaskStartupHook
                0x1000034c      0x214 /home/rhys/freeRTOS78000/build/FreeRTOS_hooks.o
                0x1000034c                vApplicationDaemonTaskStartupHook
 .text.vApplicationGetIdleTaskMemory
                0x10000560       0x18 /home/rhys/freeRTOS78000/build/FreeRTOS_hooks.o
                0x10000560                vApplicationGetIdleTaskMemory
 .text.vApplicationGetTimerTaskMemory
                0x10000578       0x18 /home/rhys/freeRTOS78000/build/FreeRTOS_hooks.o
                0x10000578                vApplicationGetTimerTaskMemory
 .text.LED_On   0x10000590       0x40 /home/rhys/freeRTOS78000/build/led.o
                0x10000590                LED_On
 .text.LED_Off  0x100005d0       0x40 /home/rhys/freeRTOS78000/build/led.o
                0x100005d0                LED_Off
 .text.LED_Init
                0x10000610       0x3c /home/rhys/freeRTOS78000/build/led.o
                0x10000610                LED_Init
 .text.vTickTockTask
                0x1000064c       0x4c /home/rhys/freeRTOS78000/build/main.o
                0x1000064c                vTickTockTask
 .text.main     0x10000698       0x5c /home/rhys/freeRTOS78000/build/main.o
                0x10000698                main
 .text.PB_Init  0x100006f4       0x60 /home/rhys/freeRTOS78000/build/pb.o
                0x100006f4                PB_Init
 .text._close   0x10000754        0x6 /home/rhys/freeRTOS78000/build/stdio.o
                0x10000754                _close
 .text._isatty  0x1000075a        0x6 /home/rhys/freeRTOS78000/build/stdio.o
                0x1000075a                _isatty
 .text._lseek   0x10000760        0x6 /home/rhys/freeRTOS78000/build/stdio.o
                0x10000760                _lseek
 .text._fstat   0x10000766        0x6 /home/rhys/freeRTOS78000/build/stdio.o
                0x10000766                _fstat
 .text._read    0x1000076c       0x50 /home/rhys/freeRTOS78000/build/stdio.o
                0x1000076c                _read
 .text._write   0x100007bc       0x44 /home/rhys/freeRTOS78000/build/stdio.o
                0x100007bc                _write
 .text          0x10000800      0x148 /home/rhys/freeRTOS78000/build/startup_max78000.o
                0x10000800                Reset_Handler
                0x1000083e                HardFault_Handler
                0x10000840                MemManage_Handler
                0x10000842                BusFault_Handler
                0x10000844                UsageFault_Handler
                0x10000848                DebugMon_Handler
                0x1000084e                Default_Handler
                0x10000850                PF_IRQHandler
                0x10000852                WDT0_IRQHandler
                0x10000854                RSV02_IRQHandler
                0x10000856                RTC_IRQHandler
                0x10000858                TRNG_IRQHandler
                0x1000085a                TMR0_IRQHandler
                0x1000085c                TMR1_IRQHandler
                0x1000085e                TMR2_IRQHandler
                0x10000860                TMR3_IRQHandler
                0x10000862                TMR4_IRQHandler
                0x10000864                TMR5_IRQHandler
                0x10000866                RSV11_IRQHandler
                0x10000868                RSV12_IRQHandler
                0x1000086a                I2C0_IRQHandler
                0x1000086c                UART0_IRQHandler
                0x1000086e                UART1_IRQHandler
                0x10000870                SPI1_IRQHandler
                0x10000872                RSV17_IRQHandler
                0x10000874                RSV18_IRQHandler
                0x10000876                RSV19_IRQHandler
                0x10000878                ADC_IRQHandler
                0x1000087a                RSV21_IRQHandler
                0x1000087c                RSV22_IRQHandler
                0x1000087e                FLC0_IRQHandler
                0x10000884                GPIO2_IRQHandler
                0x10000886                RSV27_IRQHandler
                0x10000888                DMA0_IRQHandler
                0x1000088a                DMA1_IRQHandler
                0x1000088c                DMA2_IRQHandler
                0x1000088e                DMA3_IRQHandler
                0x10000890                RSV32_IRQHandler
                0x10000892                RSV33_IRQHandler
                0x10000894                UART2_IRQHandler
                0x10000896                RSV35_IRQHandler
                0x10000898                I2C1_IRQHandler
                0x1000089a                RSV37_IRQHandler
                0x1000089c                RSV38_IRQHandler
                0x1000089e                RSV39_IRQHandler
                0x100008a0                RSV40_IRQHandler
                0x100008a2                RSV41_IRQHandler
                0x100008a4                RSV42_IRQHandler
                0x100008a6                RSV43_IRQHandler
                0x100008a8                RSV44_IRQHandler
                0x100008aa                RSV45_IRQHandler
                0x100008ac                RSV46_IRQHandler
                0x100008ae                RSV47_IRQHandler
                0x100008b0                RSV48_IRQHandler
                0x100008b2                RSV49_IRQHandler
                0x100008b4                RSV50_IRQHandler
                0x100008b6                RSV51_IRQHandler
                0x100008b8                RSV52_IRQHandler
                0x100008ba                WUT_IRQHandler
                0x100008bc                GPIOWAKE_IRQHandler
                0x100008be                RSV55_IRQHandler
                0x100008c0                SPI0_IRQHandler
                0x100008c2                WDT1_IRQHandler
                0x100008c4                RSV58_IRQHandler
                0x100008c6                PT_IRQHandler
                0x100008c8                RSV60_IRQHandler
                0x100008ca                RSV61_IRQHandler
                0x100008cc                I2C2_IRQHandler
                0x100008ce                RISCV_IRQHandler
                0x100008d0                RSV64_IRQHandler
                0x100008d2                RSV65_IRQHandler
                0x100008d4                RSV66_IRQHandler
                0x100008d6                OWM_IRQHandler
                0x100008d8                RSV68_IRQHandler
                0x100008da                RSV69_IRQHandler
                0x100008dc                RSV70_IRQHandler
                0x100008de                RSV71_IRQHandler
                0x100008e0                RSV72_IRQHandler
                0x100008e2                RSV73_IRQHandler
                0x100008e4                RSV74_IRQHandler
                0x100008e6                RSV75_IRQHandler
                0x100008e8                RSV76_IRQHandler
                0x100008ea                RSV77_IRQHandler
                0x100008ec                RSV78_IRQHandler
                0x100008ee                RSV79_IRQHandler
                0x100008f0                RSV80_IRQHandler
                0x100008f2                RSV81_IRQHandler
                0x100008f4                ECC_IRQHandler
                0x100008f6                DVS_IRQHandler
                0x100008f8                SIMO_IRQHandler
                0x100008fa                RSV85_IRQHandler
                0x100008fc                RSV86_IRQHandler
                0x100008fe                RSV87_IRQHandler
                0x10000900                UART3_IRQHandler
                0x10000902                RSV89_IRQHandler
                0x10000904                RSV90_IRQHandler
                0x10000906                PCIF_IRQHandler
                0x10000908                RSV92_IRQHandler
                0x1000090a                RSV93_IRQHandler
                0x1000090c                RSV94_IRQHandler
                0x1000090e                RSV95_IRQHandler
                0x10000910                RSV96_IRQHandler
                0x10000912                AES_IRQHandler
                0x10000914                RSV98_IRQHandler
                0x10000916                I2S_IRQHandler
                0x10000918                CNN_FIFO_IRQHandler
                0x1000091a                CNN_IRQHandler
                0x1000091c                RSV102_IRQHandler
                0x1000091e                LPCMP_IRQHandler
 .text._sbrk    0x10000948       0x40 /home/rhys/freeRTOS78000/build/heap.o
                0x10000948                _sbrk
 .text._getpid  0x10000988        0x6 /home/rhys/freeRTOS78000/build/system_max78000.o
                0x10000988                _getpid
 .text._kill    0x1000098e        0x6 /home/rhys/freeRTOS78000/build/system_max78000.o
                0x1000098e                _kill
 .text.SystemCoreClockUpdate
                0x10000994       0x74 /home/rhys/freeRTOS78000/build/system_max78000.o
                0x10000994                SystemCoreClockUpdate
 .text.PreInit  0x10000a08        0x4 /home/rhys/freeRTOS78000/build/system_max78000.o
                0x10000a08                PreInit
 .text.PinInit  0x10000a0c        0x2 /home/rhys/freeRTOS78000/build/system_max78000.o
                0x10000a0c                PinInit
 *fill*         0x10000a0e        0x2 
 .text.SystemInit
                0x10000a10       0x3c /home/rhys/freeRTOS78000/build/system_max78000.o
                0x10000a10                SystemInit
 .text.MXC_DelayInit
                0x10000a4c       0x84 /home/rhys/msdk/Libraries/PeriphDrivers/bin/MAX78000/spi-v1_softfp/libPeriphDriver_spi-v1_softfp.a(mxc_delay.o)
 .text.MXC_DelayAsync
                0x10000ad0       0x44 /home/rhys/msdk/Libraries/PeriphDrivers/bin/MAX78000/spi-v1_softfp/libPeriphDriver_spi-v1_softfp.a(mxc_delay.o)
                0x10000ad0                MXC_DelayAsync
 .text.MXC_DelayAbort
                0x10000b14       0x34 /home/rhys/msdk/Libraries/PeriphDrivers/bin/MAX78000/spi-v1_softfp/libPeriphDriver_spi-v1_softfp.a(mxc_delay.o)
                0x10000b14                MXC_DelayAbort
 .text.MXC_DelayCheck
                0x10000b48       0x64 /home/rhys/msdk/Libraries/PeriphDrivers/bin/MAX78000/spi-v1_softfp/libPeriphDriver_spi-v1_softfp.a(mxc_delay.o)
                0x10000b48                MXC_DelayCheck
 .text.MXC_Delay
                0x10000bac       0x58 /home/rhys/msdk/Libraries/PeriphDrivers/bin/MAX78000/spi-v1_softfp/libPeriphDriver_spi-v1_softfp.a(mxc_delay.o)
                0x10000bac                MXC_Delay
 .text.MXC_SYS_ClockDisable
                0x10000c04       0x44 /home/rhys/msdk/Libraries/PeriphDrivers/bin/MAX78000/spi-v1_softfp/libPeriphDriver_spi-v1_softfp.a(sys_ai85.o)
                0x10000c04                MXC_SYS_ClockDisable
 .text.MXC_SYS_ClockEnable
                0x10000c48       0x48 /home/rhys/msdk/Libraries/PeriphDrivers/bin/MAX78000/spi-v1_softfp/libPeriphDriver_spi-v1_softfp.a(sys_ai85.o)
                0x10000c48                MXC_SYS_ClockEnable
 .text.MXC_SYS_Clock_Timeout
                0x10000c90       0x30 /home/rhys/msdk/Libraries/PeriphDrivers/bin/MAX78000/spi-v1_softfp/libPeriphDriver_spi-v1_softfp.a(sys_ai85.o)
                0x10000c90                MXC_SYS_Clock_Timeout
 .text.MXC_SYS_ClockSourceEnable
                0x10000cc0       0x88 /home/rhys/msdk/Libraries/PeriphDrivers/bin/MAX78000/spi-v1_softfp/libPeriphDriver_spi-v1_softfp.a(sys_ai85.o)
                0x10000cc0                MXC_SYS_ClockSourceEnable
 .text.MXC_SYS_Reset_Periph
                0x10000d48       0x54 /home/rhys/msdk/Libraries/PeriphDrivers/bin/MAX78000/spi-v1_softfp/libPeriphDriver_spi-v1_softfp.a(sys_ai85.o)
                0x10000d48                MXC_SYS_Reset_Periph
 .text.MXC_GPIO_Init
                0x10000d9c       0x36 /home/rhys/msdk/Libraries/PeriphDrivers/bin/MAX78000/spi-v1_softfp/libPeriphDriver_spi-v1_softfp.a(gpio_ai85.o)
                0x10000d9c                MXC_GPIO_Init
 *fill*         0x10000dd2        0x2 
 .text.MXC_GPIO_OutSet
                0x10000dd4       0x2c /home/rhys/msdk/Libraries/PeriphDrivers/bin/MAX78000/spi-v1_softfp/libPeriphDriver_spi-v1_softfp.a(gpio_ai85.o)
                0x10000dd4                MXC_GPIO_OutSet
 .text.MXC_GPIO_OutClr
                0x10000e00       0x30 /home/rhys/msdk/Libraries/PeriphDrivers/bin/MAX78000/spi-v1_softfp/libPeriphDriver_spi-v1_softfp.a(gpio_ai85.o)
                0x10000e00                MXC_GPIO_OutClr
 .text.MXC_GPIO_Handler
                0x10000e30        0x8 /home/rhys/msdk/Libraries/PeriphDrivers/bin/MAX78000/spi-v1_softfp/libPeriphDriver_spi-v1_softfp.a(gpio_ai85.o)
                0x10000e30                MXC_GPIO_Handler
 .text.MXC_GPIO_ClearFlags
                0x10000e38       0x1c /home/rhys/msdk/Libraries/PeriphDrivers/bin/MAX78000/spi-v1_softfp/libPeriphDriver_spi-v1_softfp.a(gpio_ai85.o)
                0x10000e38                MXC_GPIO_ClearFlags
 .text.MXC_GPIO_GetFlags
                0x10000e54       0x1c /home/rhys/msdk/Libraries/PeriphDrivers/bin/MAX78000/spi-v1_softfp/libPeriphDriver_spi-v1_softfp.a(gpio_ai85.o)
                0x10000e54                MXC_GPIO_GetFlags
 .text.MXC_GPIO_SetVSSEL
                0x10000e70       0x20 /home/rhys/msdk/Libraries/PeriphDrivers/bin/MAX78000/spi-v1_softfp/libPeriphDriver_spi-v1_softfp.a(gpio_ai85.o)
                0x10000e70                MXC_GPIO_SetVSSEL
 .text.MXC_GPIO_SetDriveStrength
                0x10000e90        0x8 /home/rhys/msdk/Libraries/PeriphDrivers/bin/MAX78000/spi-v1_softfp/libPeriphDriver_spi-v1_softfp.a(gpio_ai85.o)
                0x10000e90                MXC_GPIO_SetDriveStrength
 .text.MXC_GPIO_GetConfigLock
                0x10000e98        0x8 /home/rhys/msdk/Libraries/PeriphDrivers/bin/MAX78000/spi-v1_softfp/libPeriphDriver_spi-v1_softfp.a(gpio_ai85.o)
                0x10000e98                MXC_GPIO_GetConfigLock
 .text.MXC_GPIO_Config
                0x10000ea0      0x294 /home/rhys/msdk/Libraries/PeriphDrivers/bin/MAX78000/spi-v1_softfp/libPeriphDriver_spi-v1_softfp.a(gpio_ai85.o)
                0x10000ea0                MXC_GPIO_Config
 .text.MXC_GPIO_RevA_OutSet
                0x10001134        0x4 /home/rhys/msdk/Libraries/PeriphDrivers/bin/MAX78000/spi-v1_softfp/libPeriphDriver_spi-v1_softfp.a(gpio_reva.o)
                0x10001134                MXC_GPIO_RevA_OutSet
 .text.MXC_GPIO_RevA_OutClr
                0x10001138        0x4 /home/rhys/msdk/Libraries/PeriphDrivers/bin/MAX78000/spi-v1_softfp/libPeriphDriver_spi-v1_softfp.a(gpio_reva.o)
                0x10001138                MXC_GPIO_RevA_OutClr
 .text.MXC_GPIO_RevA_ClearFlags
                0x1000113c        0x4 /home/rhys/msdk/Libraries/PeriphDrivers/bin/MAX78000/spi-v1_softfp/libPeriphDriver_spi-v1_softfp.a(gpio_reva.o)
                0x1000113c                MXC_GPIO_RevA_ClearFlags
 .text.MXC_GPIO_RevA_GetFlags
                0x10001140        0x4 /home/rhys/msdk/Libraries/PeriphDrivers/bin/MAX78000/spi-v1_softfp/libPeriphDriver_spi-v1_softfp.a(gpio_reva.o)
                0x10001140                MXC_GPIO_RevA_GetFlags
 .text.MXC_GPIO_RevA_SetVSSEL
                0x10001144       0x3e /home/rhys/msdk/Libraries/PeriphDrivers/bin/MAX78000/spi-v1_softfp/libPeriphDriver_spi-v1_softfp.a(gpio_reva.o)
                0x10001144                MXC_GPIO_RevA_SetVSSEL
 .text.MXC_GPIO_RevA_SetAF
                0x10001182       0x88 /home/rhys/msdk/Libraries/PeriphDrivers/bin/MAX78000/spi-v1_softfp/libPeriphDriver_spi-v1_softfp.a(gpio_reva.o)
                0x10001182                MXC_GPIO_RevA_SetAF
 .text.MXC_GPIO_RevA_SetDriveStrength
                0x1000120a       0x98 /home/rhys/msdk/Libraries/PeriphDrivers/bin/MAX78000/spi-v1_softfp/libPeriphDriver_spi-v1_softfp.a(gpio_reva.o)
                0x1000120a                MXC_GPIO_RevA_SetDriveStrength
 .text.MXC_ICC_Enable
                0x100012a2        0x8 /home/rhys/msdk/Libraries/PeriphDrivers/bin/MAX78000/spi-v1_softfp/libPeriphDriver_spi-v1_softfp.a(icc_me17.o)
                0x100012a2                MXC_ICC_Enable
 .text.MXC_ICC_Ready
                0x100012aa        0xa /home/rhys/msdk/Libraries/PeriphDrivers/bin/MAX78000/spi-v1_softfp/libPeriphDriver_spi-v1_softfp.a(icc_reva.o)
 .text.MXC_ICC_RevA_Enable
                0x100012b4       0x38 /home/rhys/msdk/Libraries/PeriphDrivers/bin/MAX78000/spi-v1_softfp/libPeriphDriver_spi-v1_softfp.a(icc_reva.o)
                0x100012b4                MXC_ICC_RevA_Enable
 .text.MXC_TRNG_Init
                0x100012ec       0x10 /home/rhys/msdk/Libraries/PeriphDrivers/bin/MAX78000/spi-v1_softfp/libPeriphDriver_spi-v1_softfp.a(trng_ai85.o)
                0x100012ec                MXC_TRNG_Init
 .text.MXC_TRNG_RandomInt
                0x100012fc       0x10 /home/rhys/msdk/Libraries/PeriphDrivers/bin/MAX78000/spi-v1_softfp/libPeriphDriver_spi-v1_softfp.a(trng_ai85.o)
                0x100012fc                MXC_TRNG_RandomInt
 .text.MXC_TRNG_Random
                0x1000130c        0x8 /home/rhys/msdk/Libraries/PeriphDrivers/bin/MAX78000/spi-v1_softfp/libPeriphDriver_spi-v1_softfp.a(trng_ai85.o)
                0x1000130c                MXC_TRNG_Random
 .text.MXC_TRNG_RevB_Init
                0x10001314        0x4 /home/rhys/msdk/Libraries/PeriphDrivers/bin/MAX78000/spi-v1_softfp/libPeriphDriver_spi-v1_softfp.a(trng_revb.o)
                0x10001314                MXC_TRNG_RevB_Init
 .text.MXC_TRNG_RevB_RandomInt
                0x10001318        0xc /home/rhys/msdk/Libraries/PeriphDrivers/bin/MAX78000/spi-v1_softfp/libPeriphDriver_spi-v1_softfp.a(trng_revb.o)
                0x10001318                MXC_TRNG_RevB_RandomInt
 .text.MXC_TRNG_RevB_Random
                0x10001324       0x44 /home/rhys/msdk/Libraries/PeriphDrivers/bin/MAX78000/spi-v1_softfp/libPeriphDriver_spi-v1_softfp.a(trng_revb.o)
                0x10001324                MXC_TRNG_RevB_Random
 .text.MXC_TMR_Init
                0x10001368      0x25c /home/rhys/msdk/Libraries/PeriphDrivers/bin/MAX78000/spi-v1_softfp/libPeriphDriver_spi-v1_softfp.a(tmr_ai85.o)
                0x10001368                MXC_TMR_Init
 .text.MXC_TMR_Start
                0x100015c4        0x8 /home/rhys/msdk/Libraries/PeriphDrivers/bin/MAX78000/spi-v1_softfp/libPeriphDriver_spi-v1_softfp.a(tmr_ai85.o)
                0x100015c4                MXC_TMR_Start
 .text.MXC_TMR_Stop
                0x100015cc        0x8 /home/rhys/msdk/Libraries/PeriphDrivers/bin/MAX78000/spi-v1_softfp/libPeriphDriver_spi-v1_softfp.a(tmr_ai85.o)
                0x100015cc                MXC_TMR_Stop
 .text.MXC_TMR_GetCount
                0x100015d4        0x8 /home/rhys/msdk/Libraries/PeriphDrivers/bin/MAX78000/spi-v1_softfp/libPeriphDriver_spi-v1_softfp.a(tmr_ai85.o)
                0x100015d4                MXC_TMR_GetCount
 .text.MXC_TMR_SetCount
                0x100015dc        0x8 /home/rhys/msdk/Libraries/PeriphDrivers/bin/MAX78000/spi-v1_softfp/libPeriphDriver_spi-v1_softfp.a(tmr_ai85.o)
                0x100015dc                MXC_TMR_SetCount
 .text.MXC_TMR_RevB_SetClockSource
                0x100015e4       0x98 /home/rhys/msdk/Libraries/PeriphDrivers/bin/MAX78000/spi-v1_softfp/libPeriphDriver_spi-v1_softfp.a(tmr_revb.o)
                0x100015e4                MXC_TMR_RevB_SetClockSource
 .text.MXC_TMR_RevB_SetPrescalar
                0x1000167c       0x2e /home/rhys/msdk/Libraries/PeriphDrivers/bin/MAX78000/spi-v1_softfp/libPeriphDriver_spi-v1_softfp.a(tmr_revb.o)
                0x1000167c                MXC_TMR_RevB_SetPrescalar
 *fill*         0x100016aa        0x2 
 .text.MXC_TMR_RevB_SetClockSourceFreq
                0x100016ac       0x88 /home/rhys/msdk/Libraries/PeriphDrivers/bin/MAX78000/spi-v1_softfp/libPeriphDriver_spi-v1_softfp.a(tmr_revb.o)
                0x100016ac                MXC_TMR_RevB_SetClockSourceFreq
 .text.MXC_TMR_RevB_ConfigGeneric
                0x10001734       0xb4 /home/rhys/msdk/Libraries/PeriphDrivers/bin/MAX78000/spi-v1_softfp/libPeriphDriver_spi-v1_softfp.a(tmr_revb.o)
                0x10001734                MXC_TMR_RevB_ConfigGeneric
 .text.MXC_TMR_RevB_Init
                0x100017e8      0x15c /home/rhys/msdk/Libraries/PeriphDrivers/bin/MAX78000/spi-v1_softfp/libPeriphDriver_spi-v1_softfp.a(tmr_revb.o)
                0x100017e8                MXC_TMR_RevB_Init
 .text.MXC_TMR_RevB_Start
                0x10001944       0x80 /home/rhys/msdk/Libraries/PeriphDrivers/bin/MAX78000/spi-v1_softfp/libPeriphDriver_spi-v1_softfp.a(tmr_revb.o)
                0x10001944                MXC_TMR_RevB_Start
 .text.MXC_TMR_RevB_Stop
                0x100019c4       0x58 /home/rhys/msdk/Libraries/PeriphDrivers/bin/MAX78000/spi-v1_softfp/libPeriphDriver_spi-v1_softfp.a(tmr_revb.o)
                0x100019c4                MXC_TMR_RevB_Stop
 .text.MXC_TMR_RevB_GetCount
                0x10001a1c       0x54 /home/rhys/msdk/Libraries/PeriphDrivers/bin/MAX78000/spi-v1_softfp/libPeriphDriver_spi-v1_softfp.a(tmr_revb.o)
                0x10001a1c                MXC_TMR_RevB_GetCount
 .text.MXC_TMR_RevB_SetCount
                0x10001a70       0x5c /home/rhys/msdk/Libraries/PeriphDrivers/bin/MAX78000/spi-v1_softfp/libPeriphDriver_spi-v1_softfp.a(tmr_revb.o)
                0x10001a70                MXC_TMR_RevB_SetCount
 .text.MXC_UART_Shutdown
                0x10001acc       0x70 /home/rhys/msdk/Libraries/PeriphDrivers/bin/MAX78000/spi-v1_softfp/libPeriphDriver_spi-v1_softfp.a(uart_ai85.o)
                0x10001acc                MXC_UART_Shutdown
 .text.MXC_UART_SetFrequency
                0x10001b3c       0xa4 /home/rhys/msdk/Libraries/PeriphDrivers/bin/MAX78000/spi-v1_softfp/libPeriphDriver_spi-v1_softfp.a(uart_ai85.o)
                0x10001b3c                MXC_UART_SetFrequency
 .text.MXC_UART_SetDataSize
                0x10001be0        0x8 /home/rhys/msdk/Libraries/PeriphDrivers/bin/MAX78000/spi-v1_softfp/libPeriphDriver_spi-v1_softfp.a(uart_ai85.o)
                0x10001be0                MXC_UART_SetDataSize
 .text.MXC_UART_SetStopBits
                0x10001be8        0x8 /home/rhys/msdk/Libraries/PeriphDrivers/bin/MAX78000/spi-v1_softfp/libPeriphDriver_spi-v1_softfp.a(uart_ai85.o)
                0x10001be8                MXC_UART_SetStopBits
 .text.MXC_UART_SetParity
                0x10001bf0        0x8 /home/rhys/msdk/Libraries/PeriphDrivers/bin/MAX78000/spi-v1_softfp/libPeriphDriver_spi-v1_softfp.a(uart_ai85.o)
                0x10001bf0                MXC_UART_SetParity
 .text.MXC_UART_SetClockSource
                0x10001bf8       0x6c /home/rhys/msdk/Libraries/PeriphDrivers/bin/MAX78000/spi-v1_softfp/libPeriphDriver_spi-v1_softfp.a(uart_ai85.o)
                0x10001bf8                MXC_UART_SetClockSource
 .text.MXC_UART_GetClockSource
                0x10001c64       0x50 /home/rhys/msdk/Libraries/PeriphDrivers/bin/MAX78000/spi-v1_softfp/libPeriphDriver_spi-v1_softfp.a(uart_ai85.o)
                0x10001c64                MXC_UART_GetClockSource
 .text.MXC_UART_Init
                0x10001cb4       0xa8 /home/rhys/msdk/Libraries/PeriphDrivers/bin/MAX78000/spi-v1_softfp/libPeriphDriver_spi-v1_softfp.a(uart_ai85.o)
                0x10001cb4                MXC_UART_Init
 .text.MXC_UART_ReadCharacterRaw
                0x10001d5c        0x8 /home/rhys/msdk/Libraries/PeriphDrivers/bin/MAX78000/spi-v1_softfp/libPeriphDriver_spi-v1_softfp.a(uart_ai85.o)
                0x10001d5c                MXC_UART_ReadCharacterRaw
 .text.MXC_UART_WriteCharacterRaw
                0x10001d64        0x8 /home/rhys/msdk/Libraries/PeriphDrivers/bin/MAX78000/spi-v1_softfp/libPeriphDriver_spi-v1_softfp.a(uart_ai85.o)
                0x10001d64                MXC_UART_WriteCharacterRaw
 .text.MXC_UART_ReadCharacter
                0x10001d6c        0x8 /home/rhys/msdk/Libraries/PeriphDrivers/bin/MAX78000/spi-v1_softfp/libPeriphDriver_spi-v1_softfp.a(uart_ai85.o)
                0x10001d6c                MXC_UART_ReadCharacter
 .text.MXC_UART_WriteCharacter
                0x10001d74        0x8 /home/rhys/msdk/Libraries/PeriphDrivers/bin/MAX78000/spi-v1_softfp/libPeriphDriver_spi-v1_softfp.a(uart_ai85.o)
                0x10001d74                MXC_UART_WriteCharacter
 .text.MXC_UART_GetRXFIFOAvailable
                0x10001d7c        0x8 /home/rhys/msdk/Libraries/PeriphDrivers/bin/MAX78000/spi-v1_softfp/libPeriphDriver_spi-v1_softfp.a(uart_ai85.o)
                0x10001d7c                MXC_UART_GetRXFIFOAvailable
 .text.MXC_UART_GetTXFIFOAvailable
                0x10001d84        0x8 /home/rhys/msdk/Libraries/PeriphDrivers/bin/MAX78000/spi-v1_softfp/libPeriphDriver_spi-v1_softfp.a(uart_ai85.o)
                0x10001d84                MXC_UART_GetTXFIFOAvailable
 .text.MXC_UART_SetRXThreshold
                0x10001d8c        0x8 /home/rhys/msdk/Libraries/PeriphDrivers/bin/MAX78000/spi-v1_softfp/libPeriphDriver_spi-v1_softfp.a(uart_ai85.o)
                0x10001d8c                MXC_UART_SetRXThreshold
 .text.MXC_UART_Common_ReadCharacter
                0x10001d94       0x16 /home/rhys/msdk/Libraries/PeriphDrivers/bin/MAX78000/spi-v1_softfp/libPeriphDriver_spi-v1_softfp.a(uart_common.o)
                0x10001d94                MXC_UART_Common_ReadCharacter
 .text.MXC_UART_Common_WriteCharacter
                0x10001daa       0x1a /home/rhys/msdk/Libraries/PeriphDrivers/bin/MAX78000/spi-v1_softfp/libPeriphDriver_spi-v1_softfp.a(uart_common.o)
                0x10001daa                MXC_UART_Common_WriteCharacter
 .text.MXC_UART_RevB_Init
                0x10001dc4       0xe0 /home/rhys/msdk/Libraries/PeriphDrivers/bin/MAX78000/spi-v1_softfp/libPeriphDriver_spi-v1_softfp.a(uart_revb.o)
                0x10001dc4                MXC_UART_RevB_Init
 .text.MXC_UART_RevB_SetFrequency
                0x10001ea4       0x1e /home/rhys/msdk/Libraries/PeriphDrivers/bin/MAX78000/spi-v1_softfp/libPeriphDriver_spi-v1_softfp.a(uart_revb.o)
                0x10001ea4                MXC_UART_RevB_SetFrequency
 .text.MXC_UART_RevB_SetDataSize
                0x10001ec2       0x20 /home/rhys/msdk/Libraries/PeriphDrivers/bin/MAX78000/spi-v1_softfp/libPeriphDriver_spi-v1_softfp.a(uart_revb.o)
                0x10001ec2                MXC_UART_RevB_SetDataSize
 .text.MXC_UART_RevB_SetStopBits
                0x10001ee2       0x24 /home/rhys/msdk/Libraries/PeriphDrivers/bin/MAX78000/spi-v1_softfp/libPeriphDriver_spi-v1_softfp.a(uart_revb.o)
                0x10001ee2                MXC_UART_RevB_SetStopBits
 .text.MXC_UART_RevB_SetParity
                0x10001f06       0x90 /home/rhys/msdk/Libraries/PeriphDrivers/bin/MAX78000/spi-v1_softfp/libPeriphDriver_spi-v1_softfp.a(uart_revb.o)
                0x10001f06                MXC_UART_RevB_SetParity
 *fill*         0x10001f96        0x2 
 .text.MXC_UART_RevB_SetClockSource
                0x10001f98       0x98 /home/rhys/msdk/Libraries/PeriphDrivers/bin/MAX78000/spi-v1_softfp/libPeriphDriver_spi-v1_softfp.a(uart_revb.o)
                0x10001f98                MXC_UART_RevB_SetClockSource
 .text.MXC_UART_RevB_GetClockSource
                0x10002030        0x8 /home/rhys/msdk/Libraries/PeriphDrivers/bin/MAX78000/spi-v1_softfp/libPeriphDriver_spi-v1_softfp.a(uart_revb.o)
                0x10002030                MXC_UART_RevB_GetClockSource
 .text.MXC_UART_RevB_ReadCharacterRaw
                0x10002038       0x12 /home/rhys/msdk/Libraries/PeriphDrivers/bin/MAX78000/spi-v1_softfp/libPeriphDriver_spi-v1_softfp.a(uart_revb.o)
                0x10002038                MXC_UART_RevB_ReadCharacterRaw
 .text.MXC_UART_RevB_WriteCharacterRaw
                0x1000204a       0x14 /home/rhys/msdk/Libraries/PeriphDrivers/bin/MAX78000/spi-v1_softfp/libPeriphDriver_spi-v1_softfp.a(uart_revb.o)
                0x1000204a                MXC_UART_RevB_WriteCharacterRaw
 .text.MXC_UART_RevB_GetRXFIFOAvailable
                0x1000205e        0x8 /home/rhys/msdk/Libraries/PeriphDrivers/bin/MAX78000/spi-v1_softfp/libPeriphDriver_spi-v1_softfp.a(uart_revb.o)
                0x1000205e                MXC_UART_RevB_GetRXFIFOAvailable
 .text.MXC_UART_RevB_GetTXFIFOAvailable
                0x10002066        0xc /home/rhys/msdk/Libraries/PeriphDrivers/bin/MAX78000/spi-v1_softfp/libPeriphDriver_spi-v1_softfp.a(uart_revb.o)
                0x10002066                MXC_UART_RevB_GetTXFIFOAvailable
 .text.MXC_UART_RevB_SetRXThreshold
                0x10002072       0x1e /home/rhys/msdk/Libraries/PeriphDrivers/bin/MAX78000/spi-v1_softfp/libPeriphDriver_spi-v1_softfp.a(uart_revb.o)
                0x10002072                MXC_UART_RevB_SetRXThreshold
 .text.MXC_GPIO_Common_Init
                0x10002090       0x40 /home/rhys/msdk/Libraries/PeriphDrivers/bin/MAX78000/spi-v1_softfp/libPeriphDriver_spi-v1_softfp.a(gpio_common.o)
                0x10002090                MXC_GPIO_Common_Init
 .text.MXC_GPIO_Common_Handler
                0x100020d0       0x8c /home/rhys/msdk/Libraries/PeriphDrivers/bin/MAX78000/spi-v1_softfp/libPeriphDriver_spi-v1_softfp.a(gpio_common.o)
                0x100020d0                MXC_GPIO_Common_Handler
 .text.MXC_GPIO_Common_GetConfigLock
                0x1000215c        0xc /home/rhys/msdk/Libraries/PeriphDrivers/bin/MAX78000/spi-v1_softfp/libPeriphDriver_spi-v1_softfp.a(gpio_common.o)
                0x1000215c                MXC_GPIO_Common_GetConfigLock
 .text.prvIdleTask
                0x10002168        0x2 /home/rhys/freeRTOS78000/build/FreeRTOS/librtos.a(tasks.o)
 *fill*         0x1000216a        0x2 
 .text.prvAddNewTaskToReadyList
                0x1000216c       0xf8 /home/rhys/freeRTOS78000/build/FreeRTOS/librtos.a(tasks.o)
 .text.prvResetNextTaskUnblockTime
                0x10002264       0x24 /home/rhys/freeRTOS78000/build/FreeRTOS/librtos.a(tasks.o)
 .text.prvInitialiseNewTask.constprop.0
                0x10002288       0x98 /home/rhys/freeRTOS78000/build/FreeRTOS/librtos.a(tasks.o)
 .text.prvAddCurrentTaskToDelayedList.isra.0
                0x10002320       0x58 /home/rhys/freeRTOS78000/build/FreeRTOS/librtos.a(tasks.o)
 .text.xTaskCreateStatic
                0x10002378       0x92 /home/rhys/freeRTOS78000/build/FreeRTOS/librtos.a(tasks.o)
                0x10002378                xTaskCreateStatic
 .text.xTaskCreate
                0x1000240a       0x5e /home/rhys/freeRTOS78000/build/FreeRTOS/librtos.a(tasks.o)
                0x1000240a                xTaskCreate
 .text.vTaskStartScheduler
                0x10002468       0x90 /home/rhys/freeRTOS78000/build/FreeRTOS/librtos.a(tasks.o)
                0x10002468                vTaskStartScheduler
 .text.vTaskSuspendAll
                0x100024f8       0x10 /home/rhys/freeRTOS78000/build/FreeRTOS/librtos.a(tasks.o)
                0x100024f8                vTaskSuspendAll
 .text.xTaskGetTickCount
                0x10002508        0xc /home/rhys/freeRTOS78000/build/FreeRTOS/librtos.a(tasks.o)
                0x10002508                xTaskGetTickCount
 .text.uxTaskGetNumberOfTasks
                0x10002514        0xc /home/rhys/freeRTOS78000/build/FreeRTOS/librtos.a(tasks.o)
                0x10002514                uxTaskGetNumberOfTasks
 .text.xTaskIncrementTick
                0x10002520      0x158 /home/rhys/freeRTOS78000/build/FreeRTOS/librtos.a(tasks.o)
                0x10002520                xTaskIncrementTick
 .text.xTaskResumeAll
                0x10002678      0x138 /home/rhys/freeRTOS78000/build/FreeRTOS/librtos.a(tasks.o)
                0x10002678                xTaskResumeAll
 .text.xTaskDelayUntil
                0x100027b0       0x98 /home/rhys/freeRTOS78000/build/FreeRTOS/librtos.a(tasks.o)
                0x100027b0                xTaskDelayUntil
 .text.vTaskSwitchContext
                0x10002848       0xa4 /home/rhys/freeRTOS78000/build/FreeRTOS/librtos.a(tasks.o)
                0x10002848                vTaskSwitchContext
 .text.vTaskPlaceOnEventList
                0x100028ec       0x30 /home/rhys/freeRTOS78000/build/FreeRTOS/librtos.a(tasks.o)
                0x100028ec                vTaskPlaceOnEventList
 .text.vTaskPlaceOnEventListRestricted
                0x1000291c       0x50 /home/rhys/freeRTOS78000/build/FreeRTOS/librtos.a(tasks.o)
                0x1000291c                vTaskPlaceOnEventListRestricted
 .text.xTaskRemoveFromEventList
                0x1000296c       0xc8 /home/rhys/freeRTOS78000/build/FreeRTOS/librtos.a(tasks.o)
                0x1000296c                xTaskRemoveFromEventList
 .text.vTaskInternalSetTimeOutState
                0x10002a34       0x18 /home/rhys/freeRTOS78000/build/FreeRTOS/librtos.a(tasks.o)
                0x10002a34                vTaskInternalSetTimeOutState
 .text.xTaskCheckForTimeOut
                0x10002a4c       0x74 /home/rhys/freeRTOS78000/build/FreeRTOS/librtos.a(tasks.o)
                0x10002a4c                xTaskCheckForTimeOut
 .text.vTaskMissedYield
                0x10002ac0        0xc /home/rhys/freeRTOS78000/build/FreeRTOS/librtos.a(tasks.o)
                0x10002ac0                vTaskMissedYield
 .text.xTaskGetSchedulerState
                0x10002acc       0x20 /home/rhys/freeRTOS78000/build/FreeRTOS/librtos.a(tasks.o)
                0x10002acc                xTaskGetSchedulerState
 .text.prvPortStartFirstTask
                0x10002aec       0x28 /home/rhys/freeRTOS78000/build/FreeRTOS/librtos.a(port.o)
 .text.vPortEnableVFP
                0x10002b14       0x14 /home/rhys/freeRTOS78000/build/FreeRTOS/librtos.a(port.o)
 .text.prvTaskExitError
                0x10002b28       0x40 /home/rhys/freeRTOS78000/build/FreeRTOS/librtos.a(port.o)
 .text.pxPortInitialiseStack
                0x10002b68       0x2c /home/rhys/freeRTOS78000/build/FreeRTOS/librtos.a(port.o)
                0x10002b68                pxPortInitialiseStack
 *fill*         0x10002b94        0xc 
 .text.SVC_Handler
                0x10002ba0       0x24 /home/rhys/freeRTOS78000/build/FreeRTOS/librtos.a(port.o)
                0x10002ba0                SVC_Handler
 .text.vPortEnterCritical
                0x10002bc4       0x40 /home/rhys/freeRTOS78000/build/FreeRTOS/librtos.a(port.o)
                0x10002bc4                vPortEnterCritical
 .text.vPortExitCritical
                0x10002c04       0x28 /home/rhys/freeRTOS78000/build/FreeRTOS/librtos.a(port.o)
                0x10002c04                vPortExitCritical
 *fill*         0x10002c2c        0x4 
 .text.PendSV_Handler
                0x10002c30       0x64 /home/rhys/freeRTOS78000/build/FreeRTOS/librtos.a(port.o)
                0x10002c30                PendSV_Handler
 .text.SysTick_Handler
                0x10002c94       0x2c /home/rhys/freeRTOS78000/build/FreeRTOS/librtos.a(port.o)
                0x10002c94                SysTick_Handler
 .text.vPortSetupTimerInterrupt
                0x10002cc0       0x18 /home/rhys/freeRTOS78000/build/FreeRTOS/librtos.a(port.o)
                0x10002cc0                vPortSetupTimerInterrupt
 .text.xPortStartScheduler
                0x10002cd8      0x104 /home/rhys/freeRTOS78000/build/FreeRTOS/librtos.a(port.o)
                0x10002cd8                xPortStartScheduler
 .text.prvInsertTimerInActiveList
                0x10002ddc       0x3c /home/rhys/freeRTOS78000/build/FreeRTOS/librtos.a(timers.o)
 .text.prvReloadTimer
                0x10002e18       0x26 /home/rhys/freeRTOS78000/build/FreeRTOS/librtos.a(timers.o)
 *fill*         0x10002e3e        0x2 
 .text.prvProcessExpiredTimer
                0x10002e40       0x40 /home/rhys/freeRTOS78000/build/FreeRTOS/librtos.a(timers.o)
 .text.prvSampleTimeNow
                0x10002e80       0x4c /home/rhys/freeRTOS78000/build/FreeRTOS/librtos.a(timers.o)
 .text.prvTimerTask
                0x10002ecc      0x164 /home/rhys/freeRTOS78000/build/FreeRTOS/librtos.a(timers.o)
 .text.prvCheckForValidListAndQueue
                0x10003030       0x68 /home/rhys/freeRTOS78000/build/FreeRTOS/librtos.a(timers.o)
 .text.xTimerCreateTimerTask
                0x10003098       0x64 /home/rhys/freeRTOS78000/build/FreeRTOS/librtos.a(timers.o)
                0x10003098                xTimerCreateTimerTask
 .text.prvInsertBlockIntoFreeList
                0x100030fc       0x4c /home/rhys/freeRTOS78000/build/FreeRTOS/librtos.a(heap_4.o)
 .text.pvPortMalloc
                0x10003148      0x128 /home/rhys/freeRTOS78000/build/FreeRTOS/librtos.a(heap_4.o)
                0x10003148                pvPortMalloc
 .text.vPortFree
                0x10003270       0x78 /home/rhys/freeRTOS78000/build/FreeRTOS/librtos.a(heap_4.o)
                0x10003270                vPortFree
 .text.xPortGetFreeHeapSize
                0x100032e8        0xc /home/rhys/freeRTOS78000/build/FreeRTOS/librtos.a(heap_4.o)
                0x100032e8                xPortGetFreeHeapSize
 .text.xPortGetMinimumEverFreeHeapSize
                0x100032f4        0xc /home/rhys/freeRTOS78000/build/FreeRTOS/librtos.a(heap_4.o)
                0x100032f4                xPortGetMinimumEverFreeHeapSize
 .text.vListInitialise
                0x10003300       0x16 /home/rhys/freeRTOS78000/build/FreeRTOS/librtos.a(list.o)
                0x10003300                vListInitialise
 .text.vListInitialiseItem
                0x10003316        0x6 /home/rhys/freeRTOS78000/build/FreeRTOS/librtos.a(list.o)
                0x10003316                vListInitialiseItem
 .text.vListInsert
                0x1000331c       0x2e /home/rhys/freeRTOS78000/build/FreeRTOS/librtos.a(list.o)
                0x1000331c                vListInsert
 .text.uxListRemove
                0x1000334a       0x20 /home/rhys/freeRTOS78000/build/FreeRTOS/librtos.a(list.o)
                0x1000334a                uxListRemove
 .text.prvIsQueueEmpty
                0x1000336a       0x16 /home/rhys/freeRTOS78000/build/FreeRTOS/librtos.a(queue.o)
 .text.prvCopyDataFromQueue
                0x10003380       0x2c /home/rhys/freeRTOS78000/build/FreeRTOS/librtos.a(queue.o)
 .text.prvUnlockQueue
                0x100033ac       0x6c /home/rhys/freeRTOS78000/build/FreeRTOS/librtos.a(queue.o)
 .text.xQueueGenericReset
                0x10003418       0x9a /home/rhys/freeRTOS78000/build/FreeRTOS/librtos.a(queue.o)
                0x10003418                xQueueGenericReset
 .text.xQueueGenericCreateStatic
                0x100034b2       0x72 /home/rhys/freeRTOS78000/build/FreeRTOS/librtos.a(queue.o)
                0x100034b2                xQueueGenericCreateStatic
 .text.xQueueReceive
                0x10003524      0x13c /home/rhys/freeRTOS78000/build/FreeRTOS/librtos.a(queue.o)
                0x10003524                xQueueReceive
 .text.vQueueAddToRegistry
                0x10003660       0x50 /home/rhys/freeRTOS78000/build/FreeRTOS/librtos.a(queue.o)
                0x10003660                vQueueAddToRegistry
 .text.vQueueWaitForMessageRestricted
                0x100036b0       0x46 /home/rhys/freeRTOS78000/build/FreeRTOS/librtos.a(queue.o)
                0x100036b0                vQueueWaitForMessageRestricted
 *fill*         0x100036f6        0xa 
 .text          0x10003700       0xd8 /usr/lib/gcc/arm-none-eabi/13.2.1/../../../arm-none-eabi/lib/thumb/v7e-m+fp/softfp/libc.a(libc_a-strlen.o)
                0x10003700                strlen
 .text          0x100037d8       0xa4 /usr/lib/gcc/arm-none-eabi/13.2.1/../../../arm-none-eabi/lib/thumb/v7e-m+fp/softfp/libc.a(libc_a-memset.o)
                0x100037d8                memset
 .text          0x1000387c        0xc /usr/lib/gcc/arm-none-eabi/13.2.1/../../../arm-none-eabi/lib/thumb/v7e-m+fp/softfp/libc.a(libc_a-errno.o)
                0x1000387c                __errno
 .text          0x10003888      0x554 /usr/lib/gcc/arm-none-eabi/13.2.1/../../../arm-none-eabi/lib/thumb/v7e-m+fp/softfp/libc.a(libc_a-mallocr.o)
                0x10003888                _malloc_r
 .text          0x10003ddc       0x18 /usr/lib/gcc/arm-none-eabi/13.2.1/../../../arm-none-eabi/lib/thumb/v7e-m+fp/softfp/libc.a(libc_a-putchar.o)
                0x10003ddc                _putchar_r
                0x10003de4                putchar
 *fill*         0x10003df4        0x4 
 .text          0x10003df8      0xfa8 /usr/lib/gcc/arm-none-eabi/13.2.1/../../../arm-none-eabi/lib/thumb/v7e-m+fp/softfp/libc.a(libc_a-dtoa.o)
                0x10003f24                _dtoa_r
 .text          0x10004da0      0x2b0 /usr/lib/gcc/arm-none-eabi/13.2.1/../../../arm-none-eabi/lib/thumb/v7e-m+fp/softfp/libc.a(libc_a-freer.o)
                0x10004da0                _malloc_trim_r
                0x10004e58                _free_r
 .text          0x10005050       0x20 /usr/lib/gcc/arm-none-eabi/13.2.1/../../../arm-none-eabi/lib/thumb/v7e-m+fp/softfp/libc.a(libc_a-malloc.o)
                0x10005050                malloc
                0x10005060                free
 .text          0x10005070      0x134 /usr/lib/gcc/arm-none-eabi/13.2.1/../../../arm-none-eabi/lib/thumb/v7e-m+fp/softfp/libc.a(libc_a-memcpy.o)
                0x10005070                memcpy
 .text          0x100051a4       0xa4 /usr/lib/gcc/arm-none-eabi/13.2.1/../../../arm-none-eabi/lib/thumb/v7e-m+fp/softfp/libc.a(libc_a-putc.o)
                0x100051a4                _putc_r
                0x100051f0                putc
 .text          0x10005248       0x1c /usr/lib/gcc/arm-none-eabi/13.2.1/../../../arm-none-eabi/lib/thumb/v7e-m+fp/softfp/libc.a(libc_a-sysconf.o)
                0x10005248                sysconf
 .text          0x10005264       0x50 /usr/lib/gcc/arm-none-eabi/13.2.1/../../../arm-none-eabi/lib/thumb/v7e-m+fp/softfp/libc.a(libc_a-init.o)
                0x10005264                __libc_init_array
 .text          0x100052b4       0xc4 /usr/lib/gcc/arm-none-eabi/13.2.1/../../../arm-none-eabi/lib/thumb/v7e-m+fp/softfp/libc.a(libc_a-wbuf.o)
                0x100052b4                __swbuf_r
                0x10005360                __swbuf
 .text          0x10005378        0x8 /usr/lib/gcc/arm-none-eabi/13.2.1/../../../arm-none-eabi/lib/thumb/v7e-m+fp/softfp/libc.a(libc_a-mlock.o)
                0x10005378                __malloc_lock
                0x1000537c                __malloc_unlock
 .text          0x10005380      0x224 /usr/lib/gcc/arm-none-eabi/13.2.1/../../../arm-none-eabi/lib/thumb/v7e-m+fp/softfp/libc.a(libc_a-findfp.o)
                0x100054b0                __sfp
                0x10005554                __sinit
                0x10005574                __sfp_lock_acquire
                0x10005578                __sfp_lock_release
                0x1000557c                __fp_lock_all
                0x10005590                __fp_unlock_all
 .text          0x100055a4       0x7c /usr/lib/gcc/arm-none-eabi/13.2.1/../../../arm-none-eabi/lib/thumb/v7e-m+fp/softfp/libc.a(libc_a-puts.o)
                0x100055a4                _puts_r
                0x10005610                puts
 .text          0x10005620      0x300 /usr/lib/gcc/arm-none-eabi/13.2.1/../../../arm-none-eabi/lib/thumb/v7e-m+fp/softfp/libc.a(libc_a-fvwrite.o)
                0x10005620                __sfvwrite_r
 .text          0x10005920        0xc /usr/lib/gcc/arm-none-eabi/13.2.1/../../../arm-none-eabi/lib/thumb/v7e-m+fp/softfp/libc.a(libc_a-atexit.o)
                0x10005920                atexit
 .text          0x1000592c       0x48 /usr/lib/gcc/arm-none-eabi/13.2.1/../../../arm-none-eabi/lib/thumb/v7e-m+fp/softfp/libc.a(libc_a-printf.o)
                0x1000592c                _printf_r
                0x1000594c                printf
 .text          0x10005974       0x24 /usr/lib/gcc/arm-none-eabi/13.2.1/../../../arm-none-eabi/lib/thumb/v7e-m+fp/softfp/libc.a(libc_a-sbrkr.o)
                0x10005974                _sbrk_r
 .text          0x10005998       0x28 /usr/lib/gcc/arm-none-eabi/13.2.1/../../../arm-none-eabi/lib/thumb/v7e-m+fp/softfp/libc.a(libc_a-fini.o)
                0x10005998                __libc_fini_array
 .text          0x100059c0       0x4c /usr/lib/gcc/arm-none-eabi/13.2.1/../../../arm-none-eabi/lib/thumb/v7e-m+fp/softfp/libc.a(libc_a-assert.o)
                0x100059c0                __assert_func
                0x10005a00                __assert
 .text          0x10005a0c      0xa94 /usr/lib/gcc/arm-none-eabi/13.2.1/../../../arm-none-eabi/lib/thumb/v7e-m+fp/softfp/libc.a(libc_a-mprec.o)
                0x10005a0c                _Balloc
                0x10005a58                _Bfree
                0x10005a6c                __multadd
                0x10005b0c                __s2b
                0x10005bc0                __hi0bits
                0x10005c04                __lo0bits
                0x10005c64                __i2b
                0x10005cc0                __multiply
                0x10005e2c                __pow5mult
                0x10005ee0                __lshift
                0x10005fd0                __mcmp
                0x10006014                __mdiff
                0x1000618c                __ulp
                0x100061d8                __b2d
                0x10006298                __d2b
                0x10006354                __ratio
                0x100063b0                _mprec_log10
                0x100063e8                __copybits
                0x10006444                __any_on
 .text          0x100064a0       0x44 /usr/lib/gcc/arm-none-eabi/13.2.1/../../../arm-none-eabi/lib/thumb/v7e-m+fp/softfp/libc.a(libc_a-fwalk.o)
                0x100064a0                _fwalk_sglue
 .text          0x100064e4       0x14 /usr/lib/gcc/arm-none-eabi/13.2.1/../../../arm-none-eabi/lib/thumb/v7e-m+fp/softfp/libc.a(libc_a-localeconv.o)
                0x100064e4                __localeconv_l
                0x100064e8                _localeconv_r
                0x100064f0                localeconv
 .text          0x100064f8     0x14b4 /usr/lib/gcc/arm-none-eabi/13.2.1/../../../arm-none-eabi/lib/thumb/v7e-m+fp/softfp/libc.a(libc_a-vfprintf.o)
                0x100064f8                _vfprintf_r
                0x10007924                vfprintf
 *fill*         0x100079ac        0x4 
 .text          0x100079b0       0xa0 /usr/lib/gcc/arm-none-eabi/13.2.1/../../../arm-none-eabi/lib/thumb/v7e-m+fp/softfp/libc.a(libc_a-memchr.o)
                0x100079b0                memchr
 .text          0x10007a50       0x40 /usr/lib/gcc/arm-none-eabi/13.2.1/../../../arm-none-eabi/lib/thumb/v7e-m+fp/softfp/libc.a(libc_a-mbtowc_r.o)
                0x10007a50                _mbtowc_r
                0x10007a64                __ascii_mbtowc
 .text          0x10007a90      0x1ac /usr/lib/gcc/arm-none-eabi/13.2.1/../../../arm-none-eabi/lib/thumb/v7e-m+fp/softfp/libc.a(libc_a-fflush.o)
                0x10007a90                __sflush_r
                0x10007bc8                _fflush_r
                0x10007bf4                fflush
 .text          0x10007c3c      0x100 /usr/lib/gcc/arm-none-eabi/13.2.1/../../../arm-none-eabi/lib/thumb/v7e-m+fp/softfp/libc.a(libc_a-memmove.o)
                0x10007c3c                memmove
 .text          0x10007d3c       0x10 /usr/lib/gcc/arm-none-eabi/13.2.1/../../../arm-none-eabi/lib/thumb/v7e-m+fp/softfp/libc.a(libc_a-abort.o)
                0x10007d3c                abort
 .text          0x10007d4c       0x6c /usr/lib/gcc/arm-none-eabi/13.2.1/../../../arm-none-eabi/lib/thumb/v7e-m+fp/softfp/libc.a(libc_a-callocr.o)
                0x10007d4c                _calloc_r
 .text          0x10007db8       0x44 /usr/lib/gcc/arm-none-eabi/13.2.1/../../../arm-none-eabi/lib/thumb/v7e-m+fp/softfp/libc.a(libc_a-fiprintf.o)
                0x10007db8                _fiprintf_r
                0x10007dd4                fiprintf
 .text          0x10007dfc       0xc4 /usr/lib/gcc/arm-none-eabi/13.2.1/../../../arm-none-eabi/lib/thumb/v7e-m+fp/softfp/libc.a(libc_a-wsetup.o)
                0x10007dfc                __swsetup_r
 .text          0x10007ec0       0x90 /usr/lib/gcc/arm-none-eabi/13.2.1/../../../arm-none-eabi/lib/thumb/v7e-m+fp/softfp/libc.a(libc_a-fclose.o)
                0x10007ec0                _fclose_r
                0x10007f40                fclose
 .text          0x10007f50       0x30 /usr/lib/gcc/arm-none-eabi/13.2.1/../../../arm-none-eabi/lib/thumb/v7e-m+fp/softfp/libc.a(libc_a-wctomb_r.o)
                0x10007f50                _wctomb_r
                0x10007f64                __ascii_wctomb
 .text.startup  0x10007f80       0x14 /usr/lib/gcc/arm-none-eabi/13.2.1/../../../arm-none-eabi/lib/thumb/v7e-m+fp/softfp/libc.a(libc_a-__call_atexit.o)
 .text          0x10007f94       0x94 /usr/lib/gcc/arm-none-eabi/13.2.1/../../../arm-none-eabi/lib/thumb/v7e-m+fp/softfp/libc.a(libc_a-stdio.o)
                0x10007f94                __sread
                0x10007fb8                __seofread
                0x10007fbc                __swrite
                0x10007ffc                __sseek
                0x10008020                __sclose
 .text          0x10008028       0x64 /usr/lib/gcc/arm-none-eabi/13.2.1/../../../arm-none-eabi/lib/thumb/v7e-m+fp/softfp/libc.a(libc_a-__atexit.o)
                0x10008028                __register_exitproc
 .text          0x1000808c      0x344 /usr/lib/gcc/arm-none-eabi/13.2.1/../../../arm-none-eabi/lib/thumb/v7e-m+fp/softfp/libc.a(libc_a-reallocr.o)
                0x1000808c                _realloc_r
 .text          0x100083d0       0x2c /usr/lib/gcc/arm-none-eabi/13.2.1/../../../arm-none-eabi/lib/thumb/v7e-m+fp/softfp/libc.a(libc_a-writer.o)
                0x100083d0                _write_r
 .text          0x100083fc       0x24 /usr/lib/gcc/arm-none-eabi/13.2.1/../../../arm-none-eabi/lib/thumb/v7e-m+fp/softfp/libc.a(libc_a-closer.o)
                0x100083fc                _close_r
 .text          0x10008420      0x280 /usr/lib/gcc/arm-none-eabi/13.2.1/../../../arm-none-eabi/lib/thumb/v7e-m+fp/softfp/libc.a(libc_a-signal.o)
                0x10008420                _init_signal_r
                0x10008450                _signal_r
                0x100084a0                _raise_r
                0x100084f4                __sigtramp_r
                0x10008558                raise
                0x100085b0                signal
                0x10008600                _init_signal
                0x10008638                __sigtramp
 .text          0x100086a0       0x20 /usr/lib/gcc/arm-none-eabi/13.2.1/../../../arm-none-eabi/lib/thumb/v7e-m+fp/softfp/libc.a(libc_a-sprint_r.o)
                0x100086a0                __sprint_r
 .text          0x100086c0      0x13c /usr/lib/gcc/arm-none-eabi/13.2.1/../../../arm-none-eabi/lib/thumb/v7e-m+fp/softfp/libc.a(libc_a-makebuf.o)
                0x100086c0                __smakebuf_r
                0x1000879c                __swhatbuf_r
 .text          0x100087fc       0x30 /usr/lib/gcc/arm-none-eabi/13.2.1/../../../arm-none-eabi/lib/thumb/v7e-m+fp/softfp/libc.a(libc_a-signalr.o)
                0x100087fc                _kill_r
                0x10008828                _getpid_r
 .text          0x1000882c      0xb44 /usr/lib/gcc/arm-none-eabi/13.2.1/../../../arm-none-eabi/lib/thumb/v7e-m+fp/softfp/libc.a(libc_a-vfiprintf.o)
                0x1000882c                _vfiprintf_r
                0x100092e8                vfiprintf
 .text          0x10009370       0x2c /usr/lib/gcc/arm-none-eabi/13.2.1/../../../arm-none-eabi/lib/thumb/v7e-m+fp/softfp/libc.a(libc_a-readr.o)
                0x10009370                _read_r
 .text          0x1000939c       0x2c /usr/lib/gcc/arm-none-eabi/13.2.1/../../../arm-none-eabi/lib/thumb/v7e-m+fp/softfp/libc.a(libc_a-lseekr.o)
                0x1000939c                _lseek_r
 .text          0x100093c8       0x2c /usr/lib/gcc/arm-none-eabi/13.2.1/../../../arm-none-eabi/lib/thumb/v7e-m+fp/softfp/libc.a(libc_a-fstatr.o)
                0x100093c8                _fstat_r
 .text          0x100093f4       0x24 /usr/lib/gcc/arm-none-eabi/13.2.1/../../../arm-none-eabi/lib/thumb/v7e-m+fp/softfp/libc.a(libc_a-isattyr.o)
                0x100093f4                _isatty_r
 .text          0x10009418        0x4 /usr/lib/gcc/arm-none-eabi/13.2.1/../../../arm-none-eabi/lib/thumb/v7e-m+fp/softfp/libnosys.a(_exit.o)
                0x10009418                _exit
 .text          0x1000941c      0x378 /usr/lib/gcc/arm-none-eabi/13.2.1/thumb/v7e-m+fp/softfp/libgcc.a(_arm_addsubdf3.o)
                0x1000941c                __aeabi_drsub
                0x10009424                __aeabi_dsub
                0x10009424                __subdf3
                0x10009428                __adddf3
                0x10009428                __aeabi_dadd
                0x100096a0                __aeabi_ui2d
                0x100096a0                __floatunsidf
                0x100096c0                __floatsidf
                0x100096c0                __aeabi_i2d
                0x100096e4                __extendsfdf2
                0x100096e4                __aeabi_f2d
                0x10009728                __aeabi_ul2d
                0x10009728                __floatundidf
                0x10009738                __floatdidf
                0x10009738                __aeabi_l2d
 .text          0x10009794      0x424 /usr/lib/gcc/arm-none-eabi/13.2.1/thumb/v7e-m+fp/softfp/libgcc.a(_arm_muldivdf3.o)
                0x10009794                __aeabi_dmul
                0x10009794                __muldf3
                0x100099e8                __aeabi_ddiv
                0x100099e8                __divdf3
 .text          0x10009bb8      0x110 /usr/lib/gcc/arm-none-eabi/13.2.1/thumb/v7e-m+fp/softfp/libgcc.a(_arm_cmpdf2.o)
                0x10009bb8                __gtdf2
                0x10009bb8                __gedf2
                0x10009bc0                __ltdf2
                0x10009bc0                __ledf2
                0x10009bc8                __cmpdf2
                0x10009bc8                __eqdf2
                0x10009bc8                __nedf2
                0x10009c44                __aeabi_cdrcmple
                0x10009c54                __aeabi_cdcmple
                0x10009c54                __aeabi_cdcmpeq
                0x10009c64                __aeabi_dcmpeq
                0x10009c78                __aeabi_dcmplt
                0x10009c8c                __aeabi_dcmple
                0x10009ca0                __aeabi_dcmpge
                0x10009cb4                __aeabi_dcmpgt
 .text          0x10009cc8       0x2c /usr/lib/gcc/arm-none-eabi/13.2.1/thumb/v7e-m+fp/softfp/libgcc.a(_arm_unorddf2.o)
                0x10009cc8                __aeabi_dcmpun
                0x10009cc8                __unorddf2
 .text          0x10009cf4       0x50 /usr/lib/gcc/arm-none-eabi/13.2.1/thumb/v7e-m+fp/softfp/libgcc.a(_arm_fixdfsi.o)
                0x10009cf4                __fixdfsi
                0x10009cf4                __aeabi_d2iz
 .text          0x10009d44       0x30 /usr/lib/gcc/arm-none-eabi/13.2.1/thumb/v7e-m+fp/softfp/libgcc.a(_aeabi_uldivmod.o)
                0x10009d44                __aeabi_uldivmod
 .text          0x10009d74      0x2bc /usr/lib/gcc/arm-none-eabi/13.2.1/thumb/v7e-m+fp/softfp/libgcc.a(_udivmoddi4.o)
                0x10009d74                __udivmoddi4
 .text          0x1000a030        0x4 /usr/lib/gcc/arm-none-eabi/13.2.1/thumb/v7e-m+fp/softfp/libgcc.a(_dvmd_tls.o)
                0x1000a030                __aeabi_ldiv0
                0x1000a030                __aeabi_idiv0
 *(.rodata*)
 .rodata.mxc_assert.str1.4
                0x1000a034      0x692 /home/rhys/freeRTOS78000/build/board.o
                                 0x19 (size before relaxing)
 .rodata.Board_Init.str1.4
                0x1000a6c6       0x11 /home/rhys/freeRTOS78000/build/board.o
 *fill*         0x1000a6c6        0x2 
 .rodata.num_leds
                0x1000a6c8        0x4 /home/rhys/freeRTOS78000/build/board.o
                0x1000a6c8                num_leds
 .rodata.led_pin
                0x1000a6cc       0x24 /home/rhys/freeRTOS78000/build/board.o
                0x1000a6cc                led_pin
 .rodata.num_pbs
                0x1000a6f0        0x4 /home/rhys/freeRTOS78000/build/board.o
                0x1000a6f0                num_pbs
 .rodata.pb_pin
                0x1000a6f4       0x18 /home/rhys/freeRTOS78000/build/board.o
                0x1000a6f4                pb_pin
 .rodata.vApplicationMallocFailedHook.str1.4
                0x1000a70c       0x40 /home/rhys/freeRTOS78000/build/FreeRTOS_hooks.o
 .rodata.vApplicationStackOverflowHook.str1.4
                0x1000a70c       0x42 /home/rhys/freeRTOS78000/build/FreeRTOS_hooks.o
 .rodata.vApplicationDaemonTaskStartupHook.str1.4
                0x1000a70c      0x232 /home/rhys/freeRTOS78000/build/FreeRTOS_hooks.o
 .rodata.LED_On.str1.4
                0x1000a70c       0x1b /home/rhys/freeRTOS78000/build/led.o
 .rodata.vTickTockTask.str1.4
                0x1000a70c       0x48 /home/rhys/freeRTOS78000/build/main.o
 .rodata.main.str1.4
                0x1000a70c       0x8f /home/rhys/freeRTOS78000/build/main.o
 .rodata.gpio_cfg_tmr5
                0x1000a70c        0xc /home/rhys/msdk/Libraries/PeriphDrivers/bin/MAX78000/spi-v1_softfp/libPeriphDriver_spi-v1_softfp.a(pins_ai85.o)
                0x1000a70c                gpio_cfg_tmr5
 .rodata.gpio_cfg_tmr4
                0x1000a718        0xc /home/rhys/msdk/Libraries/PeriphDrivers/bin/MAX78000/spi-v1_softfp/libPeriphDriver_spi-v1_softfp.a(pins_ai85.o)
                0x1000a718                gpio_cfg_tmr4
 .rodata.gpio_cfg_tmr3b
                0x1000a724        0xc /home/rhys/msdk/Libraries/PeriphDrivers/bin/MAX78000/spi-v1_softfp/libPeriphDriver_spi-v1_softfp.a(pins_ai85.o)
                0x1000a724                gpio_cfg_tmr3b
 .rodata.gpio_cfg_tmr2b
                0x1000a730        0xc /home/rhys/msdk/Libraries/PeriphDrivers/bin/MAX78000/spi-v1_softfp/libPeriphDriver_spi-v1_softfp.a(pins_ai85.o)
                0x1000a730                gpio_cfg_tmr2b
 .rodata.gpio_cfg_tmr1b
                0x1000a73c        0xc /home/rhys/msdk/Libraries/PeriphDrivers/bin/MAX78000/spi-v1_softfp/libPeriphDriver_spi-v1_softfp.a(pins_ai85.o)
                0x1000a73c                gpio_cfg_tmr1b
 .rodata.gpio_cfg_tmr0b
                0x1000a748        0xc /home/rhys/msdk/Libraries/PeriphDrivers/bin/MAX78000/spi-v1_softfp/libPeriphDriver_spi-v1_softfp.a(pins_ai85.o)
                0x1000a748                gpio_cfg_tmr0b
 .rodata.gpio_cfg_tmr3
                0x1000a754        0xc /home/rhys/msdk/Libraries/PeriphDrivers/bin/MAX78000/spi-v1_softfp/libPeriphDriver_spi-v1_softfp.a(pins_ai85.o)
                0x1000a754                gpio_cfg_tmr3
 .rodata.gpio_cfg_tmr2
                0x1000a760        0xc /home/rhys/msdk/Libraries/PeriphDrivers/bin/MAX78000/spi-v1_softfp/libPeriphDriver_spi-v1_softfp.a(pins_ai85.o)
                0x1000a760                gpio_cfg_tmr2
 .rodata.gpio_cfg_tmr1
                0x1000a76c        0xc /home/rhys/msdk/Libraries/PeriphDrivers/bin/MAX78000/spi-v1_softfp/libPeriphDriver_spi-v1_softfp.a(pins_ai85.o)
                0x1000a76c                gpio_cfg_tmr1
 .rodata.gpio_cfg_tmr0
                0x1000a778        0xc /home/rhys/msdk/Libraries/PeriphDrivers/bin/MAX78000/spi-v1_softfp/libPeriphDriver_spi-v1_softfp.a(pins_ai85.o)
                0x1000a778                gpio_cfg_tmr0
 .rodata.gpio_cfg_uart3
                0x1000a784        0xc /home/rhys/msdk/Libraries/PeriphDrivers/bin/MAX78000/spi-v1_softfp/libPeriphDriver_spi-v1_softfp.a(pins_ai85.o)
                0x1000a784                gpio_cfg_uart3
 .rodata.gpio_cfg_uart2
                0x1000a790        0xc /home/rhys/msdk/Libraries/PeriphDrivers/bin/MAX78000/spi-v1_softfp/libPeriphDriver_spi-v1_softfp.a(pins_ai85.o)
                0x1000a790                gpio_cfg_uart2
 .rodata.gpio_cfg_uart1
                0x1000a79c        0xc /home/rhys/msdk/Libraries/PeriphDrivers/bin/MAX78000/spi-v1_softfp/libPeriphDriver_spi-v1_softfp.a(pins_ai85.o)
                0x1000a79c                gpio_cfg_uart1
 .rodata.gpio_cfg_uart0
                0x1000a7a8        0xc /home/rhys/msdk/Libraries/PeriphDrivers/bin/MAX78000/spi-v1_softfp/libPeriphDriver_spi-v1_softfp.a(pins_ai85.o)
                0x1000a7a8                gpio_cfg_uart0
 .rodata.gpio_cfg_extclk
                0x1000a7b4        0xc /home/rhys/msdk/Libraries/PeriphDrivers/bin/MAX78000/spi-v1_softfp/libPeriphDriver_spi-v1_softfp.a(pins_ai85.o)
                0x1000a7b4                gpio_cfg_extclk
 .rodata.MXC_TMR_Init.str1.4
                0x1000a7c0       0x54 /home/rhys/msdk/Libraries/PeriphDrivers/bin/MAX78000/spi-v1_softfp/libPeriphDriver_spi-v1_softfp.a(tmr_ai85.o)
 .rodata.MXC_TMR_RevB_SetClockSourceFreq.str1.4
                0x1000a7c0       0x54 /home/rhys/msdk/Libraries/PeriphDrivers/bin/MAX78000/spi-v1_softfp/libPeriphDriver_spi-v1_softfp.a(tmr_revb.o)
 .rodata.MXC_UART_RevB_Init.str1.4
                0x1000a7c0       0x7b /home/rhys/msdk/Libraries/PeriphDrivers/bin/MAX78000/spi-v1_softfp/libPeriphDriver_spi-v1_softfp.a(uart_revb.o)
 .rodata.MXC_UART_RevB_SetClockSource.str1.4
                0x1000a7c0       0x27 /home/rhys/msdk/Libraries/PeriphDrivers/bin/MAX78000/spi-v1_softfp/libPeriphDriver_spi-v1_softfp.a(uart_revb.o)
 .rodata.MXC_GPIO_Common_Handler.str1.4
                0x1000a7c0       0x6a /home/rhys/msdk/Libraries/PeriphDrivers/bin/MAX78000/spi-v1_softfp/libPeriphDriver_spi-v1_softfp.a(gpio_common.o)
 .rodata.vTaskStartScheduler.str1.1
                0x1000a7c0       0x12 /home/rhys/freeRTOS78000/build/FreeRTOS/librtos.a(tasks.o)
                                  0x5 (size before relaxing)
 *fill*         0x1000a7d2        0x2 
 .rodata.uxTopUsedPriority
                0x1000a7d4        0x4 /home/rhys/freeRTOS78000/build/FreeRTOS/librtos.a(tasks.o)
                0x1000a7d4                uxTopUsedPriority
 .rodata.prvCheckForValidListAndQueue.str1.1
                0x1000a7d8        0x5 /home/rhys/freeRTOS78000/build/FreeRTOS/librtos.a(timers.o)
 .rodata.xTimerCreateTimerTask.str1.1
                0x1000a7d8        0x8 /home/rhys/freeRTOS78000/build/FreeRTOS/librtos.a(timers.o)
 .rodata.str1.4
                0x1000a7d8       0x54 /usr/lib/gcc/arm-none-eabi/13.2.1/../../../arm-none-eabi/lib/thumb/v7e-m+fp/softfp/libc.a(libc_a-dtoa.o)
 .rodata.str1.4
                0x1000a7d8        0x2 /usr/lib/gcc/arm-none-eabi/13.2.1/../../../arm-none-eabi/lib/thumb/v7e-m+fp/softfp/libc.a(libc_a-puts.o)
 .rodata.str1.4
                0x1000a7d8       0x43 /usr/lib/gcc/arm-none-eabi/13.2.1/../../../arm-none-eabi/lib/thumb/v7e-m+fp/softfp/libc.a(libc_a-assert.o)
 .rodata.str1.4
                0x1000a7d8       0x41 /usr/lib/gcc/arm-none-eabi/13.2.1/../../../arm-none-eabi/lib/thumb/v7e-m+fp/softfp/libc.a(libc_a-mprec.o)
 .rodata        0x1000a7d8      0x128 /usr/lib/gcc/arm-none-eabi/13.2.1/../../../arm-none-eabi/lib/thumb/v7e-m+fp/softfp/libc.a(libc_a-mprec.o)
                0x1000a7e8                __mprec_tens
                0x1000a8b0                __mprec_tinytens
                0x1000a8d8                __mprec_bigtens
 .rodata.str1.4
                0x1000a900       0x42 /usr/lib/gcc/arm-none-eabi/13.2.1/../../../arm-none-eabi/lib/thumb/v7e-m+fp/softfp/libc.a(libc_a-vfprintf.o)
 .rodata        0x1000a900       0x20 /usr/lib/gcc/arm-none-eabi/13.2.1/../../../arm-none-eabi/lib/thumb/v7e-m+fp/softfp/libc.a(libc_a-vfprintf.o)
 .rodata.str1.4
                0x1000a920       0x12 /usr/lib/gcc/arm-none-eabi/13.2.1/../../../arm-none-eabi/lib/thumb/v7e-m+fp/softfp/libc.a(libc_a-locale.o)
 .rodata        0x1000a920      0x101 /usr/lib/gcc/arm-none-eabi/13.2.1/../../../arm-none-eabi/lib/thumb/v7e-m+fp/softfp/libc.a(libc_a-ctype_.o)
                0x1000a920                _ctype_
 .rodata.str1.4
                0x1000aa21       0x2f /usr/lib/gcc/arm-none-eabi/13.2.1/../../../arm-none-eabi/lib/thumb/v7e-m+fp/softfp/libc.a(libc_a-vfiprintf.o)
 *fill*         0x1000aa21        0x3 
 .rodata        0x1000aa24       0x20 /usr/lib/gcc/arm-none-eabi/13.2.1/../../../arm-none-eabi/lib/thumb/v7e-m+fp/softfp/libc.a(libc_a-vfiprintf.o)
 *(.init)
 .init          0x1000aa44        0x4 /usr/lib/gcc/arm-none-eabi/13.2.1/thumb/v7e-m+fp/softfp/crti.o
                0x1000aa44                _init
 .init          0x1000aa48        0x8 /usr/lib/gcc/arm-none-eabi/13.2.1/thumb/v7e-m+fp/softfp/crtn.o
 *(.fini)
 .fini          0x1000aa50        0x4 /usr/lib/gcc/arm-none-eabi/13.2.1/thumb/v7e-m+fp/softfp/crti.o
                0x1000aa50                _fini
 .fini          0x1000aa54        0x8 /usr/lib/gcc/arm-none-eabi/13.2.1/thumb/v7e-m+fp/softfp/crtn.o
 *crtbegin.o(.ctors)
 *crtbegin?.o(.ctors)
 *(EXCLUDE_FILE(*crtend.o *crtend?.o) .ctors)
 *(SORT_BY_NAME(.ctors.*))
 *(.ctors)
 *crtbegin.o(.dtors)
 *crtbegin?.o(.dtors)
 *(EXCLUDE_FILE(*crtend.o *crtend?.o) .dtors)
 *(SORT_BY_NAME(.dtors.*))
 *(.dtors)
 *(.eh_frame*)
 .eh_frame      0x1000aa5c        0x0 /usr/lib/gcc/arm-none-eabi/13.2.1/thumb/v7e-m+fp/softfp/crtbegin.o
 .eh_frame      0x1000aa5c       0x34 /usr/lib/gcc/arm-none-eabi/13.2.1/../../../arm-none-eabi/lib/thumb/v7e-m+fp/softfp/libc.a(libc_a-strlen.o)
 .eh_frame      0x1000aa90       0x2c /usr/lib/gcc/arm-none-eabi/13.2.1/../../../arm-none-eabi/lib/thumb/v7e-m+fp/softfp/libc.a(libc_a-memcpy.o)
 .eh_frame      0x1000aabc       0x50 /usr/lib/gcc/arm-none-eabi/13.2.1/../../../arm-none-eabi/lib/thumb/v7e-m+fp/softfp/libc.a(libc_a-memchr.o)
 .eh_frame      0x1000ab0c        0x4 /usr/lib/gcc/arm-none-eabi/13.2.1/thumb/v7e-m+fp/softfp/crtend.o
                0x1000ab10                        _etext = .

.glue_7         0x1000ab10        0x0
 .glue_7        0x1000ab10        0x0 linker stubs

.glue_7t        0x1000ab10        0x0
 .glue_7t       0x1000ab10        0x0 linker stubs

.vfp11_veneer   0x1000ab10        0x0
 .vfp11_veneer  0x1000ab10        0x0 linker stubs

.v4_bx          0x1000ab10        0x0
 .v4_bx         0x1000ab10        0x0 linker stubs

.iplt           0x1000ab10        0x0
 .iplt          0x1000ab10        0x0 /usr/lib/gcc/arm-none-eabi/13.2.1/thumb/v7e-m+fp/softfp/crtbegin.o

.ARM.extab
 *(.ARM.extab* .gnu.linkonce.armextab.*)

.bin_storage    0x1000ab10     0x7154
 FILL mask 0xff
                0x1000ab10                        _bin_start_ = .
 *(.bin_storage_img)
 .bin_storage_img
                0x1000ab10      0x964 /home/rhys/freeRTOS78000/build/LiberationSans12x12.o
                0x1000ab10                Liberation_Sans12x12
 .bin_storage_img
                0x1000b474      0xc64 /home/rhys/freeRTOS78000/build/LiberationSans16x16.o
                0x1000b474                Liberation_Sans16x16
 .bin_storage_img
                0x1000c0d8     0x15c4 /home/rhys/freeRTOS78000/build/LiberationSans19x19.o
                0x1000c0d8                Liberation_Sans19x19
 .bin_storage_img
                0x1000d69c     0x1b64 /home/rhys/freeRTOS78000/build/LiberationSans24x24.o
                0x1000d69c                Liberation_Sans24x24
 .bin_storage_img
                0x1000f200     0x2a64 /home/rhys/freeRTOS78000/build/LiberationSans28x28.o
                0x1000f200                Liberation_Sans28x28
                0x10011c64                        _bin_end_ = .
                0x10011c64                        . = ALIGN (0x4)

.rom_code       0x00000000        0x0
                0x00000000                        . = ALIGN (0x10)
                0x20000000                        _sran_code = .
 *(.rom_code_section)
                0x20000000                        _esran_code = .

.flash_code     0x10011c64        0xc
                0x10011c70                        . = ALIGN (0x10)
 *fill*         0x10011c64        0xc 
                0x20000000                        _sran_code = .
 *(.flash_code_section)
                0x20000000                        _esran_code = .

.sram_code      0x20000000        0x0
                0x20000000                        . = ALIGN (0x10)
                0x20000000                        _sran_code = .
 *(.sram_code_section)
                0x20000000                        _esran_code = .

.ARM.exidx      0x10011c70        0x8
                0x10011c70                        __exidx_start = .
 *(.ARM.exidx* .gnu.linkonce.armexidx.*)
 .ARM.exidx     0x10011c70        0x8 /usr/lib/gcc/arm-none-eabi/13.2.1/../../../arm-none-eabi/lib/thumb/v7e-m+fp/softfp/libc.a(libc_a-strlen.o)
 .ARM.exidx     0x10011c78        0x0 /usr/lib/gcc/arm-none-eabi/13.2.1/../../../arm-none-eabi/lib/thumb/v7e-m+fp/softfp/libc.a(libc_a-memcpy.o)
                                  0x8 (size before relaxing)
 .ARM.exidx     0x10011c78        0x0 /usr/lib/gcc/arm-none-eabi/13.2.1/../../../arm-none-eabi/lib/thumb/v7e-m+fp/softfp/libc.a(libc_a-memchr.o)
                                  0x8 (size before relaxing)
 .ARM.exidx     0x10011c78        0x0 /usr/lib/gcc/arm-none-eabi/13.2.1/thumb/v7e-m+fp/softfp/libgcc.a(_udivmoddi4.o)
                                  0x8 (size before relaxing)
                0x10011c78                        __exidx_end = .

.rel.dyn        0x10011c78        0x0
 .rel.iplt      0x10011c78        0x0 /usr/lib/gcc/arm-none-eabi/13.2.1/thumb/v7e-m+fp/softfp/crtbegin.o

.data           0x20000000      0x72c load address 0x10011c78
                0x20000000                        _data = ALIGN (., 0x4)
 *(vtable)
 *(.data*)
 .data.ConsoleUart
                0x20000000        0x4 /home/rhys/freeRTOS78000/build/board.o
                0x20000000                ConsoleUart
 .data.disable_tickless
                0x20000004        0x4 /home/rhys/freeRTOS78000/build/main.o
                0x20000004                disable_tickless
 .data.overflows
                0x20000008        0x4 /home/rhys/msdk/Libraries/PeriphDrivers/bin/MAX78000/spi-v1_softfp/libPeriphDriver_spi-v1_softfp.a(mxc_delay.o)
 .data.states   0x2000000c       0x60 /home/rhys/msdk/Libraries/PeriphDrivers/bin/MAX78000/spi-v1_softfp/libPeriphDriver_spi-v1_softfp.a(uart_revb.o)
 .data.uxCriticalNesting
                0x2000006c        0x4 /home/rhys/freeRTOS78000/build/FreeRTOS/librtos.a(port.o)
 .data          0x20000070      0x128 /usr/lib/gcc/arm-none-eabi/13.2.1/../../../arm-none-eabi/lib/thumb/v7e-m+fp/softfp/libc.a(libc_a-impure.o)
                0x20000070                _impure_ptr
                0x20000078                _impure_data
 .data          0x20000198      0x410 /usr/lib/gcc/arm-none-eabi/13.2.1/../../../arm-none-eabi/lib/thumb/v7e-m+fp/softfp/libc.a(libc_a-mallocr.o)
                0x20000198                __malloc_av_
                0x200005a0                __malloc_sbrk_base
                0x200005a4                __malloc_trim_threshold
 .data          0x200005a8        0xc /usr/lib/gcc/arm-none-eabi/13.2.1/../../../arm-none-eabi/lib/thumb/v7e-m+fp/softfp/libc.a(libc_a-findfp.o)
                0x200005a8                __sglue
 .data          0x200005b4      0x16c /usr/lib/gcc/arm-none-eabi/13.2.1/../../../arm-none-eabi/lib/thumb/v7e-m+fp/softfp/libc.a(libc_a-locale.o)
                0x200005b4                __global_locale
 *(.flashprog*)
                0x20000720                        . = ALIGN (0x4)
                0x20000720                        PROVIDE (__preinit_array_start = .)
 *(.preinit_array)
                0x20000720                        PROVIDE (__preinit_array_end = .)
                0x20000720                        . = ALIGN (0x4)
                0x20000720                        PROVIDE (__init_array_start = .)
 *(SORT_BY_NAME(.init_array.*))
 .init_array.00000
                0x20000720        0x4 /usr/lib/gcc/arm-none-eabi/13.2.1/../../../arm-none-eabi/lib/thumb/v7e-m+fp/softfp/libc.a(libc_a-__call_atexit.o)
 *(.init_array)
 .init_array    0x20000724        0x4 /usr/lib/gcc/arm-none-eabi/13.2.1/thumb/v7e-m+fp/softfp/crtbegin.o
                0x20000728                        PROVIDE (__init_array_end = .)
                0x20000728                        . = ALIGN (0x4)
                0x20000728                        PROVIDE (__fini_array_start = .)
 *(SORT_BY_NAME(.fini_array.*))
 *(.fini_array)
 .fini_array    0x20000728        0x4 /usr/lib/gcc/arm-none-eabi/13.2.1/thumb/v7e-m+fp/softfp/crtbegin.o
                0x2000072c                        PROVIDE (__fini_array_end = .)
                0x2000072c                        _edata = ALIGN (., 0x4)
                0x10011c78                        __load_data = LOADADDR (.data)

.tm_clone_table
                0x2000072c        0x0 load address 0x100123a4
 .tm_clone_table
                0x2000072c        0x0 /usr/lib/gcc/arm-none-eabi/13.2.1/thumb/v7e-m+fp/softfp/crtbegin.o
 .tm_clone_table
                0x2000072c        0x0 /usr/lib/gcc/arm-none-eabi/13.2.1/thumb/v7e-m+fp/softfp/crtend.o

.igot.plt       0x2000072c        0x0 load address 0x100123a4
 .igot.plt      0x2000072c        0x0 /usr/lib/gcc/arm-none-eabi/13.2.1/thumb/v7e-m+fp/softfp/crtbegin.o

.bss            0x2000072c     0x788c load address 0x100123a4
                0x2000072c                        . = ALIGN (0x4)
                0x2000072c                        _bss = .
 *(.bss*)
 .bss           0x2000072c       0x1c /usr/lib/gcc/arm-none-eabi/13.2.1/thumb/v7e-m+fp/softfp/crtbegin.o
 .bss.uxTimerTaskStack
                0x20000748      0x400 /home/rhys/freeRTOS78000/build/FreeRTOS_hooks.o
 .bss.xTimerTaskTCB
                0x20000b48       0x68 /home/rhys/freeRTOS78000/build/FreeRTOS_hooks.o
 .bss.uxIdleTaskStack
                0x20000bb0      0x200 /home/rhys/freeRTOS78000/build/FreeRTOS_hooks.o
 .bss.xIdleTaskTCB
                0x20000db0       0x68 /home/rhys/freeRTOS78000/build/FreeRTOS_hooks.o
 .bss.ucHeap    0x20000e18     0x6800 /home/rhys/freeRTOS78000/build/FreeRTOS_hooks.o
                0x20000e18                ucHeap
 .bss.g_pb_polarity
                0x20007618        0x4 /home/rhys/freeRTOS78000/build/pb.o
 .bss.heap_end  0x2000761c        0x4 /home/rhys/freeRTOS78000/build/heap.o
 .bss.cbFunc    0x20007620        0x4 /home/rhys/msdk/Libraries/PeriphDrivers/bin/MAX78000/spi-v1_softfp/libPeriphDriver_spi-v1_softfp.a(mxc_delay.o)
 .bss.ctrl_save
                0x20007624        0x4 /home/rhys/msdk/Libraries/PeriphDrivers/bin/MAX78000/spi-v1_softfp/libPeriphDriver_spi-v1_softfp.a(mxc_delay.o)
 .bss.endtick   0x20007628        0x4 /home/rhys/msdk/Libraries/PeriphDrivers/bin/MAX78000/spi-v1_softfp/libPeriphDriver_spi-v1_softfp.a(mxc_delay.o)
 .bss.g_is_clock_locked
                0x2000762c        0x6 /home/rhys/msdk/Libraries/PeriphDrivers/bin/MAX78000/spi-v1_softfp/libPeriphDriver_spi-v1_softfp.a(tmr_revb.o)
 *fill*         0x20007632        0x2 
 .bss.tmr_clksrc
                0x20007634       0x30 /home/rhys/msdk/Libraries/PeriphDrivers/bin/MAX78000/spi-v1_softfp/libPeriphDriver_spi-v1_softfp.a(tmr_revb.o)
 .bss.g_is_clock_locked
                0x20007664        0x4 /home/rhys/msdk/Libraries/PeriphDrivers/bin/MAX78000/spi-v1_softfp/libPeriphDriver_spi-v1_softfp.a(uart_revb.o)
 .bss.cfg_lock  0x20007668        0x1 /home/rhys/msdk/Libraries/PeriphDrivers/bin/MAX78000/spi-v1_softfp/libPeriphDriver_spi-v1_softfp.a(gpio_common.o)
 .bss.initialized
                0x20007669        0x1 /home/rhys/msdk/Libraries/PeriphDrivers/bin/MAX78000/spi-v1_softfp/libPeriphDriver_spi-v1_softfp.a(gpio_common.o)
 *fill*         0x2000766a        0x2 
 .bss.cbparam   0x2000766c      0x200 /home/rhys/msdk/Libraries/PeriphDrivers/bin/MAX78000/spi-v1_softfp/libPeriphDriver_spi-v1_softfp.a(gpio_common.o)
 .bss.callback  0x2000786c      0x200 /home/rhys/msdk/Libraries/PeriphDrivers/bin/MAX78000/spi-v1_softfp/libPeriphDriver_spi-v1_softfp.a(gpio_common.o)
 .bss.uxSchedulerSuspended
                0x20007a6c        0x4 /home/rhys/freeRTOS78000/build/FreeRTOS/librtos.a(tasks.o)
 .bss.xNextTaskUnblockTime
                0x20007a70        0x4 /home/rhys/freeRTOS78000/build/FreeRTOS/librtos.a(tasks.o)
 .bss.uxTaskNumber
                0x20007a74        0x4 /home/rhys/freeRTOS78000/build/FreeRTOS/librtos.a(tasks.o)
 .bss.xNumOfOverflows
                0x20007a78        0x4 /home/rhys/freeRTOS78000/build/FreeRTOS/librtos.a(tasks.o)
 .bss.xYieldPending
                0x20007a7c        0x4 /home/rhys/freeRTOS78000/build/FreeRTOS/librtos.a(tasks.o)
 .bss.xPendedTicks
                0x20007a80        0x4 /home/rhys/freeRTOS78000/build/FreeRTOS/librtos.a(tasks.o)
 .bss.xSchedulerRunning
                0x20007a84        0x4 /home/rhys/freeRTOS78000/build/FreeRTOS/librtos.a(tasks.o)
 .bss.uxTopReadyPriority
                0x20007a88        0x4 /home/rhys/freeRTOS78000/build/FreeRTOS/librtos.a(tasks.o)
 .bss.xTickCount
                0x20007a8c        0x4 /home/rhys/freeRTOS78000/build/FreeRTOS/librtos.a(tasks.o)
 .bss.uxCurrentNumberOfTasks
                0x20007a90        0x4 /home/rhys/freeRTOS78000/build/FreeRTOS/librtos.a(tasks.o)
 .bss.xPendingReadyList
                0x20007a94       0x14 /home/rhys/freeRTOS78000/build/FreeRTOS/librtos.a(tasks.o)
 .bss.pxOverflowDelayedTaskList
                0x20007aa8        0x4 /home/rhys/freeRTOS78000/build/FreeRTOS/librtos.a(tasks.o)
 .bss.pxDelayedTaskList
                0x20007aac        0x4 /home/rhys/freeRTOS78000/build/FreeRTOS/librtos.a(tasks.o)
 .bss.xDelayedTaskList2
                0x20007ab0       0x14 /home/rhys/freeRTOS78000/build/FreeRTOS/librtos.a(tasks.o)
 .bss.xDelayedTaskList1
                0x20007ac4       0x14 /home/rhys/freeRTOS78000/build/FreeRTOS/librtos.a(tasks.o)
 .bss.pxReadyTasksLists
                0x20007ad8       0x64 /home/rhys/freeRTOS78000/build/FreeRTOS/librtos.a(tasks.o)
 .bss.pxCurrentTCB
                0x20007b3c        0x4 /home/rhys/freeRTOS78000/build/FreeRTOS/librtos.a(tasks.o)
                0x20007b3c                pxCurrentTCB
 .bss.ulMaxPRIGROUPValue
                0x20007b40        0x4 /home/rhys/freeRTOS78000/build/FreeRTOS/librtos.a(port.o)
 .bss.ucMaxSysCallPriority
                0x20007b44        0x1 /home/rhys/freeRTOS78000/build/FreeRTOS/librtos.a(port.o)
 *fill*         0x20007b45        0x3 
 .bss.xStaticTimerQueue.0
                0x20007b48       0x48 /home/rhys/freeRTOS78000/build/FreeRTOS/librtos.a(timers.o)
 .bss.ucStaticTimerQueueStorage.1
                0x20007b90       0x78 /home/rhys/freeRTOS78000/build/FreeRTOS/librtos.a(timers.o)
 .bss.xLastTime.2
                0x20007c08        0x4 /home/rhys/freeRTOS78000/build/FreeRTOS/librtos.a(timers.o)
 .bss.xTimerTaskHandle
                0x20007c0c        0x4 /home/rhys/freeRTOS78000/build/FreeRTOS/librtos.a(timers.o)
 .bss.xTimerQueue
                0x20007c10        0x4 /home/rhys/freeRTOS78000/build/FreeRTOS/librtos.a(timers.o)
 .bss.pxOverflowTimerList
                0x20007c14        0x4 /home/rhys/freeRTOS78000/build/FreeRTOS/librtos.a(timers.o)
 .bss.pxCurrentTimerList
                0x20007c18        0x4 /home/rhys/freeRTOS78000/build/FreeRTOS/librtos.a(timers.o)
 .bss.xActiveTimerList2
                0x20007c1c       0x14 /home/rhys/freeRTOS78000/build/FreeRTOS/librtos.a(timers.o)
 .bss.xActiveTimerList1
                0x20007c30       0x14 /home/rhys/freeRTOS78000/build/FreeRTOS/librtos.a(timers.o)
 .bss.xNumberOfSuccessfulFrees
                0x20007c44        0x4 /home/rhys/freeRTOS78000/build/FreeRTOS/librtos.a(heap_4.o)
 .bss.xNumberOfSuccessfulAllocations
                0x20007c48        0x4 /home/rhys/freeRTOS78000/build/FreeRTOS/librtos.a(heap_4.o)
 .bss.xMinimumEverFreeBytesRemaining
                0x20007c4c        0x4 /home/rhys/freeRTOS78000/build/FreeRTOS/librtos.a(heap_4.o)
 .bss.xFreeBytesRemaining
                0x20007c50        0x4 /home/rhys/freeRTOS78000/build/FreeRTOS/librtos.a(heap_4.o)
 .bss.pxEnd     0x20007c54        0x4 /home/rhys/freeRTOS78000/build/FreeRTOS/librtos.a(heap_4.o)
 .bss.xStart    0x20007c58        0x8 /home/rhys/freeRTOS78000/build/FreeRTOS/librtos.a(heap_4.o)
 .bss.xQueueRegistry
                0x20007c60       0x50 /home/rhys/freeRTOS78000/build/FreeRTOS/librtos.a(queue.o)
                0x20007c60                xQueueRegistry
 .bss           0x20007cb0       0x34 /usr/lib/gcc/arm-none-eabi/13.2.1/../../../arm-none-eabi/lib/thumb/v7e-m+fp/softfp/libc.a(libc_a-mallocr.o)
                0x20007cb0                __malloc_top_pad
                0x20007cb4                __malloc_current_mallinfo
                0x20007cdc                __malloc_max_sbrked_mem
                0x20007ce0                __malloc_max_total_mem
 .bss           0x20007ce4      0x13c /usr/lib/gcc/arm-none-eabi/13.2.1/../../../arm-none-eabi/lib/thumb/v7e-m+fp/softfp/libc.a(libc_a-findfp.o)
                0x20007ce4                __sf
                0x20007e1c                __stdio_exit_handler
 .bss           0x20007e20        0x4 /usr/lib/gcc/arm-none-eabi/13.2.1/../../../arm-none-eabi/lib/thumb/v7e-m+fp/softfp/libc.a(libc_a-__call_atexit.o)
                0x20007e20                __atexit
 .bss           0x20007e24        0x4 /usr/lib/gcc/arm-none-eabi/13.2.1/../../../arm-none-eabi/lib/thumb/v7e-m+fp/softfp/libc.a(libc_a-reent.o)
                0x20007e24                errno
 .bss           0x20007e28      0x190 /usr/lib/gcc/arm-none-eabi/13.2.1/../../../arm-none-eabi/lib/thumb/v7e-m+fp/softfp/libc.a(libc_a-__atexit.o)
                0x20007e28                __atexit0
 *(COMMON)
                0x20007fb8                        _ebss = ALIGN (., 0x4)

.shared         0x20007fb8        0x4 load address 0x100123a4
                0x20007fb8                        . = ALIGN (0x4)
                0x20007fb8                        _shared = .
 *(.mailbox*)
                0x20007fb8                        . = ALIGN (0x4)
 *(.shared*)
 .shared        0x20007fb8        0x4 /home/rhys/freeRTOS78000/build/system_max78000.o
                0x20007fb8                SystemCoreClock
                0x20007fbc                        _eshared = ALIGN (., 0x4)
                0x100123a4                        __shared_data = LOADADDR (.shared)
                0x20020000                        __StackTop = (ORIGIN (SRAM) + LENGTH (SRAM))
                0x2001f000                        __StackLimit = (__StackTop - SIZEOF (.stack_dummy))

.stack_dummy    0x20007fc0     0x1000 load address 0x100123a8
 *(.stack*)
 .stack         0x20007fc0     0x1000 /home/rhys/freeRTOS78000/build/startup_max78000.o

.heap           0x20007fc0      0xc00 load address 0x100123a8
                0x20007fc0                        . = ALIGN (0x4)
 *(.heap*)
 .heap          0x20007fc0      0xc00 /home/rhys/freeRTOS78000/build/startup_max78000.o
                0x20007fc0                __HeapBase
                0x2001f000                        __HeapLimit = ABSOLUTE (__StackLimit)
                0x20020000                        PROVIDE (__stack = __StackTop)
                0x00000001                        ASSERT ((__StackLimit >= _ebss), region RAM overflowed with stack)

.riscv_flash    0x100123a8      0x158
                0x10012400                        . = ALIGN (0x100)
 *fill*         0x100123a8       0x58 
                0x10012500                        . = (. + 0x100)
 *fill*         0x10012400      0x100 
                0x10012500                        _riscv_boot = .
 *riscv.o(.text*)
OUTPUT(/home/rhys/freeRTOS78000/build/max78000.elf elf32-littlearm)
LOAD linker stubs

.ARM.attributes
                0x00000000       0x2e
 .ARM.attributes
                0x00000000       0x22 /usr/lib/gcc/arm-none-eabi/13.2.1/thumb/v7e-m+fp/softfp/crti.o
 .ARM.attributes
                0x00000022       0x32 /usr/lib/gcc/arm-none-eabi/13.2.1/thumb/v7e-m+fp/softfp/crtbegin.o
 .ARM.attributes
                0x00000054       0x32 /home/rhys/freeRTOS78000/build/board.o
 .ARM.attributes
                0x00000086       0x32 /home/rhys/freeRTOS78000/build/FreeRTOS_hooks.o
 .ARM.attributes
                0x000000b8       0x32 /home/rhys/freeRTOS78000/build/led.o
 .ARM.attributes
                0x000000ea       0x32 /home/rhys/freeRTOS78000/build/LiberationSans12x12.o
 .ARM.attributes
                0x0000011c       0x32 /home/rhys/freeRTOS78000/build/LiberationSans16x16.o
 .ARM.attributes
                0x0000014e       0x32 /home/rhys/freeRTOS78000/build/LiberationSans19x19.o
 .ARM.attributes
                0x00000180       0x32 /home/rhys/freeRTOS78000/build/LiberationSans24x24.o
 .ARM.attributes
                0x000001b2       0x32 /home/rhys/freeRTOS78000/build/LiberationSans28x28.o
 .ARM.attributes
                0x000001e4       0x32 /home/rhys/freeRTOS78000/build/main.o
 .ARM.attributes
                0x00000216       0x32 /home/rhys/freeRTOS78000/build/pb.o
 .ARM.attributes
                0x00000248       0x32 /home/rhys/freeRTOS78000/build/stdio.o
 .ARM.attributes
                0x0000027a       0x1b /home/rhys/freeRTOS78000/build/startup_max78000.o
 .ARM.attributes
                0x00000295       0x32 /home/rhys/freeRTOS78000/build/heap.o
 .ARM.attributes
                0x000002c7       0x32 /home/rhys/freeRTOS78000/build/system_max78000.o
 .ARM.attributes
                0x000002f9       0x32 /home/rhys/msdk/Libraries/PeriphDrivers/bin/MAX78000/spi-v1_softfp/libPeriphDriver_spi-v1_softfp.a(mxc_delay.o)
 .ARM.attributes
                0x0000032b       0x32 /home/rhys/msdk/Libraries/PeriphDrivers/bin/MAX78000/spi-v1_softfp/libPeriphDriver_spi-v1_softfp.a(pins_ai85.o)
 .ARM.attributes
                0x0000035d       0x32 /home/rhys/msdk/Libraries/PeriphDrivers/bin/MAX78000/spi-v1_softfp/libPeriphDriver_spi-v1_softfp.a(sys_ai85.o)
 .ARM.attributes
                0x0000038f       0x32 /home/rhys/msdk/Libraries/PeriphDrivers/bin/MAX78000/spi-v1_softfp/libPeriphDriver_spi-v1_softfp.a(gpio_ai85.o)
 .ARM.attributes
                0x000003c1       0x32 /home/rhys/msdk/Libraries/PeriphDrivers/bin/MAX78000/spi-v1_softfp/libPeriphDriver_spi-v1_softfp.a(gpio_reva.o)
 .ARM.attributes
                0x000003f3       0x32 /home/rhys/msdk/Libraries/PeriphDrivers/bin/MAX78000/spi-v1_softfp/libPeriphDriver_spi-v1_softfp.a(icc_me17.o)
 .ARM.attributes
                0x00000425       0x32 /home/rhys/msdk/Libraries/PeriphDrivers/bin/MAX78000/spi-v1_softfp/libPeriphDriver_spi-v1_softfp.a(icc_reva.o)
 .ARM.attributes
                0x00000457       0x32 /home/rhys/msdk/Libraries/PeriphDrivers/bin/MAX78000/spi-v1_softfp/libPeriphDriver_spi-v1_softfp.a(trng_ai85.o)
 .ARM.attributes
                0x00000489       0x32 /home/rhys/msdk/Libraries/PeriphDrivers/bin/MAX78000/spi-v1_softfp/libPeriphDriver_spi-v1_softfp.a(trng_revb.o)
 .ARM.attributes
                0x000004bb       0x32 /home/rhys/msdk/Libraries/PeriphDrivers/bin/MAX78000/spi-v1_softfp/libPeriphDriver_spi-v1_softfp.a(tmr_ai85.o)
 .ARM.attributes
                0x000004ed       0x32 /home/rhys/msdk/Libraries/PeriphDrivers/bin/MAX78000/spi-v1_softfp/libPeriphDriver_spi-v1_softfp.a(tmr_revb.o)
 .ARM.attributes
                0x0000051f       0x32 /home/rhys/msdk/Libraries/PeriphDrivers/bin/MAX78000/spi-v1_softfp/libPeriphDriver_spi-v1_softfp.a(uart_ai85.o)
 .ARM.attributes
                0x00000551       0x32 /home/rhys/msdk/Libraries/PeriphDrivers/bin/MAX78000/spi-v1_softfp/libPeriphDriver_spi-v1_softfp.a(uart_common.o)
 .ARM.attributes
                0x00000583       0x32 /home/rhys/msdk/Libraries/PeriphDrivers/bin/MAX78000/spi-v1_softfp/libPeriphDriver_spi-v1_softfp.a(uart_revb.o)
 .ARM.attributes
                0x000005b5       0x32 /home/rhys/msdk/Libraries/PeriphDrivers/bin/MAX78000/spi-v1_softfp/libPeriphDriver_spi-v1_softfp.a(gpio_common.o)
 .ARM.attributes
                0x000005e7       0x32 /home/rhys/freeRTOS78000/build/FreeRTOS/librtos.a(tasks.o)
 .ARM.attributes
                0x00000619       0x32 /home/rhys/freeRTOS78000/build/FreeRTOS/librtos.a(port.o)
 .ARM.attributes
                0x0000064b       0x32 /home/rhys/freeRTOS78000/build/FreeRTOS/librtos.a(timers.o)
 .ARM.attributes
                0x0000067d       0x32 /home/rhys/freeRTOS78000/build/FreeRTOS/librtos.a(heap_4.o)
 .ARM.attributes
                0x000006af       0x32 /home/rhys/freeRTOS78000/build/FreeRTOS/librtos.a(list.o)
 .ARM.attributes
                0x000006e1       0x32 /home/rhys/freeRTOS78000/build/FreeRTOS/librtos.a(queue.o)
 .ARM.attributes
                0x00000713       0x1c /usr/lib/gcc/arm-none-eabi/13.2.1/../../../arm-none-eabi/lib/thumb/v7e-m+fp/softfp/libc.a(libc_a-strlen.o)
 .ARM.attributes
                0x0000072f       0x32 /usr/lib/gcc/arm-none-eabi/13.2.1/../../../arm-none-eabi/lib/thumb/v7e-m+fp/softfp/libc.a(libc_a-memset.o)
 .ARM.attributes
                0x00000761       0x32 /usr/lib/gcc/arm-none-eabi/13.2.1/../../../arm-none-eabi/lib/thumb/v7e-m+fp/softfp/libc.a(libc_a-errno.o)
 .ARM.attributes
                0x00000793       0x32 /usr/lib/gcc/arm-none-eabi/13.2.1/../../../arm-none-eabi/lib/thumb/v7e-m+fp/softfp/libc.a(libc_a-impure.o)
 .ARM.attributes
                0x000007c5       0x32 /usr/lib/gcc/arm-none-eabi/13.2.1/../../../arm-none-eabi/lib/thumb/v7e-m+fp/softfp/libc.a(libc_a-mallocr.o)
 .ARM.attributes
                0x000007f7       0x32 /usr/lib/gcc/arm-none-eabi/13.2.1/../../../arm-none-eabi/lib/thumb/v7e-m+fp/softfp/libc.a(libc_a-putchar.o)
 .ARM.attributes
                0x00000829       0x32 /usr/lib/gcc/arm-none-eabi/13.2.1/../../../arm-none-eabi/lib/thumb/v7e-m+fp/softfp/libc.a(libc_a-dtoa.o)
 .ARM.attributes
                0x0000085b       0x32 /usr/lib/gcc/arm-none-eabi/13.2.1/../../../arm-none-eabi/lib/thumb/v7e-m+fp/softfp/libc.a(libc_a-freer.o)
 .ARM.attributes
                0x0000088d       0x32 /usr/lib/gcc/arm-none-eabi/13.2.1/../../../arm-none-eabi/lib/thumb/v7e-m+fp/softfp/libc.a(libc_a-malloc.o)
 .ARM.attributes
                0x000008bf       0x20 /usr/lib/gcc/arm-none-eabi/13.2.1/../../../arm-none-eabi/lib/thumb/v7e-m+fp/softfp/libc.a(libc_a-memcpy.o)
 .ARM.attributes
                0x000008df       0x32 /usr/lib/gcc/arm-none-eabi/13.2.1/../../../arm-none-eabi/lib/thumb/v7e-m+fp/softfp/libc.a(libc_a-putc.o)
 .ARM.attributes
                0x00000911       0x32 /usr/lib/gcc/arm-none-eabi/13.2.1/../../../arm-none-eabi/lib/thumb/v7e-m+fp/softfp/libc.a(libc_a-sysconf.o)
 .ARM.attributes
                0x00000943       0x32 /usr/lib/gcc/arm-none-eabi/13.2.1/../../../arm-none-eabi/lib/thumb/v7e-m+fp/softfp/libc.a(libc_a-init.o)
 .ARM.attributes
                0x00000975       0x32 /usr/lib/gcc/arm-none-eabi/13.2.1/../../../arm-none-eabi/lib/thumb/v7e-m+fp/softfp/libc.a(libc_a-wbuf.o)
 .ARM.attributes