Archive member included to satisfy reference by file (symbol)

/home/rhys/msdk/Libraries/PeriphDrivers/bin/MAX78000/spi-v1_softfp/libPeriphDriver_spi-v1_softfp.a(mxc_delay.o)
                              /home/rhys/freeRTOS78000/build/tft_ssd2119.o (MXC_Delay)
/home/rhys/msdk/Libraries/PeriphDrivers/bin/MAX78000/spi-v1_softfp/libPeriphDriver_spi-v1_softfp.a(nvic_table.o)
                              /home/rhys/freeRTOS78000/build/camera.o (MXC_NVIC_SetVector)
/home/rhys/msdk/Libraries/PeriphDrivers/bin/MAX78000/spi-v1_softfp/libPeriphDriver_spi-v1_softfp.a(pins_ai85.o)
                              /home/rhys/freeRTOS78000/build/camera.o (gpio_cfg_pcif_xclk)
/home/rhys/msdk/Libraries/PeriphDrivers/bin/MAX78000/spi-v1_softfp/libPeriphDriver_spi-v1_softfp.a(sys_ai85.o)
                              /home/rhys/freeRTOS78000/build/board.o (MXC_SYS_ClockEnable)
/home/rhys/msdk/Libraries/PeriphDrivers/bin/MAX78000/spi-v1_softfp/libPeriphDriver_spi-v1_softfp.a(aes_me17.o)
                              /home/rhys/msdk/Libraries/PeriphDrivers/bin/MAX78000/spi-v1_softfp/libPeriphDriver_spi-v1_softfp.a(sys_ai85.o) (MXC_AES_Init)
/home/rhys/msdk/Libraries/PeriphDrivers/bin/MAX78000/spi-v1_softfp/libPeriphDriver_spi-v1_softfp.a(aes_revb.o)
                              /home/rhys/msdk/Libraries/PeriphDrivers/bin/MAX78000/spi-v1_softfp/libPeriphDriver_spi-v1_softfp.a(aes_me17.o) (MXC_AES_RevB_IsBusy)
/home/rhys/msdk/Libraries/PeriphDrivers/bin/MAX78000/spi-v1_softfp/libPeriphDriver_spi-v1_softfp.a(cameraif_ai85.o)
                              /home/rhys/freeRTOS78000/build/camera.o (MXC_PCIF_Init)
/home/rhys/msdk/Libraries/PeriphDrivers/bin/MAX78000/spi-v1_softfp/libPeriphDriver_spi-v1_softfp.a(cameraif_reva.o)
                              /home/rhys/msdk/Libraries/PeriphDrivers/bin/MAX78000/spi-v1_softfp/libPeriphDriver_spi-v1_softfp.a(cameraif_ai85.o) (MXC_PCIF_RevA_SetDatawidth)
/home/rhys/msdk/Libraries/PeriphDrivers/bin/MAX78000/spi-v1_softfp/libPeriphDriver_spi-v1_softfp.a(dma_me17.o)
                              /home/rhys/msdk/Libraries/PeriphDrivers/bin/MAX78000/spi-v1_softfp/libPeriphDriver_spi-v1_softfp.a(aes_revb.o) (MXC_DMA_Init)
/home/rhys/msdk/Libraries/PeriphDrivers/bin/MAX78000/spi-v1_softfp/libPeriphDriver_spi-v1_softfp.a(dma_reva.o)
                              /home/rhys/msdk/Libraries/PeriphDrivers/bin/MAX78000/spi-v1_softfp/libPeriphDriver_spi-v1_softfp.a(dma_me17.o) (MXC_DMA_RevA_Init)
/home/rhys/msdk/Libraries/PeriphDrivers/bin/MAX78000/spi-v1_softfp/libPeriphDriver_spi-v1_softfp.a(flc_me17.o)
                              /home/rhys/msdk/Libraries/PeriphDrivers/bin/MAX78000/spi-v1_softfp/libPeriphDriver_spi-v1_softfp.a(sys_ai85.o) (MXC_FLC_UnlockInfoBlock)
/home/rhys/msdk/Libraries/PeriphDrivers/bin/MAX78000/spi-v1_softfp/libPeriphDriver_spi-v1_softfp.a(flc_reva.o)
                              /home/rhys/msdk/Libraries/PeriphDrivers/bin/MAX78000/spi-v1_softfp/libPeriphDriver_spi-v1_softfp.a(flc_me17.o) (MXC_FLC_RevA_Busy)
/home/rhys/msdk/Libraries/PeriphDrivers/bin/MAX78000/spi-v1_softfp/libPeriphDriver_spi-v1_softfp.a(gpio_ai85.o)
                              /home/rhys/freeRTOS78000/build/pb.o (MXC_GPIO_InGet)
/home/rhys/msdk/Libraries/PeriphDrivers/bin/MAX78000/spi-v1_softfp/libPeriphDriver_spi-v1_softfp.a(gpio_reva.o)
                              /home/rhys/msdk/Libraries/PeriphDrivers/bin/MAX78000/spi-v1_softfp/libPeriphDriver_spi-v1_softfp.a(gpio_ai85.o) (MXC_GPIO_RevA_InGet)
/home/rhys/msdk/Libraries/PeriphDrivers/bin/MAX78000/spi-v1_softfp/libPeriphDriver_spi-v1_softfp.a(icc_me17.o)
                              /home/rhys/freeRTOS78000/build/system_max78000.o (MXC_ICC_Enable)
/home/rhys/msdk/Libraries/PeriphDrivers/bin/MAX78000/spi-v1_softfp/libPeriphDriver_spi-v1_softfp.a(icc_reva.o)
                              /home/rhys/msdk/Libraries/PeriphDrivers/bin/MAX78000/spi-v1_softfp/libPeriphDriver_spi-v1_softfp.a(icc_me17.o) (MXC_ICC_RevA_ID)
/home/rhys/msdk/Libraries/PeriphDrivers/bin/MAX78000/spi-v1_softfp/libPeriphDriver_spi-v1_softfp.a(pt_ai85.o)
                              /home/rhys/freeRTOS78000/build/camera.o (MXC_PT_Init)
/home/rhys/msdk/Libraries/PeriphDrivers/bin/MAX78000/spi-v1_softfp/libPeriphDriver_spi-v1_softfp.a(pt_reva.o)
                              /home/rhys/msdk/Libraries/PeriphDrivers/bin/MAX78000/spi-v1_softfp/libPeriphDriver_spi-v1_softfp.a(pt_ai85.o) (MXC_PT_RevA_Init)
/home/rhys/msdk/Libraries/PeriphDrivers/bin/MAX78000/spi-v1_softfp/libPeriphDriver_spi-v1_softfp.a(spi_me17.o)
                              /home/rhys/freeRTOS78000/build/board.o (MXC_SPI_Init)
/home/rhys/msdk/Libraries/PeriphDrivers/bin/MAX78000/spi-v1_softfp/libPeriphDriver_spi-v1_softfp.a(spi_reva1.o)
                              /home/rhys/msdk/Libraries/PeriphDrivers/bin/MAX78000/spi-v1_softfp/libPeriphDriver_spi-v1_softfp.a(spi_me17.o) (MXC_SPI_RevA1_Init)
/home/rhys/msdk/Libraries/PeriphDrivers/bin/MAX78000/spi-v1_softfp/libPeriphDriver_spi-v1_softfp.a(trng_revb.o)
[...]
Memory Configuration

Name             Origin             Length             Attributes
ROM              0x00000000         0x00010000         xr
FLASH            0x10000000         0x00080000         xr
SRAM             0x20000000         0x00020000         xrw
*default*        0x00000000         0xffffffff

Linker script and memory map

LOAD /usr/lib/gcc/arm-none-eabi/13.2.1/thumb/v7e-m+fp/softfp/crti.o
LOAD /usr/lib/gcc/arm-none-eabi/13.2.1/thumb/v7e-m+fp/softfp/crtbegin.o
LOAD /usr/lib/gcc/arm-none-eabi/13.2.1/../../../arm-none-eabi/lib/thumb/v7e-m+fp/softfp/crt0.o
LOAD /home/rhys/freeRTOS78000/build/main.o
LOAD /home/rhys/freeRTOS78000/build/board.o
LOAD /home/rhys/freeRTOS78000/build/stdio.o
LOAD /home/rhys/freeRTOS78000/build/led.o
LOAD /home/rhys/freeRTOS78000/build/pb.o
LOAD /home/rhys/freeRTOS78000/build/tft_ssd2119.o
LOAD /home/rhys/freeRTOS78000/build/tsc2046.o
LOAD /home/rhys/freeRTOS78000/build/camera.o
LOAD /home/rhys/freeRTOS78000/build/ov7692.o
LOAD /home/rhys/freeRTOS78000/build/sccb.o
LOAD /home/rhys/freeRTOS78000/build/FreeRTOS_CLI.o
LOAD /home/rhys/freeRTOS78000/build/startup_max78000.o
LOAD /home/rhys/freeRTOS78000/build/heap.o
LOAD /home/rhys/freeRTOS78000/build/system_max78000.o
START GROUP
LOAD /home/rhys/msdk/Libraries/PeriphDrivers/bin/MAX78000/spi-v1_softfp/libPeriphDriver_spi-v1_softfp.a
LOAD /home/rhys/freeRTOS78000/build/FreeRTOS/librtos.a
LOAD /usr/lib/gcc/arm-none-eabi/13.2.1/../../../arm-none-eabi/lib/thumb/v7e-m+fp/softfp/libc.a
LOAD /usr/lib/gcc/arm-none-eabi/13.2.1/../../../arm-none-eabi/lib/thumb/v7e-m+fp/softfp/libm.a
LOAD /usr/lib/gcc/arm-none-eabi/13.2.1/../../../arm-none-eabi/lib/thumb/v7e-m+fp/softfp/libnosys.a
END GROUP
START GROUP
LOAD /usr/lib/gcc/arm-none-eabi/13.2.1/thumb/v7e-m+fp/softfp/libgcc.a
LOAD /usr/lib/gcc/arm-none-eabi/13.2.1/../../../arm-none-eabi/lib/thumb/v7e-m+fp/softfp/libc.a
END GROUP
LOAD /usr/lib/gcc/arm-none-eabi/13.2.1/thumb/v7e-m+fp/softfp/crtend.o
LOAD /usr/lib/gcc/arm-none-eabi/13.2.1/thumb/v7e-m+fp/softfp/crtn.o

.rom
 *(.rom_vector)
 *(.rom_handlers*)

.text           0x10000000     0x9ce0
                0x10000000                        _text = .
 *(.isr_vector)
 .isr_vector    0x10000000      0x1e0 /home/rhys/freeRTOS78000/build/startup_max78000.o
                0x10000000                __isr_vector
 EXCLUDE_FILE(*riscv.o) *(.text*)
 .text          0x100001e0       0x88 /usr/lib/gcc/arm-none-eabi/13.2.1/thumb/v7e-m+fp/softfp/crtbegin.o
 .text.vTickTockTask
                0x10000268       0x4c /home/rhys/freeRTOS78000/build/main.o
                0x10000268                vTickTockTask
 .text.main     0x100002b4       0x74 /home/rhys/freeRTOS78000/build/main.o
                0x100002b4                main
 .text.mxc_assert
                0x10000328       0x10 /home/rhys/freeRTOS78000/build/board.o
                0x10000328                mxc_assert
 .text.GPIO2_IRQHandler
                0x10000338        0xa /home/rhys/freeRTOS78000/build/board.o
                0x10000338                GPIO2_IRQHandler
 .text.GPIO0_IRQHandler
                0x10000342        0xa /home/rhys/freeRTOS78000/build/board.o
                0x10000342                GPIO0_IRQHandler
 .text.Console_Init
                0x1000034c       0x18 /home/rhys/freeRTOS78000/build/board.o
                0x1000034c                Console_Init
 .text.Board_Init
                0x10000364       0xdc /home/rhys/freeRTOS78000/build/board.o
                0x10000364                Board_Init
 .text.NMI_Handler
                0x10000440        0x4 /home/rhys/freeRTOS78000/build/board.o
                0x10000440                NMI_Handler
 .text._close   0x10000444        0x6 /home/rhys/freeRTOS78000/build/stdio.o
                0x10000444                _close
 .text._isatty  0x1000044a        0x6 /home/rhys/freeRTOS78000/build/stdio.o
                0x1000044a                _isatty
 .text._lseek   0x10000450        0x6 /home/rhys/freeRTOS78000/build/stdio.o
                0x10000450                _lseek
 .text._fstat   0x10000456        0x6 /home/rhys/freeRTOS78000/build/stdio.o
                0x10000456                _fstat
 .text._read    0x1000045c       0x50 /home/rhys/freeRTOS78000/build/stdio.o
                0x1000045c                _read
 .text._write   0x100004ac       0x44 /home/rhys/freeRTOS78000/build/stdio.o
                0x100004ac                _write
 .text.LED_Off  0x100004f0       0x40 /home/rhys/freeRTOS78000/build/led.o
                0x100004f0                LED_Off
 .text.LED_Init
                0x10000530       0x3c /home/rhys/freeRTOS78000/build/led.o
                0x10000530                LED_Init
 .text.PB_Init  0x1000056c       0x60 /home/rhys/freeRTOS78000/build/pb.o
                0x1000056c                PB_Init
 .text.MXC_TFT_PreInit
                0x100005cc       0x74 /home/rhys/freeRTOS78000/build/tft_ssd2119.o
                0x100005cc                MXC_TFT_PreInit
 .text.MXC_TS_PreInit
                0x10000640       0x70 /home/rhys/freeRTOS78000/build/tsc2046.o
                0x10000640                MXC_TS_PreInit
 .text          0x100006b0      0x148 /home/rhys/freeRTOS78000/build/startup_max78000.o
                0x100006b0                Reset_Handler
                0x100006ee                HardFault_Handler
                0x100006f0                MemManage_Handler
                0x100006f2                BusFault_Handler
                0x100006f4                UsageFault_Handler
                0x100006f8                DebugMon_Handler
                0x100006fe                Default_Handler
                0x10000700                PF_IRQHandler
                0x10000702                WDT0_IRQHandler
                0x10000704                RSV02_IRQHandler
                0x10000706                RTC_IRQHandler
                0x10000708                TRNG_IRQHandler
                0x1000070a                TMR0_IRQHandler
                0x1000070c                TMR1_IRQHandler
                0x1000070e                TMR2_IRQHandler
                0x10000710                TMR3_IRQHandler
                0x10000712                TMR4_IRQHandler
                0x10000714                TMR5_IRQHandler
                0x10000716                RSV11_IRQHandler
                0x10000718                RSV12_IRQHandler
                0x1000071a                I2C0_IRQHandler
                0x1000071c                UART0_IRQHandler
                0x1000071e                UART1_IRQHandler
                0x10000720                SPI1_IRQHandler
                0x10000722                RSV17_IRQHandler
                0x10000724                RSV18_IRQHandler
                0x10000726                RSV19_IRQHandler
                0x10000728                ADC_IRQHandler
                0x1000072a                RSV21_IRQHandler
                0x1000072c                RSV22_IRQHandler
                0x1000072e                FLC0_IRQHandler
                0x10000732                GPIO1_IRQHandler
                0x10000736                RSV27_IRQHandler
                0x10000738                DMA0_IRQHandler
                0x1000073a                DMA1_IRQHandler
                0x1000073c                DMA2_IRQHandler
                0x1000073e                DMA3_IRQHandler
                0x10000740                RSV32_IRQHandler
                0x10000742                RSV33_IRQHandler
                0x10000744                UART2_IRQHandler
                0x10000746                RSV35_IRQHandler
                0x10000748                I2C1_IRQHandler
                0x1000074a                RSV37_IRQHandler
                0x1000074c                RSV38_IRQHandler
                0x1000074e                RSV39_IRQHandler
                0x10000750                RSV40_IRQHandler
                0x10000752                RSV41_IRQHandler
                0x10000754                RSV42_IRQHandler
                0x10000756                RSV43_IRQHandler
                0x10000758                RSV44_IRQHandler
                0x1000075a                RSV45_IRQHandler
                0x1000075c                RSV46_IRQHandler
                0x1000075e                RSV47_IRQHandler
                0x10000760                RSV48_IRQHandler
                0x10000762                RSV49_IRQHandler
                0x10000764                RSV50_IRQHandler
                0x10000766                RSV51_IRQHandler
                0x10000768                RSV52_IRQHandler
                0x1000076a                WUT_IRQHandler
                0x1000076c                GPIOWAKE_IRQHandler
                0x1000076e                RSV55_IRQHandler
                0x10000770                SPI0_IRQHandler
                0x10000772                WDT1_IRQHandler
                0x10000774                RSV58_IRQHandler
                0x10000776                PT_IRQHandler
                0x10000778                RSV60_IRQHandler
                0x1000077a                RSV61_IRQHandler
                0x1000077c                I2C2_IRQHandler
                0x1000077e                RISCV_IRQHandler
                0x10000780                RSV64_IRQHandler
                0x10000782                RSV65_IRQHandler
                0x10000784                RSV66_IRQHandler
                0x10000786                OWM_IRQHandler
                0x10000788                RSV68_IRQHandler
                0x1000078a                RSV69_IRQHandler
                0x1000078c                RSV70_IRQHandler
                0x1000078e                RSV71_IRQHandler
                0x10000790                RSV72_IRQHandler
                0x10000792                RSV73_IRQHandler
                0x10000794                RSV74_IRQHandler
                0x10000796                RSV75_IRQHandler
                0x10000798                RSV76_IRQHandler
                0x1000079a                RSV77_IRQHandler
                0x1000079c                RSV78_IRQHandler
                0x1000079e                RSV79_IRQHandler
                0x100007a0                RSV80_IRQHandler
                0x100007a2                RSV81_IRQHandler
                0x100007a4                ECC_IRQHandler
                0x100007a6                DVS_IRQHandler
                0x100007a8                SIMO_IRQHandler
                0x100007aa                RSV85_IRQHandler
                0x100007ac                RSV86_IRQHandler
                0x100007ae                RSV87_IRQHandler
                0x100007b0                UART3_IRQHandler
                0x100007b2                RSV89_IRQHandler
                0x100007b4                RSV90_IRQHandler
                0x100007b6                PCIF_IRQHandler
                0x100007b8                RSV92_IRQHandler
                0x100007ba                RSV93_IRQHandler
                0x100007bc                RSV94_IRQHandler
                0x100007be                RSV95_IRQHandler
                0x100007c0                RSV96_IRQHandler
                0x100007c2                AES_IRQHandler
                0x100007c4                RSV98_IRQHandler
                0x100007c6                I2S_IRQHandler
                0x100007c8                CNN_FIFO_IRQHandler
                0x100007ca                CNN_IRQHandler
                0x100007cc                RSV102_IRQHandler
                0x100007ce                LPCMP_IRQHandler
 .text._sbrk    0x100007f8       0x40 /home/rhys/freeRTOS78000/build/heap.o
                0x100007f8                _sbrk
 .text._getpid  0x10000838        0x6 /home/rhys/freeRTOS78000/build/system_max78000.o
                0x10000838                _getpid
 .text._kill    0x1000083e        0x6 /home/rhys/freeRTOS78000/build/system_max78000.o
                0x1000083e                _kill
 .text.SystemCoreClockUpdate
                0x10000844       0x74 /home/rhys/freeRTOS78000/build/system_max78000.o
                0x10000844                SystemCoreClockUpdate
 .text.PreInit  0x100008b8        0x4 /home/rhys/freeRTOS78000/build/system_max78000.o
                0x100008b8                PreInit
 .text.PinInit  0x100008bc        0x2 /home/rhys/freeRTOS78000/build/system_max78000.o
                0x100008bc                PinInit
 *fill*         0x100008be        0x2 
 .text.SystemInit
                0x100008c0       0x3c /home/rhys/freeRTOS78000/build/system_max78000.o
                0x100008c0                SystemInit
 .text.MXC_DelayInit
                0x100008fc       0x84 /home/rhys/msdk/Libraries/PeriphDrivers/bin/MAX78000/spi-v1_softfp/libPeriphDriver_spi-v1_softfp.a(mxc_delay.o)
 .text.MXC_DelayAsync
                0x10000980       0x44 /home/rhys/msdk/Libraries/PeriphDrivers/bin/MAX78000/spi-v1_softfp/libPeriphDriver_spi-v1_softfp.a(mxc_delay.o)
                0x10000980                MXC_DelayAsync
 .text.MXC_DelayAbort
                0x100009c4       0x34 /home/rhys/msdk/Libraries/PeriphDrivers/bin/MAX78000/spi-v1_softfp/libPeriphDriver_spi-v1_softfp.a(mxc_delay.o)
                0x100009c4                MXC_DelayAbort
 .text.MXC_DelayCheck
                0x100009f8       0x64 /home/rhys/msdk/Libraries/PeriphDrivers/bin/MAX78000/spi-v1_softfp/libPeriphDriver_spi-v1_softfp.a(mxc_delay.o)
                0x100009f8                MXC_DelayCheck
 .text.MXC_SYS_ClockDisable
                0x10000a5c       0x44 /home/rhys/msdk/Libraries/PeriphDrivers/bin/MAX78000/spi-v1_softfp/libPeriphDriver_spi-v1_softfp.a(sys_ai85.o)
                0x10000a5c                MXC_SYS_ClockDisable
 .text.MXC_SYS_ClockEnable
                0x10000aa0       0x48 /home/rhys/msdk/Libraries/PeriphDrivers/bin/MAX78000/spi-v1_softfp/libPeriphDriver_spi-v1_softfp.a(sys_ai85.o)
                0x10000aa0                MXC_SYS_ClockEnable
 .text.MXC_SYS_Clock_Timeout
                0x10000ae8       0x30 /home/rhys/msdk/Libraries/PeriphDrivers/bin/MAX78000/spi-v1_softfp/libPeriphDriver_spi-v1_softfp.a(sys_ai85.o)
                0x10000ae8                MXC_SYS_Clock_Timeout
 .text.MXC_SYS_ClockSourceEnable
                0x10000b18       0x88 /home/rhys/msdk/Libraries/PeriphDrivers/bin/MAX78000/spi-v1_softfp/libPeriphDriver_spi-v1_softfp.a(sys_ai85.o)
                0x10000b18                MXC_SYS_ClockSourceEnable
 .text.MXC_SYS_Reset_Periph
                0x10000ba0       0x54 /home/rhys/msdk/Libraries/PeriphDrivers/bin/MAX78000/spi-v1_softfp/libPeriphDriver_spi-v1_softfp.a(sys_ai85.o)
                0x10000ba0                MXC_SYS_Reset_Periph
 .text.MXC_GPIO_Init
                0x10000bf4       0x36 /home/rhys/msdk/Libraries/PeriphDrivers/bin/MAX78000/spi-v1_softfp/libPeriphDriver_spi-v1_softfp.a(gpio_ai85.o)
                0x10000bf4                MXC_GPIO_Init
 *fill*         0x10000c2a        0x2 
 .text.MXC_GPIO_OutSet
                0x10000c2c       0x2c /home/rhys/msdk/Libraries/PeriphDrivers/bin/MAX78000/spi-v1_softfp/libPeriphDriver_spi-v1_softfp.a(gpio_ai85.o)
                0x10000c2c                MXC_GPIO_OutSet
 .text.MXC_GPIO_Handler
                0x10000c58        0x8 /home/rhys/msdk/Libraries/PeriphDrivers/bin/MAX78000/spi-v1_softfp/libPeriphDriver_spi-v1_softfp.a(gpio_ai85.o)
                0x10000c58                MXC_GPIO_Handler
 .text.MXC_GPIO_ClearFlags
                0x10000c60       0x1c /home/rhys/msdk/Libraries/PeriphDrivers/bin/MAX78000/spi-v1_softfp/libPeriphDriver_spi-v1_softfp.a(gpio_ai85.o)
                0x10000c60                MXC_GPIO_ClearFlags
 .text.MXC_GPIO_GetFlags
                0x10000c7c       0x1c /home/rhys/msdk/Libraries/PeriphDrivers/bin/MAX78000/spi-v1_softfp/libPeriphDriver_spi-v1_softfp.a(gpio_ai85.o)
                0x10000c7c                MXC_GPIO_GetFlags
 .text.MXC_GPIO_SetVSSEL
                0x10000c98       0x20 /home/rhys/msdk/Libraries/PeriphDrivers/bin/MAX78000/spi-v1_softfp/libPeriphDriver_spi-v1_softfp.a(gpio_ai85.o)
                0x10000c98                MXC_GPIO_SetVSSEL
 .text.MXC_GPIO_SetDriveStrength
                0x10000cb8        0x8 /home/rhys/msdk/Libraries/PeriphDrivers/bin/MAX78000/spi-v1_softfp/libPeriphDriver_spi-v1_softfp.a(gpio_ai85.o)
                0x10000cb8                MXC_GPIO_SetDriveStrength
 .text.MXC_GPIO_GetConfigLock
                0x10000cc0        0x8 /home/rhys/msdk/Libraries/PeriphDrivers/bin/MAX78000/spi-v1_softfp/libPeriphDriver_spi-v1_softfp.a(gpio_ai85.o)
                0x10000cc0                MXC_GPIO_GetConfigLock
 .text.MXC_GPIO_Config
                0x10000cc8      0x294 /home/rhys/msdk/Libraries/PeriphDrivers/bin/MAX78000/spi-v1_softfp/libPeriphDriver_spi-v1_softfp.a(gpio_ai85.o)
                0x10000cc8                MXC_GPIO_Config
 .text.MXC_GPIO_RevA_OutSet
                0x10000f5c        0x4 /home/rhys/msdk/Libraries/PeriphDrivers/bin/MAX78000/spi-v1_softfp/libPeriphDriver_spi-v1_softfp.a(gpio_reva.o)
                0x10000f5c                MXC_GPIO_RevA_OutSet
 .text.MXC_GPIO_RevA_ClearFlags
                0x10000f60        0x4 /home/rhys/msdk/Libraries/PeriphDrivers/bin/MAX78000/spi-v1_softfp/libPeriphDriver_spi-v1_softfp.a(gpio_reva.o)
                0x10000f60                MXC_GPIO_RevA_ClearFlags
 .text.MXC_GPIO_RevA_GetFlags
                0x10000f64        0x4 /home/rhys/msdk/Libraries/PeriphDrivers/bin/MAX78000/spi-v1_softfp/libPeriphDriver_spi-v1_softfp.a(gpio_reva.o)
                0x10000f64                MXC_GPIO_RevA_GetFlags
 .text.MXC_GPIO_RevA_SetVSSEL
                0x10000f68       0x3e /home/rhys/msdk/Libraries/PeriphDrivers/bin/MAX78000/spi-v1_softfp/libPeriphDriver_spi-v1_softfp.a(gpio_reva.o)
                0x10000f68                MXC_GPIO_RevA_SetVSSEL
 .text.MXC_GPIO_RevA_SetAF
                0x10000fa6       0x88 /home/rhys/msdk/Libraries/PeriphDrivers/bin/MAX78000/spi-v1_softfp/libPeriphDriver_spi-v1_softfp.a(gpio_reva.o)
                0x10000fa6                MXC_GPIO_RevA_SetAF
 .text.MXC_GPIO_RevA_SetDriveStrength
                0x1000102e       0x98 /home/rhys/msdk/Libraries/PeriphDrivers/bin/MAX78000/spi-v1_softfp/libPeriphDriver_spi-v1_softfp.a(gpio_reva.o)
                0x1000102e                MXC_GPIO_RevA_SetDriveStrength
 .text.MXC_ICC_Enable
                0x100010c6        0x8 /home/rhys/msdk/Libraries/PeriphDrivers/bin/MAX78000/spi-v1_softfp/libPeriphDriver_spi-v1_softfp.a(icc_me17.o)
                0x100010c6                MXC_ICC_Enable
 .text.MXC_ICC_Ready
                0x100010ce        0xa /home/rhys/msdk/Libraries/PeriphDrivers/bin/MAX78000/spi-v1_softfp/libPeriphDriver_spi-v1_softfp.a(icc_reva.o)
 .text.MXC_ICC_RevA_Enable
                0x100010d8       0x38 /home/rhys/msdk/Libraries/PeriphDrivers/bin/MAX78000/spi-v1_softfp/libPeriphDriver_spi-v1_softfp.a(icc_reva.o)
                0x100010d8                MXC_ICC_RevA_Enable
 .text.MXC_UART_Shutdown
                0x10001110       0x70 /home/rhys/msdk/Libraries/PeriphDrivers/bin/MAX78000/spi-v1_softfp/libPeriphDriver_spi-v1_softfp.a(uart_ai85.o)
                0x10001110                MXC_UART_Shutdown
 .text.MXC_UART_SetFrequency
                0x10001180       0xa4 /home/rhys/msdk/Libraries/PeriphDrivers/bin/MAX78000/spi-v1_softfp/libPeriphDriver_spi-v1_softfp.a(uart_ai85.o)
                0x10001180                MXC_UART_SetFrequency
 .text.MXC_UART_SetDataSize
                0x10001224        0x8 /home/rhys/msdk/Libraries/PeriphDrivers/bin/MAX78000/spi-v1_softfp/libPeriphDriver_spi-v1_softfp.a(uart_ai85.o)
                0x10001224                MXC_UART_SetDataSize
 .text.MXC_UART_SetStopBits
                0x1000122c        0x8 /home/rhys/msdk/Libraries/PeriphDrivers/bin/MAX78000/spi-v1_softfp/libPeriphDriver_spi-v1_softfp.a(uart_ai85.o)
                0x1000122c                MXC_UART_SetStopBits
 .text.MXC_UART_SetParity
                0x10001234        0x8 /home/rhys/msdk/Libraries/PeriphDrivers/bin/MAX78000/spi-v1_softfp/libPeriphDriver_spi-v1_softfp.a(uart_ai85.o)
                0x10001234                MXC_UART_SetParity
 .text.MXC_UART_SetClockSource
                0x1000123c       0x6c /home/rhys/msdk/Libraries/PeriphDrivers/bin/MAX78000/spi-v1_softfp/libPeriphDriver_spi-v1_softfp.a(uart_ai85.o)
                0x1000123c                MXC_UART_SetClockSource
 .text.MXC_UART_GetClockSource
                0x100012a8       0x50 /home/rhys/msdk/Libraries/PeriphDrivers/bin/MAX78000/spi-v1_softfp/libPeriphDriver_spi-v1_softfp.a(uart_ai85.o)
                0x100012a8                MXC_UART_GetClockSource
 .text.MXC_UART_Init
                0x100012f8       0xa8 /home/rhys/msdk/Libraries/PeriphDrivers/bin/MAX78000/spi-v1_softfp/libPeriphDriver_spi-v1_softfp.a(uart_ai85.o)
                0x100012f8                MXC_UART_Init
 .text.MXC_UART_ReadCharacterRaw
                0x100013a0        0x8 /home/rhys/msdk/Libraries/PeriphDrivers/bin/MAX78000/spi-v1_softfp/libPeriphDriver_spi-v1_softfp.a(uart_ai85.o)
                0x100013a0                MXC_UART_ReadCharacterRaw
 .text.MXC_UART_WriteCharacterRaw
                0x100013a8        0x8 /home/rhys/msdk/Libraries/PeriphDrivers/bin/MAX78000/spi-v1_softfp/libPeriphDriver_spi-v1_softfp.a(uart_ai85.o)
                0x100013a8                MXC_UART_WriteCharacterRaw
 .text.MXC_UART_ReadCharacter
                0x100013b0        0x8 /home/rhys/msdk/Libraries/PeriphDrivers/bin/MAX78000/spi-v1_softfp/libPeriphDriver_spi-v1_softfp.a(uart_ai85.o)
                0x100013b0                MXC_UART_ReadCharacter
 .text.MXC_UART_WriteCharacter
                0x100013b8        0x8 /home/rhys/msdk/Libraries/PeriphDrivers/bin/MAX78000/spi-v1_softfp/libPeriphDriver_spi-v1_softfp.a(uart_ai85.o)
                0x100013b8                MXC_UART_WriteCharacter
 .text.MXC_UART_GetRXFIFOAvailable
                0x100013c0        0x8 /home/rhys/msdk/Libraries/PeriphDrivers/bin/MAX78000/spi-v1_softfp/libPeriphDriver_spi-v1_softfp.a(uart_ai85.o)
                0x100013c0                MXC_UART_GetRXFIFOAvailable
 .text.MXC_UART_GetTXFIFOAvailable
                0x100013c8        0x8 /home/rhys/msdk/Libraries/PeriphDrivers/bin/MAX78000/spi-v1_softfp/libPeriphDriver_spi-v1_softfp.a(uart_ai85.o)
                0x100013c8                MXC_UART_GetTXFIFOAvailable
 .text.MXC_UART_SetRXThreshold
                0x100013d0        0x8 /home/rhys/msdk/Libraries/PeriphDrivers/bin/MAX78000/spi-v1_softfp/libPeriphDriver_spi-v1_softfp.a(uart_ai85.o)
                0x100013d0                MXC_UART_SetRXThreshold
 .text.MXC_UART_Common_ReadCharacter
                0x100013d8       0x16 /home/rhys/msdk/Libraries/PeriphDrivers/bin/MAX78000/spi-v1_softfp/libPeriphDriver_spi-v1_softfp.a(uart_common.o)
                0x100013d8                MXC_UART_Common_ReadCharacter
 .text.MXC_UART_Common_WriteCharacter
                0x100013ee       0x1a /home/rhys/msdk/Libraries/PeriphDrivers/bin/MAX78000/spi-v1_softfp/libPeriphDriver_spi-v1_softfp.a(uart_common.o)
                0x100013ee                MXC_UART_Common_WriteCharacter
 .text.MXC_UART_RevB_Init
                0x10001408       0xe0 /home/rhys/msdk/Libraries/PeriphDrivers/bin/MAX78000/spi-v1_softfp/libPeriphDriver_spi-v1_softfp.a(uart_revb.o)
                0x10001408                MXC_UART_RevB_Init
 .text.MXC_UART_RevB_SetFrequency
                0x100014e8       0x1e /home/rhys/msdk/Libraries/PeriphDrivers/bin/MAX78000/spi-v1_softfp/libPeriphDriver_spi-v1_softfp.a(uart_revb.o)
                0x100014e8                MXC_UART_RevB_SetFrequency
 .text.MXC_UART_RevB_SetDataSize
                0x10001506       0x20 /home/rhys/msdk/Libraries/PeriphDrivers/bin/MAX78000/spi-v1_softfp/libPeriphDriver_spi-v1_softfp.a(uart_revb.o)
                0x10001506                MXC_UART_RevB_SetDataSize
 .text.MXC_UART_RevB_SetStopBits
                0x10001526       0x24 /home/rhys/msdk/Libraries/PeriphDrivers/bin/MAX78000/spi-v1_softfp/libPeriphDriver_spi-v1_softfp.a(uart_revb.o)
                0x10001526                MXC_UART_RevB_SetStopBits
 .text.MXC_UART_RevB_SetParity
                0x1000154a       0x90 /home/rhys/msdk/Libraries/PeriphDrivers/bin/MAX78000/spi-v1_softfp/libPeriphDriver_spi-v1_softfp.a(uart_revb.o)
                0x1000154a                MXC_UART_RevB_SetParity
 *fill*         0x100015da        0x2 
 .text.MXC_UART_RevB_SetClockSource
                0x100015dc       0x98 /home/rhys/msdk/Libraries/PeriphDrivers/bin/MAX78000/spi-v1_softfp/libPeriphDriver_spi-v1_softfp.a(uart_revb.o)
                0x100015dc                MXC_UART_RevB_SetClockSource
 .text.MXC_UART_RevB_GetClockSource
                0x10001674        0x8 /home/rhys/msdk/Libraries/PeriphDrivers/bin/MAX78000/spi-v1_softfp/libPeriphDriver_spi-v1_softfp.a(uart_revb.o)
                0x10001674                MXC_UART_RevB_GetClockSource
 .text.MXC_UART_RevB_ReadCharacterRaw
                0x1000167c       0x12 /home/rhys/msdk/Libraries/PeriphDrivers/bin/MAX78000/spi-v1_softfp/libPeriphDriver_spi-v1_softfp.a(uart_revb.o)
                0x1000167c                MXC_UART_RevB_ReadCharacterRaw
 .text.MXC_UART_RevB_WriteCharacterRaw
                0x1000168e       0x14 /home/rhys/msdk/Libraries/PeriphDrivers/bin/MAX78000/spi-v1_softfp/libPeriphDriver_spi-v1_softfp.a(uart_revb.o)
                0x1000168e                MXC_UART_RevB_WriteCharacterRaw
 .text.MXC_UART_RevB_GetRXFIFOAvailable
                0x100016a2        0x8 /home/rhys/msdk/Libraries/PeriphDrivers/bin/MAX78000/spi-v1_softfp/libPeriphDriver_spi-v1_softfp.a(uart_revb.o)
                0x100016a2                MXC_UART_RevB_GetRXFIFOAvailable
 .text.MXC_UART_RevB_GetTXFIFOAvailable
                0x100016aa        0xc /home/rhys/msdk/Libraries/PeriphDrivers/bin/MAX78000/spi-v1_softfp/libPeriphDriver_spi-v1_softfp.a(uart_revb.o)
                0x100016aa                MXC_UART_RevB_GetTXFIFOAvailable
 .text.MXC_UART_RevB_SetRXThreshold
                0x100016b6       0x1e /home/rhys/msdk/Libraries/PeriphDrivers/bin/MAX78000/spi-v1_softfp/libPeriphDriver_spi-v1_softfp.a(uart_revb.o)
                0x100016b6                MXC_UART_RevB_SetRXThreshold
 .text.MXC_GPIO_Common_Init
                0x100016d4       0x40 /home/rhys/msdk/Libraries/PeriphDrivers/bin/MAX78000/spi-v1_softfp/libPeriphDriver_spi-v1_softfp.a(gpio_common.o)
                0x100016d4                MXC_GPIO_Common_Init
 .text.MXC_GPIO_Common_Handler
                0x10001714       0x8c /home/rhys/msdk/Libraries/PeriphDrivers/bin/MAX78000/spi-v1_softfp/libPeriphDriver_spi-v1_softfp.a(gpio_common.o)
                0x10001714                MXC_GPIO_Common_Handler
 .text.MXC_GPIO_Common_GetConfigLock
                0x100017a0        0xc /home/rhys/msdk/Libraries/PeriphDrivers/bin/MAX78000/spi-v1_softfp/libPeriphDriver_spi-v1_softfp.a(gpio_common.o)
                0x100017a0                MXC_GPIO_Common_GetConfigLock
 .text.prvIdleTask
                0x100017ac        0x2 /home/rhys/freeRTOS78000/build/FreeRTOS/librtos.a(tasks.o)
 *fill*         0x100017ae        0x2 
 .text.prvAddNewTaskToReadyList
                0x100017b0       0xf8 /home/rhys/freeRTOS78000/build/FreeRTOS/librtos.a(tasks.o)
 .text.prvResetNextTaskUnblockTime
                0x100018a8       0x24 /home/rhys/freeRTOS78000/build/FreeRTOS/librtos.a(tasks.o)
 .text.prvInitialiseNewTask.constprop.0
                0x100018cc       0x98 /home/rhys/freeRTOS78000/build/FreeRTOS/librtos.a(tasks.o)
 .text.prvAddCurrentTaskToDelayedList.isra.0
                0x10001964       0x58 /home/rhys/freeRTOS78000/build/FreeRTOS/librtos.a(tasks.o)
 .text.xTaskCreateStatic
                0x100019bc       0x92 /home/rhys/freeRTOS78000/build/FreeRTOS/librtos.a(tasks.o)
                0x100019bc                xTaskCreateStatic
 .text.xTaskCreate
                0x10001a4e       0x5e /home/rhys/freeRTOS78000/build/FreeRTOS/librtos.a(tasks.o)
                0x10001a4e                xTaskCreate
 .text.vTaskStartScheduler
                0x10001aac       0x90 /home/rhys/freeRTOS78000/build/FreeRTOS/librtos.a(tasks.o)
                0x10001aac                vTaskStartScheduler
 .text.vTaskSuspendAll
                0x10001b3c       0x10 /home/rhys/freeRTOS78000/build/FreeRTOS/librtos.a(tasks.o)
                0x10001b3c                vTaskSuspendAll
 .text.xTaskGetTickCount
                0x10001b4c        0xc /home/rhys/freeRTOS78000/build/FreeRTOS/librtos.a(tasks.o)
                0x10001b4c                xTaskGetTickCount
 .text.xTaskIncrementTick
                0x10001b58      0x158 /home/rhys/freeRTOS78000/build/FreeRTOS/librtos.a(tasks.o)
                0x10001b58                xTaskIncrementTick
 .text.xTaskResumeAll
                0x10001cb0      0x138 /home/rhys/freeRTOS78000/build/FreeRTOS/librtos.a(tasks.o)
                0x10001cb0                xTaskResumeAll
 .text.xTaskDelayUntil
                0x10001de8       0x98 /home/rhys/freeRTOS78000/build/FreeRTOS/librtos.a(tasks.o)
                0x10001de8                xTaskDelayUntil
 .text.vTaskSwitchContext
                0x10001e80       0xa4 /home/rhys/freeRTOS78000/build/FreeRTOS/librtos.a(tasks.o)
                0x10001e80                vTaskSwitchContext
 .text.vTaskPlaceOnEventList
                0x10001f24       0x30 /home/rhys/freeRTOS78000/build/FreeRTOS/librtos.a(tasks.o)
                0x10001f24                vTaskPlaceOnEventList
 .text.vTaskPlaceOnEventListRestricted
                0x10001f54       0x50 /home/rhys/freeRTOS78000/build/FreeRTOS/librtos.a(tasks.o)
                0x10001f54                vTaskPlaceOnEventListRestricted
 .text.xTaskRemoveFromEventList
                0x10001fa4       0xc8 /home/rhys/freeRTOS78000/build/FreeRTOS/librtos.a(tasks.o)
                0x10001fa4                xTaskRemoveFromEventList
 .text.vTaskInternalSetTimeOutState
                0x1000206c       0x18 /home/rhys/freeRTOS78000/build/FreeRTOS/librtos.a(tasks.o)
                0x1000206c                vTaskInternalSetTimeOutState
 .text.xTaskCheckForTimeOut
                0x10002084       0x74 /home/rhys/freeRTOS78000/build/FreeRTOS/librtos.a(tasks.o)
                0x10002084                xTaskCheckForTimeOut
 .text.vTaskMissedYield
                0x100020f8        0xc /home/rhys/freeRTOS78000/build/FreeRTOS/librtos.a(tasks.o)
                0x100020f8                vTaskMissedYield
 .text.xTaskGetSchedulerState
                0x10002104       0x20 /home/rhys/freeRTOS78000/build/FreeRTOS/librtos.a(tasks.o)
                0x10002104                xTaskGetSchedulerState
 .text.prvPortStartFirstTask
                0x10002124       0x28 /home/rhys/freeRTOS78000/build/FreeRTOS/librtos.a(port.o)
 .text.vPortEnableVFP
                0x1000214c       0x14 /home/rhys/freeRTOS78000/build/FreeRTOS/librtos.a(port.o)
 .text.prvTaskExitError
                0x10002160       0x40 /home/rhys/freeRTOS78000/build/FreeRTOS/librtos.a(port.o)
 .text.pxPortInitialiseStack
                0x100021a0       0x2c /home/rhys/freeRTOS78000/build/FreeRTOS/librtos.a(port.o)
                0x100021a0                pxPortInitialiseStack
 *fill*         0x100021cc        0x4 
 .text.SVC_Handler
                0x100021d0       0x24 /home/rhys/freeRTOS78000/build/FreeRTOS/librtos.a(port.o)
                0x100021d0                SVC_Handler
 .text.vPortEnterCritical
                0x100021f4       0x40 /home/rhys/freeRTOS78000/build/FreeRTOS/librtos.a(port.o)
                0x100021f4                vPortEnterCritical
 .text.vPortExitCritical
                0x10002234       0x28 /home/rhys/freeRTOS78000/build/FreeRTOS/librtos.a(port.o)
                0x10002234                vPortExitCritical
 *fill*         0x1000225c        0x4 
 .text.PendSV_Handler
                0x10002260       0x64 /home/rhys/freeRTOS78000/build/FreeRTOS/librtos.a(port.o)
                0x10002260                PendSV_Handler
 .text.SysTick_Handler
                0x100022c4       0x2c /home/rhys/freeRTOS78000/build/FreeRTOS/librtos.a(port.o)
                0x100022c4                SysTick_Handler
 .text.vPortSetupTimerInterrupt
                0x100022f0       0x18 /home/rhys/freeRTOS78000/build/FreeRTOS/librtos.a(port.o)
                0x100022f0                vPortSetupTimerInterrupt
 .text.xPortStartScheduler
                0x10002308      0x104 /home/rhys/freeRTOS78000/build/FreeRTOS/librtos.a(port.o)
                0x10002308                xPortStartScheduler
 .text.prvInsertTimerInActiveList
                0x1000240c       0x3c /home/rhys/freeRTOS78000/build/FreeRTOS/librtos.a(timers.o)
 .text.prvReloadTimer
                0x10002448       0x26 /home/rhys/freeRTOS78000/build/FreeRTOS/librtos.a(timers.o)
 *fill*         0x1000246e        0x2 
 .text.prvProcessExpiredTimer
                0x10002470       0x40 /home/rhys/freeRTOS78000/build/FreeRTOS/librtos.a(timers.o)
 .text.prvSampleTimeNow
                0x100024b0       0x4c /home/rhys/freeRTOS78000/build/FreeRTOS/librtos.a(timers.o)
 .text.prvTimerTask
                0x100024fc      0x164 /home/rhys/freeRTOS78000/build/FreeRTOS/librtos.a(timers.o)
 .text.prvCheckForValidListAndQueue
                0x10002660       0x68 /home/rhys/freeRTOS78000/build/FreeRTOS/librtos.a(timers.o)
 .text.xTimerCreateTimerTask
                0x100026c8       0x64 /home/rhys/freeRTOS78000/build/FreeRTOS/librtos.a(timers.o)
                0x100026c8                xTimerCreateTimerTask
 .text.prvInsertBlockIntoFreeList
                0x1000272c       0x4c /home/rhys/freeRTOS78000/build/FreeRTOS/librtos.a(heap_4.o)
 .text.pvPortMalloc
                0x10002778      0x128 /home/rhys/freeRTOS78000/build/FreeRTOS/librtos.a(heap_4.o)
                0x10002778                pvPortMalloc
 .text.vPortFree
                0x100028a0       0x78 /home/rhys/freeRTOS78000/build/FreeRTOS/librtos.a(heap_4.o)
                0x100028a0                vPortFree
 .text.vListInitialise
                0x10002918       0x16 /home/rhys/freeRTOS78000/build/FreeRTOS/librtos.a(list.o)
                0x10002918                vListInitialise
 .text.vListInitialiseItem
                0x1000292e        0x6 /home/rhys/freeRTOS78000/build/FreeRTOS/librtos.a(list.o)
                0x1000292e                vListInitialiseItem
 .text.vListInsert
                0x10002934       0x2e /home/rhys/freeRTOS78000/build/FreeRTOS/librtos.a(list.o)
                0x10002934                vListInsert
 .text.uxListRemove
                0x10002962       0x20 /home/rhys/freeRTOS78000/build/FreeRTOS/librtos.a(list.o)
                0x10002962                uxListRemove
 .text.prvIsQueueEmpty
                0x10002982       0x16 /home/rhys/freeRTOS78000/build/FreeRTOS/librtos.a(queue.o)
 .text.prvCopyDataFromQueue
                0x10002998       0x2c /home/rhys/freeRTOS78000/build/FreeRTOS/librtos.a(queue.o)
 .text.prvUnlockQueue
                0x100029c4       0x6c /home/rhys/freeRTOS78000/build/FreeRTOS/librtos.a(queue.o)
 .text.xQueueGenericReset
                0x10002a30       0x9a /home/rhys/freeRTOS78000/build/FreeRTOS/librtos.a(queue.o)
                0x10002a30                xQueueGenericReset
 .text.xQueueGenericCreateStatic
                0x10002aca       0x72 /home/rhys/freeRTOS78000/build/FreeRTOS/librtos.a(queue.o)
                0x10002aca                xQueueGenericCreateStatic
 .text.xQueueReceive
                0x10002b3c      0x13c /home/rhys/freeRTOS78000/build/FreeRTOS/librtos.a(queue.o)
                0x10002b3c                xQueueReceive
 .text.vQueueAddToRegistry
                0x10002c78       0x50 /home/rhys/freeRTOS78000/build/FreeRTOS/librtos.a(queue.o)
                0x10002c78                vQueueAddToRegistry
 .text.vQueueWaitForMessageRestricted
                0x10002cc8       0x46 /home/rhys/freeRTOS78000/build/FreeRTOS/librtos.a(queue.o)
                0x10002cc8                vQueueWaitForMessageRestricted
 *fill*         0x10002d0e       0x32 
 .text          0x10002d40       0xd8 /usr/lib/gcc/arm-none-eabi/13.2.1/../../../arm-none-eabi/lib/thumb/v7e-m+fp/softfp/libc.a(libc_a-strlen.o)
                0x10002d40                strlen
 .text          0x10002e18       0xa4 /usr/lib/gcc/arm-none-eabi/13.2.1/../../../arm-none-eabi/lib/thumb/v7e-m+fp/softfp/libc.a(libc_a-memset.o)
                0x10002e18                memset
 .text          0x10002ebc        0xc /usr/lib/gcc/arm-none-eabi/13.2.1/../../../arm-none-eabi/lib/thumb/v7e-m+fp/softfp/libc.a(libc_a-errno.o)
                0x10002ebc                __errno
 .text          0x10002ec8      0x554 /usr/lib/gcc/arm-none-eabi/13.2.1/../../../arm-none-eabi/lib/thumb/v7e-m+fp/softfp/libc.a(libc_a-mallocr.o)
                0x10002ec8                _malloc_r
 *fill*         0x1000341c        0x4 
 .text          0x10003420      0xfa8 /usr/lib/gcc/arm-none-eabi/13.2.1/../../../arm-none-eabi/lib/thumb/v7e-m+fp/softfp/libc.a(libc_a-dtoa.o)
                0x1000354c                _dtoa_r
 .text          0x100043c8      0x2b0 /usr/lib/gcc/arm-none-eabi/13.2.1/../../../arm-none-eabi/lib/thumb/v7e-m+fp/softfp/libc.a(libc_a-freer.o)
                0x100043c8                _malloc_trim_r
                0x10004480                _free_r
 .text          0x10004678       0x20 /usr/lib/gcc/arm-none-eabi/13.2.1/../../../arm-none-eabi/lib/thumb/v7e-m+fp/softfp/libc.a(libc_a-malloc.o)
                0x10004678                malloc
                0x10004688                free
 .text          0x10004698      0x134 /usr/lib/gcc/arm-none-eabi/13.2.1/../../../arm-none-eabi/lib/thumb/v7e-m+fp/softfp/libc.a(libc_a-memcpy.o)
                0x10004698                memcpy
 .text          0x100047cc       0x1c /usr/lib/gcc/arm-none-eabi/13.2.1/../../../arm-none-eabi/lib/thumb/v7e-m+fp/softfp/libc.a(libc_a-sysconf.o)
                0x100047cc                sysconf
 .text          0x100047e8       0x50 /usr/lib/gcc/arm-none-eabi/13.2.1/../../../arm-none-eabi/lib/thumb/v7e-m+fp/softfp/libc.a(libc_a-init.o)
                0x100047e8                __libc_init_array
 .text          0x10004838        0x8 /usr/lib/gcc/arm-none-eabi/13.2.1/../../../arm-none-eabi/lib/thumb/v7e-m+fp/softfp/libc.a(libc_a-mlock.o)
                0x10004838                __malloc_lock
                0x1000483c                __malloc_unlock
 .text          0x10004840      0x224 /usr/lib/gcc/arm-none-eabi/13.2.1/../../../arm-none-eabi/lib/thumb/v7e-m+fp/softfp/libc.a(libc_a-findfp.o)
                0x10004970                __sfp
                0x10004a14                __sinit
                0x10004a34                __sfp_lock_acquire
                0x10004a38                __sfp_lock_release
                0x10004a3c                __fp_lock_all
                0x10004a50                __fp_unlock_all
 .text          0x10004a64       0x7c /usr/lib/gcc/arm-none-eabi/13.2.1/../../../arm-none-eabi/lib/thumb/v7e-m+fp/softfp/libc.a(libc_a-puts.o)
                0x10004a64                _puts_r
                0x10004ad0                puts
 .text          0x10004ae0      0x300 /usr/lib/gcc/arm-none-eabi/13.2.1/../../../arm-none-eabi/lib/thumb/v7e-m+fp/softfp/libc.a(libc_a-fvwrite.o)
                0x10004ae0                __sfvwrite_r
 .text          0x10004de0        0xc /usr/lib/gcc/arm-none-eabi/13.2.1/../../../arm-none-eabi/lib/thumb/v7e-m+fp/softfp/libc.a(libc_a-atexit.o)
                0x10004de0                atexit
 .text          0x10004dec       0x48 /usr/lib/gcc/arm-none-eabi/13.2.1/../../../arm-none-eabi/lib/thumb/v7e-m+fp/softfp/libc.a(libc_a-printf.o)
                0x10004dec                _printf_r
                0x10004e0c                printf
 .text          0x10004e34       0x24 /usr/lib/gcc/arm-none-eabi/13.2.1/../../../arm-none-eabi/lib/thumb/v7e-m+fp/softfp/libc.a(libc_a-sbrkr.o)
                0x10004e34                _sbrk_r
 .text          0x10004e58       0x28 /usr/lib/gcc/arm-none-eabi/13.2.1/../../../arm-none-eabi/lib/thumb/v7e-m+fp/softfp/libc.a(libc_a-fini.o)
                0x10004e58                __libc_fini_array
 .text          0x10004e80       0x4c /usr/lib/gcc/arm-none-eabi/13.2.1/../../../arm-none-eabi/lib/thumb/v7e-m+fp/softfp/libc.a(libc_a-assert.o)
                0x10004e80                __assert_func
                0x10004ec0                __assert
 .text          0x10004ecc      0xa94 /usr/lib/gcc/arm-none-eabi/13.2.1/../../../arm-none-eabi/lib/thumb/v7e-m+fp/softfp/libc.a(libc_a-mprec.o)
                0x10004ecc                _Balloc
                0x10004f18                _Bfree
                0x10004f2c                __multadd
                0x10004fcc                __s2b
                0x10005080                __hi0bits
                0x100050c4                __lo0bits
                0x10005124                __i2b
                0x10005180                __multiply
                0x100052ec                __pow5mult
                0x100053a0                __lshift
                0x10005490                __mcmp
                0x100054d4                __mdiff
                0x1000564c                __ulp
                0x10005698                __b2d
                0x10005758                __d2b
                0x10005814                __ratio
                0x10005870                _mprec_log10
                0x100058a8                __copybits
                0x10005904                __any_on
 .text          0x10005960       0x44 /usr/lib/gcc/arm-none-eabi/13.2.1/../../../arm-none-eabi/lib/thumb/v7e-m+fp/softfp/libc.a(libc_a-fwalk.o)
                0x10005960                _fwalk_sglue
 .text          0x100059a4       0x14 /usr/lib/gcc/arm-none-eabi/13.2.1/../../../arm-none-eabi/lib/thumb/v7e-m+fp/softfp/libc.a(libc_a-localeconv.o)
                0x100059a4                __localeconv_l
                0x100059a8                _localeconv_r
                0x100059b0                localeconv
 .text          0x100059b8     0x14b4 /usr/lib/gcc/arm-none-eabi/13.2.1/../../../arm-none-eabi/lib/thumb/v7e-m+fp/softfp/libc.a(libc_a-vfprintf.o)
                0x100059b8                _vfprintf_r
                0x10006de4                vfprintf
 *fill*         0x10006e6c        0x4 
 .text          0x10006e70       0xa0 /usr/lib/gcc/arm-none-eabi/13.2.1/../../../arm-none-eabi/lib/thumb/v7e-m+fp/softfp/libc.a(libc_a-memchr.o)
                0x10006e70                memchr
 .text          0x10006f10       0x40 /usr/lib/gcc/arm-none-eabi/13.2.1/../../../arm-none-eabi/lib/thumb/v7e-m+fp/softfp/libc.a(libc_a-mbtowc_r.o)
                0x10006f10                _mbtowc_r
                0x10006f24                __ascii_mbtowc
 .text          0x10006f50      0x1ac /usr/lib/gcc/arm-none-eabi/13.2.1/../../../arm-none-eabi/lib/thumb/v7e-m+fp/softfp/libc.a(libc_a-fflush.o)
                0x10006f50                __sflush_r
                0x10007088                _fflush_r
                0x100070b4                fflush
 .text          0x100070fc      0x100 /usr/lib/gcc/arm-none-eabi/13.2.1/../../../arm-none-eabi/lib/thumb/v7e-m+fp/softfp/libc.a(libc_a-memmove.o)
                0x100070fc                memmove
 .text          0x100071fc       0x10 /usr/lib/gcc/arm-none-eabi/13.2.1/../../../arm-none-eabi/lib/thumb/v7e-m+fp/softfp/libc.a(libc_a-abort.o)
                0x100071fc                abort
 .text          0x1000720c       0x6c /usr/lib/gcc/arm-none-eabi/13.2.1/../../../arm-none-eabi/lib/thumb/v7e-m+fp/softfp/libc.a(libc_a-callocr.o)
                0x1000720c                _calloc_r
 .text          0x10007278       0x44 /usr/lib/gcc/arm-none-eabi/13.2.1/../../../arm-none-eabi/lib/thumb/v7e-m+fp/softfp/libc.a(libc_a-fiprintf.o)
                0x10007278                _fiprintf_r
                0x10007294                fiprintf
 .text          0x100072bc       0xc4 /usr/lib/gcc/arm-none-eabi/13.2.1/../../../arm-none-eabi/lib/thumb/v7e-m+fp/softfp/libc.a(libc_a-wsetup.o)
                0x100072bc                __swsetup_r
 .text          0x10007380       0x90 /usr/lib/gcc/arm-none-eabi/13.2.1/../../../arm-none-eabi/lib/thumb/v7e-m+fp/softfp/libc.a(libc_a-fclose.o)
                0x10007380                _fclose_r
                0x10007400                fclose
 .text          0x10007410       0x30 /usr/lib/gcc/arm-none-eabi/13.2.1/../../../arm-none-eabi/lib/thumb/v7e-m+fp/softfp/libc.a(libc_a-wctomb_r.o)
                0x10007410                _wctomb_r
                0x10007424                __ascii_wctomb
 .text.startup  0x10007440       0x14 /usr/lib/gcc/arm-none-eabi/13.2.1/../../../arm-none-eabi/lib/thumb/v7e-m+fp/softfp/libc.a(libc_a-__call_atexit.o)
 .text          0x10007454       0x94 /usr/lib/gcc/arm-none-eabi/13.2.1/../../../arm-none-eabi/lib/thumb/v7e-m+fp/softfp/libc.a(libc_a-stdio.o)
                0x10007454                __sread
                0x10007478                __seofread
                0x1000747c                __swrite
                0x100074bc                __sseek
                0x100074e0                __sclose
 .text          0x100074e8       0x64 /usr/lib/gcc/arm-none-eabi/13.2.1/../../../arm-none-eabi/lib/thumb/v7e-m+fp/softfp/libc.a(libc_a-__atexit.o)
                0x100074e8                __register_exitproc
 .text          0x1000754c      0x344 /usr/lib/gcc/arm-none-eabi/13.2.1/../../../arm-none-eabi/lib/thumb/v7e-m+fp/softfp/libc.a(libc_a-reallocr.o)
                0x1000754c                _realloc_r
 .text          0x10007890       0x2c /usr/lib/gcc/arm-none-eabi/13.2.1/../../../arm-none-eabi/lib/thumb/v7e-m+fp/softfp/libc.a(libc_a-writer.o)
                0x10007890                _write_r
 .text          0x100078bc       0x24 /usr/lib/gcc/arm-none-eabi/13.2.1/../../../arm-none-eabi/lib/thumb/v7e-m+fp/softfp/libc.a(libc_a-closer.o)
                0x100078bc                _close_r
 .text          0x100078e0      0x280 /usr/lib/gcc/arm-none-eabi/13.2.1/../../../arm-none-eabi/lib/thumb/v7e-m+fp/softfp/libc.a(libc_a-signal.o)
                0x100078e0                _init_signal_r
                0x10007910                _signal_r
                0x10007960                _raise_r
                0x100079b4                __sigtramp_r
                0x10007a18                raise
                0x10007a70                signal
                0x10007ac0                _init_signal
                0x10007af8                __sigtramp
 .text          0x10007b60       0x20 /usr/lib/gcc/arm-none-eabi/13.2.1/../../../arm-none-eabi/lib/thumb/v7e-m+fp/softfp/libc.a(libc_a-sprint_r.o)
                0x10007b60                __sprint_r
 .text          0x10007b80      0x13c /usr/lib/gcc/arm-none-eabi/13.2.1/../../../arm-none-eabi/lib/thumb/v7e-m+fp/softfp/libc.a(libc_a-makebuf.o)
                0x10007b80                __smakebuf_r
                0x10007c5c                __swhatbuf_r
 .text          0x10007cbc       0x30 /usr/lib/gcc/arm-none-eabi/13.2.1/../../../arm-none-eabi/lib/thumb/v7e-m+fp/softfp/libc.a(libc_a-signalr.o)
                0x10007cbc                _kill_r
                0x10007ce8                _getpid_r
 .text          0x10007cec      0xb44 /usr/lib/gcc/arm-none-eabi/13.2.1/../../../arm-none-eabi/lib/thumb/v7e-m+fp/softfp/libc.a(libc_a-vfiprintf.o)
                0x10007cec                _vfiprintf_r
                0x100087a8                vfiprintf
 .text          0x10008830       0x2c /usr/lib/gcc/arm-none-eabi/13.2.1/../../../arm-none-eabi/lib/thumb/v7e-m+fp/softfp/libc.a(libc_a-readr.o)
                0x10008830                _read_r
 .text          0x1000885c       0x2c /usr/lib/gcc/arm-none-eabi/13.2.1/../../../arm-none-eabi/lib/thumb/v7e-m+fp/softfp/libc.a(libc_a-lseekr.o)
                0x1000885c                _lseek_r
 .text          0x10008888       0x2c /usr/lib/gcc/arm-none-eabi/13.2.1/../../../arm-none-eabi/lib/thumb/v7e-m+fp/softfp/libc.a(libc_a-fstatr.o)
                0x10008888                _fstat_r
 .text          0x100088b4       0x24 /usr/lib/gcc/arm-none-eabi/13.2.1/../../../arm-none-eabi/lib/thumb/v7e-m+fp/softfp/libc.a(libc_a-isattyr.o)
                0x100088b4                _isatty_r
 .text          0x100088d8        0x4 /usr/lib/gcc/arm-none-eabi/13.2.1/../../../arm-none-eabi/lib/thumb/v7e-m+fp/softfp/libnosys.a(_exit.o)
                0x100088d8                _exit
 .text          0x100088dc      0x378 /usr/lib/gcc/arm-none-eabi/13.2.1/thumb/v7e-m+fp/softfp/libgcc.a(_arm_addsubdf3.o)
                0x100088dc                __aeabi_drsub
                0x100088e4                __aeabi_dsub
                0x100088e4                __subdf3
                0x100088e8                __adddf3
                0x100088e8                __aeabi_dadd
                0x10008b60                __aeabi_ui2d
                0x10008b60                __floatunsidf
                0x10008b80                __floatsidf
                0x10008b80                __aeabi_i2d
                0x10008ba4                __extendsfdf2
                0x10008ba4                __aeabi_f2d
                0x10008be8                __aeabi_ul2d
                0x10008be8                __floatundidf
                0x10008bf8                __floatdidf
                0x10008bf8                __aeabi_l2d
 .text          0x10008c54      0x424 /usr/lib/gcc/arm-none-eabi/13.2.1/thumb/v7e-m+fp/softfp/libgcc.a(_arm_muldivdf3.o)
                0x10008c54                __aeabi_dmul
                0x10008c54                __muldf3
                0x10008ea8                __aeabi_ddiv
                0x10008ea8                __divdf3
 .text          0x10009078      0x110 /usr/lib/gcc/arm-none-eabi/13.2.1/thumb/v7e-m+fp/softfp/libgcc.a(_arm_cmpdf2.o)
                0x10009078                __gtdf2
                0x10009078                __gedf2
                0x10009080                __ltdf2
                0x10009080                __ledf2
                0x10009088                __cmpdf2
                0x10009088                __eqdf2
                0x10009088                __nedf2
                0x10009104                __aeabi_cdrcmple
                0x10009114                __aeabi_cdcmple
                0x10009114                __aeabi_cdcmpeq
                0x10009124                __aeabi_dcmpeq
                0x10009138                __aeabi_dcmplt
                0x1000914c                __aeabi_dcmple
                0x10009160                __aeabi_dcmpge
                0x10009174                __aeabi_dcmpgt
 .text          0x10009188       0x2c /usr/lib/gcc/arm-none-eabi/13.2.1/thumb/v7e-m+fp/softfp/libgcc.a(_arm_unorddf2.o)
                0x10009188                __aeabi_dcmpun
                0x10009188                __unorddf2
 .text          0x100091b4       0x50 /usr/lib/gcc/arm-none-eabi/13.2.1/thumb/v7e-m+fp/softfp/libgcc.a(_arm_fixdfsi.o)
                0x100091b4                __fixdfsi
                0x100091b4                __aeabi_d2iz
 .text          0x10009204       0x30 /usr/lib/gcc/arm-none-eabi/13.2.1/thumb/v7e-m+fp/softfp/libgcc.a(_aeabi_uldivmod.o)
                0x10009204                __aeabi_uldivmod
 .text          0x10009234      0x2bc /usr/lib/gcc/arm-none-eabi/13.2.1/thumb/v7e-m+fp/softfp/libgcc.a(_udivmoddi4.o)
                0x10009234                __udivmoddi4
 .text          0x100094f0        0x4 /usr/lib/gcc/arm-none-eabi/13.2.1/thumb/v7e-m+fp/softfp/libgcc.a(_dvmd_tls.o)
                0x100094f0                __aeabi_ldiv0
                0x100094f0                __aeabi_idiv0
 *(.rodata*)
 .rodata.vTickTockTask.str1.4
                0x100094f4      0x3d2 /home/rhys/freeRTOS78000/build/main.o
                                 0x48 (size before relaxing)
 .rodata.main.str1.4
                0x100098c6       0xc3 /home/rhys/freeRTOS78000/build/main.o
 .rodata.mxc_assert.str1.4
                0x100098c6       0x19 /home/rhys/freeRTOS78000/build/board.o
 .rodata.Board_Init.str1.4
                0x100098c6       0x49 /home/rhys/freeRTOS78000/build/board.o
 *fill*         0x100098c6        0x2 
 .rodata.num_leds
                0x100098c8        0x4 /home/rhys/freeRTOS78000/build/board.o
                0x100098c8                num_leds
 .rodata.led_pin
                0x100098cc       0x18 /home/rhys/freeRTOS78000/build/board.o
                0x100098cc                led_pin
 .rodata.num_pbs
                0x100098e4        0x4 /home/rhys/freeRTOS78000/build/board.o
                0x100098e4                num_pbs
 .rodata.pb_pin
                0x100098e8       0x18 /home/rhys/freeRTOS78000/build/board.o
                0x100098e8                pb_pin
 .rodata        0x10009900       0x54 /home/rhys/freeRTOS78000/build/board.o
 .rodata.LED_On.str1.4
                0x10009954       0x3f /home/rhys/freeRTOS78000/build/led.o
 .rodata.gpio_cfg_uart3
                0x10009954        0xc /home/rhys/msdk/Libraries/PeriphDrivers/bin/MAX78000/spi-v1_softfp/libPeriphDriver_spi-v1_softfp.a(pins_ai85.o)
                0x10009954                gpio_cfg_uart3
 .rodata.gpio_cfg_uart2
                0x10009960        0xc /home/rhys/msdk/Libraries/PeriphDrivers/bin/MAX78000/spi-v1_softfp/libPeriphDriver_spi-v1_softfp.a(pins_ai85.o)
                0x10009960                gpio_cfg_uart2
 .rodata.gpio_cfg_uart1
                0x1000996c        0xc /home/rhys/msdk/Libraries/PeriphDrivers/bin/MAX78000/spi-v1_softfp/libPeriphDriver_spi-v1_softfp.a(pins_ai85.o)
                0x1000996c                gpio_cfg_uart1
 .rodata.gpio_cfg_uart0
                0x10009978        0xc /home/rhys/msdk/Libraries/PeriphDrivers/bin/MAX78000/spi-v1_softfp/libPeriphDriver_spi-v1_softfp.a(pins_ai85.o)
                0x10009978                gpio_cfg_uart0
 .rodata.gpio_cfg_extclk
                0x10009984        0xc /home/rhys/msdk/Libraries/PeriphDrivers/bin/MAX78000/spi-v1_softfp/libPeriphDriver_spi-v1_softfp.a(pins_ai85.o)
                0x10009984                gpio_cfg_extclk
 .rodata.MXC_UART_RevB_Init.str1.4
                0x10009990       0x7b /home/rhys/msdk/Libraries/PeriphDrivers/bin/MAX78000/spi-v1_softfp/libPeriphDriver_spi-v1_softfp.a(uart_revb.o)
 .rodata.MXC_UART_RevB_SetClockSource.str1.4
                0x10009990       0x27 /home/rhys/msdk/Libraries/PeriphDrivers/bin/MAX78000/spi-v1_softfp/libPeriphDriver_spi-v1_softfp.a(uart_revb.o)
 .rodata.MXC_GPIO_Common_Handler.str1.4
                0x10009990       0x6a /home/rhys/msdk/Libraries/PeriphDrivers/bin/MAX78000/spi-v1_softfp/libPeriphDriver_spi-v1_softfp.a(gpio_common.o)
 .rodata.vTaskStartScheduler.str1.1
                0x10009990       0x12 /home/rhys/freeRTOS78000/build/FreeRTOS/librtos.a(tasks.o)
                                  0x5 (size before relaxing)
 *fill*         0x100099a2        0x2 
 .rodata.uxTopUsedPriority
                0x100099a4        0x4 /home/rhys/freeRTOS78000/build/FreeRTOS/librtos.a(tasks.o)
                0x100099a4                uxTopUsedPriority
 .rodata.prvCheckForValidListAndQueue.str1.1
                0x100099a8        0x5 /home/rhys/freeRTOS78000/build/FreeRTOS/librtos.a(timers.o)
 .rodata.xTimerCreateTimerTask.str1.1
                0x100099a8        0x8 /home/rhys/freeRTOS78000/build/FreeRTOS/librtos.a(timers.o)
 .rodata.str1.4
                0x100099a8       0x54 /usr/lib/gcc/arm-none-eabi/13.2.1/../../../arm-none-eabi/lib/thumb/v7e-m+fp/softfp/libc.a(libc_a-dtoa.o)
 .rodata.str1.4
                0x100099a8        0x2 /usr/lib/gcc/arm-none-eabi/13.2.1/../../../arm-none-eabi/lib/thumb/v7e-m+fp/softfp/libc.a(libc_a-puts.o)
 .rodata.str1.4
                0x100099a8       0x43 /usr/lib/gcc/arm-none-eabi/13.2.1/../../../arm-none-eabi/lib/thumb/v7e-m+fp/softfp/libc.a(libc_a-assert.o)
 .rodata.str1.4
                0x100099a8       0x41 /usr/lib/gcc/arm-none-eabi/13.2.1/../../../arm-none-eabi/lib/thumb/v7e-m+fp/softfp/libc.a(libc_a-mprec.o)
 .rodata        0x100099a8      0x128 /usr/lib/gcc/arm-none-eabi/13.2.1/../../../arm-none-eabi/lib/thumb/v7e-m+fp/softfp/libc.a(libc_a-mprec.o)
                0x100099b8                __mprec_tens
                0x10009a80                __mprec_tinytens
                0x10009aa8                __mprec_bigtens
 .rodata.str1.4
                0x10009ad0       0x42 /usr/lib/gcc/arm-none-eabi/13.2.1/../../../arm-none-eabi/lib/thumb/v7e-m+fp/softfp/libc.a(libc_a-vfprintf.o)
 .rodata        0x10009ad0       0x20 /usr/lib/gcc/arm-none-eabi/13.2.1/../../../arm-none-eabi/lib/thumb/v7e-m+fp/softfp/libc.a(libc_a-vfprintf.o)
 .rodata.str1.4
                0x10009af0       0x12 /usr/lib/gcc/arm-none-eabi/13.2.1/../../../arm-none-eabi/lib/thumb/v7e-m+fp/softfp/libc.a(libc_a-locale.o)
 .rodata        0x10009af0      0x101 /usr/lib/gcc/arm-none-eabi/13.2.1/../../../arm-none-eabi/lib/thumb/v7e-m+fp/softfp/libc.a(libc_a-ctype_.o)
                0x10009af0                _ctype_
 .rodata.str1.4
                0x10009bf1       0x2f /usr/lib/gcc/arm-none-eabi/13.2.1/../../../arm-none-eabi/lib/thumb/v7e-m+fp/softfp/libc.a(libc_a-vfiprintf.o)
 *fill*         0x10009bf1        0x3 
 .rodata        0x10009bf4       0x20 /usr/lib/gcc/arm-none-eabi/13.2.1/../../../arm-none-eabi/lib/thumb/v7e-m+fp/softfp/libc.a(libc_a-vfiprintf.o)
 *(.init)
 .init          0x10009c14        0x4 /usr/lib/gcc/arm-none-eabi/13.2.1/thumb/v7e-m+fp/softfp/crti.o
                0x10009c14                _init
 .init          0x10009c18        0x8 /usr/lib/gcc/arm-none-eabi/13.2.1/thumb/v7e-m+fp/softfp/crtn.o
 *(.fini)
 .fini          0x10009c20        0x4 /usr/lib/gcc/arm-none-eabi/13.2.1/thumb/v7e-m+fp/softfp/crti.o
                0x10009c20                _fini
 .fini          0x10009c24        0x8 /usr/lib/gcc/arm-none-eabi/13.2.1/thumb/v7e-m+fp/softfp/crtn.o
 *crtbegin.o(.ctors)
 *crtbegin?.o(.ctors)
 *(EXCLUDE_FILE(*crtend.o *crtend?.o) .ctors)
 *(SORT_BY_NAME(.ctors.*))
 *(.ctors)
 *crtbegin.o(.dtors)
 *crtbegin?.o(.dtors)
 *(EXCLUDE_FILE(*crtend.o *crtend?.o) .dtors)
 *(SORT_BY_NAME(.dtors.*))
 *(.dtors)
 *(.eh_frame*)
 .eh_frame      0x10009c2c        0x0 /usr/lib/gcc/arm-none-eabi/13.2.1/thumb/v7e-m+fp/softfp/crtbegin.o
 .eh_frame      0x10009c2c       0x34 /usr/lib/gcc/arm-none-eabi/13.2.1/../../../arm-none-eabi/lib/thumb/v7e-m+fp/softfp/libc.a(libc_a-strlen.o)
 .eh_frame      0x10009c60       0x2c /usr/lib/gcc/arm-none-eabi/13.2.1/../../../arm-none-eabi/lib/thumb/v7e-m+fp/softfp/libc.a(libc_a-memcpy.o)
 .eh_frame      0x10009c8c       0x50 /usr/lib/gcc/arm-none-eabi/13.2.1/../../../arm-none-eabi/lib/thumb/v7e-m+fp/softfp/libc.a(libc_a-memchr.o)
 .eh_frame      0x10009cdc        0x4 /usr/lib/gcc/arm-none-eabi/13.2.1/thumb/v7e-m+fp/softfp/crtend.o
                0x10009ce0                        _etext = .

.glue_7         0x10009ce0        0x0
 .glue_7        0x10009ce0        0x0 linker stubs

.glue_7t        0x10009ce0        0x0
 .glue_7t       0x10009ce0        0x0 linker stubs

.vfp11_veneer   0x10009ce0        0x0
 .vfp11_veneer  0x10009ce0        0x0 linker stubs

.v4_bx          0x10009ce0        0x0
 .v4_bx         0x10009ce0        0x0 linker stubs

.iplt           0x10009ce0        0x0
 .iplt          0x10009ce0        0x0 /usr/lib/gcc/arm-none-eabi/13.2.1/thumb/v7e-m+fp/softfp/crtbegin.o

.ARM.extab
 *(.ARM.extab* .gnu.linkonce.armextab.*)

.bin_storage    0x10009ce0        0x0
 FILL mask 0xff
                0x10009ce0                        _bin_start_ = .
 *(.bin_storage_img)
                0x10009ce0                        _bin_end_ = .
                0x10009ce0                        . = ALIGN (0x4)

.rom_code       0x00000000        0x0
                0x00000000                        . = ALIGN (0x10)
                0x20000000                        _sran_code = .
 *(.rom_code_section)
                0x20000000                        _esran_code = .

.flash_code     0x10009ce0        0x0
                0x10009ce0                        . = ALIGN (0x10)
                0x20000000                        _sran_code = .
 *(.flash_code_section)
                0x20000000                        _esran_code = .

.sram_code      0x20000000        0x0
                0x20000000                        . = ALIGN (0x10)
                0x20000000                        _sran_code = .
 *(.sram_code_section)
                0x20000000                        _esran_code = .

.ARM.exidx      0x10009ce0        0x8
                0x10009ce0                        __exidx_start = .
 *(.ARM.exidx* .gnu.linkonce.armexidx.*)
 .ARM.exidx     0x10009ce0        0x8 /usr/lib/gcc/arm-none-eabi/13.2.1/../../../arm-none-eabi/lib/thumb/v7e-m+fp/softfp/libc.a(libc_a-strlen.o)
 .ARM.exidx     0x10009ce8        0x0 /usr/lib/gcc/arm-none-eabi/13.2.1/../../../arm-none-eabi/lib/thumb/v7e-m+fp/softfp/libc.a(libc_a-memcpy.o)
                                  0x8 (size before relaxing)
 .ARM.exidx     0x10009ce8        0x0 /usr/lib/gcc/arm-none-eabi/13.2.1/../../../arm-none-eabi/lib/thumb/v7e-m+fp/softfp/libc.a(libc_a-memchr.o)
                                  0x8 (size before relaxing)
 .ARM.exidx     0x10009ce8        0x0 /usr/lib/gcc/arm-none-eabi/13.2.1/thumb/v7e-m+fp/softfp/libgcc.a(_udivmoddi4.o)
                                  0x8 (size before relaxing)
                0x10009ce8                        __exidx_end = .

.rel.dyn        0x10009ce8        0x0
 .rel.iplt      0x10009ce8        0x0 /usr/lib/gcc/arm-none-eabi/13.2.1/thumb/v7e-m+fp/softfp/crtbegin.o

.data           0x20000000      0x72c load address 0x10009ce8
                0x20000000                        _data = ALIGN (., 0x4)
 *(vtable)
 *(.data*)
 .data.disable_tickless
                0x20000000        0x4 /home/rhys/freeRTOS78000/build/main.o
                0x20000000                disable_tickless
 .data.ConsoleUart
                0x20000004        0x4 /home/rhys/freeRTOS78000/build/board.o
                0x20000004                ConsoleUart
 .data.overflows
                0x20000008        0x4 /home/rhys/msdk/Libraries/PeriphDrivers/bin/MAX78000/spi-v1_softfp/libPeriphDriver_spi-v1_softfp.a(mxc_delay.o)
 .data.states   0x2000000c       0x60 /home/rhys/msdk/Libraries/PeriphDrivers/bin/MAX78000/spi-v1_softfp/libPeriphDriver_spi-v1_softfp.a(uart_revb.o)
 .data.uxCriticalNesting
                0x2000006c        0x4 /home/rhys/freeRTOS78000/build/FreeRTOS/librtos.a(port.o)
 .data          0x20000070      0x128 /usr/lib/gcc/arm-none-eabi/13.2.1/../../../arm-none-eabi/lib/thumb/v7e-m+fp/softfp/libc.a(libc_a-impure.o)
                0x20000070                _impure_ptr
                0x20000078                _impure_data
 .data          0x20000198      0x410 /usr/lib/gcc/arm-none-eabi/13.2.1/../../../arm-none-eabi/lib/thumb/v7e-m+fp/softfp/libc.a(libc_a-mallocr.o)
                0x20000198                __malloc_av_
                0x200005a0                __malloc_sbrk_base
                0x200005a4                __malloc_trim_threshold
 .data          0x200005a8        0xc /usr/lib/gcc/arm-none-eabi/13.2.1/../../../arm-none-eabi/lib/thumb/v7e-m+fp/softfp/libc.a(libc_a-findfp.o)
                0x200005a8                __sglue
 .data          0x200005b4      0x16c /usr/lib/gcc/arm-none-eabi/13.2.1/../../../arm-none-eabi/lib/thumb/v7e-m+fp/softfp/libc.a(libc_a-locale.o)
                0x200005b4                __global_locale
 *(.flashprog*)
                0x20000720                        . = ALIGN (0x4)
                0x20000720                        PROVIDE (__preinit_array_start = .)
 *(.preinit_array)
                0x20000720                        PROVIDE (__preinit_array_end = .)
                0x20000720                        . = ALIGN (0x4)
                0x20000720                        PROVIDE (__init_array_start = .)
 *(SORT_BY_NAME(.init_array.*))
 .init_array.00000
                0x20000720        0x4 /usr/lib/gcc/arm-none-eabi/13.2.1/../../../arm-none-eabi/lib/thumb/v7e-m+fp/softfp/libc.a(libc_a-__call_atexit.o)
 *(.init_array)
 .init_array    0x20000724        0x4 /usr/lib/gcc/arm-none-eabi/13.2.1/thumb/v7e-m+fp/softfp/crtbegin.o
                0x20000728                        PROVIDE (__init_array_end = .)
                0x20000728                        . = ALIGN (0x4)
                0x20000728                        PROVIDE (__fini_array_start = .)
 *(SORT_BY_NAME(.fini_array.*))
 *(.fini_array)
 .fini_array    0x20000728        0x4 /usr/lib/gcc/arm-none-eabi/13.2.1/thumb/v7e-m+fp/softfp/crtbegin.o
                0x2000072c                        PROVIDE (__fini_array_end = .)
                0x2000072c                        _edata = ALIGN (., 0x4)
                0x10009ce8                        __load_data = LOADADDR (.data)

.tm_clone_table
                0x2000072c        0x0 load address 0x1000a414
 .tm_clone_table
                0x2000072c        0x0 /usr/lib/gcc/arm-none-eabi/13.2.1/thumb/v7e-m+fp/softfp/crtbegin.o
 .tm_clone_table
                0x2000072c        0x0 /usr/lib/gcc/arm-none-eabi/13.2.1/thumb/v7e-m+fp/softfp/crtend.o

.igot.plt       0x2000072c        0x0 load address 0x1000a414
 .igot.plt      0x2000072c        0x0 /usr/lib/gcc/arm-none-eabi/13.2.1/thumb/v7e-m+fp/softfp/crtbegin.o

.bss            0x2000072c      0x9e4 load address 0x1000a414
                0x2000072c                        . = ALIGN (0x4)
                0x2000072c                        _bss = .
 *(.bss*)
 .bss           0x2000072c       0x1c /usr/lib/gcc/arm-none-eabi/13.2.1/thumb/v7e-m+fp/softfp/crtbegin.o
 .bss.g_pb_polarity
                0x20000748        0x4 /home/rhys/freeRTOS78000/build/pb.o
 .bss.g_spi_gpio
                0x2000074c        0xc /home/rhys/freeRTOS78000/build/tft_ssd2119.o
 .bss.blen_pin  0x20000758        0xc /home/rhys/freeRTOS78000/build/tft_ssd2119.o
 .bss.reset_pin
                0x20000764        0xc /home/rhys/freeRTOS78000/build/tft_ssd2119.o
 .bss.tft_spi_freq
                0x20000770        0x4 /home/rhys/freeRTOS78000/build/tft_ssd2119.o
 .bss.ssel      0x20000774        0x4 /home/rhys/freeRTOS78000/build/tft_ssd2119.o
 .bss.spi       0x20000778        0x4 /home/rhys/freeRTOS78000/build/tft_ssd2119.o
 .bss.t_spi_gpio
                0x2000077c        0xc /home/rhys/freeRTOS78000/build/tsc2046.o
 .bss.busy_gpio
                0x20000788        0xc /home/rhys/freeRTOS78000/build/tsc2046.o
 .bss.int_gpio  0x20000794        0xc /home/rhys/freeRTOS78000/build/tsc2046.o
 .bss.t_spi_freq
                0x200007a0        0x4 /home/rhys/freeRTOS78000/build/tsc2046.o
 .bss.t_ssel    0x200007a4        0x4 /home/rhys/freeRTOS78000/build/tsc2046.o
 .bss.t_spi     0x200007a8        0x4 /home/rhys/freeRTOS78000/build/tsc2046.o
 .bss.heap_end  0x200007ac        0x4 /home/rhys/freeRTOS78000/build/heap.o
 .bss.cbFunc    0x200007b0        0x4 /home/rhys/msdk/Libraries/PeriphDrivers/bin/MAX78000/spi-v1_softfp/libPeriphDriver_spi-v1_softfp.a(mxc_delay.o)
 .bss.ctrl_save
                0x200007b4        0x4 /home/rhys/msdk/Libraries/PeriphDrivers/bin/MAX78000/spi-v1_softfp/libPeriphDriver_spi-v1_softfp.a(mxc_delay.o)
 .bss.endtick   0x200007b8        0x4 /home/rhys/msdk/Libraries/PeriphDrivers/bin/MAX78000/spi-v1_softfp/libPeriphDriver_spi-v1_softfp.a(mxc_delay.o)
 .bss.g_is_clock_locked
                0x200007bc        0x4 /home/rhys/msdk/Libraries/PeriphDrivers/bin/MAX78000/spi-v1_softfp/libPeriphDriver_spi-v1_softfp.a(uart_revb.o)
 .bss.cfg_lock  0x200007c0        0x1 /home/rhys/msdk/Libraries/PeriphDrivers/bin/MAX78000/spi-v1_softfp/libPeriphDriver_spi-v1_softfp.a(gpio_common.o)
 .bss.initialized
                0x200007c1        0x1 /home/rhys/msdk/Libraries/PeriphDrivers/bin/MAX78000/spi-v1_softfp/libPeriphDriver_spi-v1_softfp.a(gpio_common.o)
 *fill*         0x200007c2        0x2 
 .bss.cbparam   0x200007c4      0x200 /home/rhys/msdk/Libraries/PeriphDrivers/bin/MAX78000/spi-v1_softfp/libPeriphDriver_spi-v1_softfp.a(gpio_common.o)
 .bss.callback  0x200009c4      0x200 /home/rhys/msdk/Libraries/PeriphDrivers/bin/MAX78000/spi-v1_softfp/libPeriphDriver_spi-v1_softfp.a(gpio_common.o)
 .bss.uxSchedulerSuspended
                0x20000bc4        0x4 /home/rhys/freeRTOS78000/build/FreeRTOS/librtos.a(tasks.o)
 .bss.xNextTaskUnblockTime
                0x20000bc8        0x4 /home/rhys/freeRTOS78000/build/FreeRTOS/librtos.a(tasks.o)
 .bss.uxTaskNumber
                0x20000bcc        0x4 /home/rhys/freeRTOS78000/build/FreeRTOS/librtos.a(tasks.o)
 .bss.xNumOfOverflows
                0x20000bd0        0x4 /home/rhys/freeRTOS78000/build/FreeRTOS/librtos.a(tasks.o)
 .bss.xYieldPending
                0x20000bd4        0x4 /home/rhys/freeRTOS78000/build/FreeRTOS/librtos.a(tasks.o)
 .bss.xPendedTicks
                0x20000bd8        0x4 /home/rhys/freeRTOS78000/build/FreeRTOS/librtos.a(tasks.o)
 .bss.xSchedulerRunning
                0x20000bdc        0x4 /home/rhys/freeRTOS78000/build/FreeRTOS/librtos.a(tasks.o)
 .bss.uxTopReadyPriority
                0x20000be0        0x4 /home/rhys/freeRTOS78000/build/FreeRTOS/librtos.a(tasks.o)
 .bss.xTickCount
                0x20000be4        0x4 /home/rhys/freeRTOS78000/build/FreeRTOS/librtos.a(tasks.o)
 .bss.uxCurrentNumberOfTasks
                0x20000be8        0x4 /home/rhys/freeRTOS78000/build/FreeRTOS/librtos.a(tasks.o)
 .bss.xPendingReadyList
                0x20000bec       0x14 /home/rhys/freeRTOS78000/build/FreeRTOS/librtos.a(tasks.o)
 .bss.pxOverflowDelayedTaskList
                0x20000c00        0x4 /home/rhys/freeRTOS78000/build/FreeRTOS/librtos.a(tasks.o)
 .bss.pxDelayedTaskList
                0x20000c04        0x4 /home/rhys/freeRTOS78000/build/FreeRTOS/librtos.a(tasks.o)
 .bss.xDelayedTaskList2
                0x20000c08       0x14 /home/rhys/freeRTOS78000/build/FreeRTOS/librtos.a(tasks.o)
 .bss.xDelayedTaskList1
                0x20000c1c       0x14 /home/rhys/freeRTOS78000/build/FreeRTOS/librtos.a(tasks.o)
 .bss.pxReadyTasksLists
                0x20000c30       0x64 /home/rhys/freeRTOS78000/build/FreeRTOS/librtos.a(tasks.o)
 .bss.pxCurrentTCB
                0x20000c94        0x4 /home/rhys/freeRTOS78000/build/FreeRTOS/librtos.a(tasks.o)
                0x20000c94                pxCurrentTCB
 .bss.ulMaxPRIGROUPValue
                0x20000c98        0x4 /home/rhys/freeRTOS78000/build/FreeRTOS/librtos.a(port.o)
 .bss.ucMaxSysCallPriority
                0x20000c9c        0x1 /home/rhys/freeRTOS78000/build/FreeRTOS/librtos.a(port.o)
 *fill*         0x20000c9d        0x3 
 .bss.xStaticTimerQueue.0
                0x20000ca0       0x48 /home/rhys/freeRTOS78000/build/FreeRTOS/librtos.a(timers.o)
 .bss.ucStaticTimerQueueStorage.1
                0x20000ce8       0x78 /home/rhys/freeRTOS78000/build/FreeRTOS/librtos.a(timers.o)
 .bss.xLastTime.2
                0x20000d60        0x4 /home/rhys/freeRTOS78000/build/FreeRTOS/librtos.a(timers.o)
 .bss.xTimerTaskHandle
                0x20000d64        0x4 /home/rhys/freeRTOS78000/build/FreeRTOS/librtos.a(timers.o)
 .bss.xTimerQueue
                0x20000d68        0x4 /home/rhys/freeRTOS78000/build/FreeRTOS/librtos.a(timers.o)
 .bss.pxOverflowTimerList
                0x20000d6c        0x4 /home/rhys/freeRTOS78000/build/FreeRTOS/librtos.a(timers.o)
 .bss.pxCurrentTimerList
                0x20000d70        0x4 /home/rhys/freeRTOS78000/build/FreeRTOS/librtos.a(timers.o)
 .bss.xActiveTimerList2
                0x20000d74       0x14 /home/rhys/freeRTOS78000/build/FreeRTOS/librtos.a(timers.o)
 .bss.xActiveTimerList1
                0x20000d88       0x14 /home/rhys/freeRTOS78000/build/FreeRTOS/librtos.a(timers.o)
 .bss.xNumberOfSuccessfulFrees
                0x20000d9c        0x4 /home/rhys/freeRTOS78000/build/FreeRTOS/librtos.a(heap_4.o)
 .bss.xNumberOfSuccessfulAllocations
                0x20000da0        0x4 /home/rhys/freeRTOS78000/build/FreeRTOS/librtos.a(heap_4.o)
 .bss.xMinimumEverFreeBytesRemaining
                0x20000da4        0x4 /home/rhys/freeRTOS78000/build/FreeRTOS/librtos.a(heap_4.o)
 .bss.xFreeBytesRemaining
                0x20000da8        0x4 /home/rhys/freeRTOS78000/build/FreeRTOS/librtos.a(heap_4.o)
 .bss.pxEnd     0x20000dac        0x4 /home/rhys/freeRTOS78000/build/FreeRTOS/librtos.a(heap_4.o)
 .bss.xStart    0x20000db0        0x8 /home/rhys/freeRTOS78000/build/FreeRTOS/librtos.a(heap_4.o)
 .bss.xQueueRegistry
                0x20000db8       0x50 /home/rhys/freeRTOS78000/build/FreeRTOS/librtos.a(queue.o)
                0x20000db8                xQueueRegistry
 .bss           0x20000e08       0x34 /usr/lib/gcc/arm-none-eabi/13.2.1/../../../arm-none-eabi/lib/thumb/v7e-m+fp/softfp/libc.a(libc_a-mallocr.o)
                0x20000e08                __malloc_top_pad
                0x20000e0c                __malloc_current_mallinfo
                0x20000e34                __malloc_max_sbrked_mem
                0x20000e38                __malloc_max_total_mem
 .bss           0x20000e3c      0x13c /usr/lib/gcc/arm-none-eabi/13.2.1/../../../arm-none-eabi/lib/thumb/v7e-m+fp/softfp/libc.a(libc_a-findfp.o)
                0x20000e3c                __sf
                0x20000f74                __stdio_exit_handler
 .bss           0x20000f78        0x4 /usr/lib/gcc/arm-none-eabi/13.2.1/../../../arm-none-eabi/lib/thumb/v7e-m+fp/softfp/libc.a(libc_a-__call_atexit.o)
                0x20000f78                __atexit
 .bss           0x20000f7c        0x4 /usr/lib/gcc/arm-none-eabi/13.2.1/../../../arm-none-eabi/lib/thumb/v7e-m+fp/softfp/libc.a(libc_a-reent.o)
                0x20000f7c                errno
 .bss           0x20000f80      0x190 /usr/lib/gcc/arm-none-eabi/13.2.1/../../../arm-none-eabi/lib/thumb/v7e-m+fp/softfp/libc.a(libc_a-__atexit.o)
                0x20000f80                __atexit0
 *(COMMON)
                0x20001110                        _ebss = ALIGN (., 0x4)

.shared         0x20001110        0x4 load address 0x1000a414
                0x20001110                        . = ALIGN (0x4)
                0x20001110                        _shared = .
 *(.mailbox*)
                0x20001110                        . = ALIGN (0x4)
 *(.shared*)
 .shared        0x20001110        0x4 /home/rhys/freeRTOS78000/build/system_max78000.o
                0x20001110                SystemCoreClock
                0x20001114                        _eshared = ALIGN (., 0x4)
                0x1000a414                        __shared_data = LOADADDR (.shared)
                0x20020000                        __StackTop = (ORIGIN (SRAM) + LENGTH (SRAM))
                0x2001f000                        __StackLimit = (__StackTop - SIZEOF (.stack_dummy))

.stack_dummy    0x20001118     0x1000 load address 0x1000a418
 *(.stack*)
 .stack         0x20001118     0x1000 /home/rhys/freeRTOS78000/build/startup_max78000.o

.heap           0x20001118      0xc00 load address 0x1000a418
                0x20001118                        . = ALIGN (0x4)
 *(.heap*)
 .heap          0x20001118      0xc00 /home/rhys/freeRTOS78000/build/startup_max78000.o
                0x20001118                __HeapBase
                0x2001f000                        __HeapLimit = ABSOLUTE (__StackLimit)
                0x20020000                        PROVIDE (__stack = __StackTop)
                0x00000001                        ASSERT ((__StackLimit >= _ebss), region RAM overflowed with stack)

.riscv_flash    0x1000a418      0x1e8
                0x1000a500                        . = ALIGN (0x100)
 *fill*         0x1000a418       0xe8 
                0x1000a600                        . = (. + 0x100)
 *fill*         0x1000a500      0x100 
                0x1000a600                        _riscv_boot = .
 *riscv.o(.text*)
OUTPUT(/home/rhys/freeRTOS78000/build/max78000.elf elf32-littlearm)
LOAD linker stubs

.ARM.attributes
                0x00000000       0x2e
 .ARM.attributes
                0x00000000       0x22 /usr/lib/gcc/arm-none-eabi/13.2.1/thumb/v7e-m+fp/softfp/crti.o
 .ARM.attributes
                0x00000022       0x32 /usr/lib/gcc/arm-none-eabi/13.2.1/thumb/v7e-m+fp/softfp/crtbegin.o
 .ARM.attributes
                0x00000054       0x32 /home/rhys/freeRTOS78000/build/main.o
 .ARM.attributes
                0x00000086       0x32 /home/rhys/freeRTOS78000/build/board.o
 .ARM.attributes
                0x000000b8       0x32 /home/rhys/freeRTOS78000/build/stdio.o
 .ARM.attributes
                0x000000ea       0x32 /home/rhys/freeRTOS78000/build/led.o
 .ARM.attributes
                0x0000011c       0x32 /home/rhys/freeRTOS78000/build/pb.o
 .ARM.attributes
                0x0000014e       0x32 /home/rhys/freeRTOS78000/build/tft_ssd2119.o
 .ARM.attributes
                0x00000180       0x32 /home/rhys/freeRTOS78000/build/tsc2046.o
 .ARM.attributes
                0x000001b2       0x1b /home/rhys/freeRTOS78000/build/startup_max78000.o
 .ARM.attributes
                0x000001cd       0x32 /home/rhys/freeRTOS78000/build/heap.o
 .ARM.attributes
                0x000001ff       0x32 /home/rhys/freeRTOS78000/build/system_max78000.o
 .ARM.attributes
                0x00000231       0x32 /home/rhys/msdk/Libraries/PeriphDrivers/bin/MAX78000/spi-v1_softfp/libPeriphDriver_spi-v1_softfp.a(mxc_delay.o)
 .ARM.attributes
                0x00000263       0x32 /home/rhys/msdk/Libraries/PeriphDrivers/bin/MAX78000/spi-v1_softfp/libPeriphDriver_spi-v1_softfp.a(pins_ai85.o)
 .ARM.attributes
                0x00000295       0x32 /home/rhys/msdk/Libraries/PeriphDrivers/bin/MAX78000/spi-v1_softfp/libPeriphDriver_spi-v1_softfp.a(sys_ai85.o)
 .ARM.attributes
                0x000002c7       0x32 /home/rhys/msdk/Libraries/PeriphDrivers/bin/MAX78000/spi-v1_softfp/libPeriphDriver_spi-v1_softfp.a(gpio_ai85.o)
 .ARM.attributes
                0x000002f9       0x32 /home/rhys/msdk/Libraries/PeriphDrivers/bin/MAX78000/spi-v1_softfp/libPeriphDriver_spi-v1_softfp.a(gpio_reva.o)
 .ARM.attributes
                0x0000032b       0x32 /home/rhys/msdk/Libraries/PeriphDrivers/bin/MAX78000/spi-v1_softfp/libPeriphDriver_spi-v1_softfp.a(icc_me17.o)
 .ARM.attributes
                0x0000035d       0x32 /home/rhys/msdk/Libraries/PeriphDrivers/bin/MAX78000/spi-v1_softfp/libPeriphDriver_spi-v1_softfp.a(icc_reva.o)
 .ARM.attributes
                0x0000038f       0x32 /home/rhys/msdk/Libraries/PeriphDrivers/bin/MAX78000/spi-v1_softfp/libPeriphDriver_spi-v1_softfp.a(uart_ai85.o)
 .ARM.attributes
                0x000003c1       0x32 /home/rhys/msdk/Libraries/PeriphDrivers/bin/MAX78000/spi-v1_softfp/libPeriphDriver_spi-v1_softfp.a(uart_common.o)
 .ARM.attributes
                0x000003f3       0x32 /home/rhys/msdk/Libraries/PeriphDrivers/bin/MAX78000/spi-v1_softfp/libPeriphDriver_spi-v1_softfp.a(uart_revb.o)
 .ARM.attributes
                0x00000425       0x32 /home/rhys/msdk/Libraries/PeriphDrivers/bin/MAX78000/spi-v1_softfp/libPeriphDriver_spi-v1_softfp.a(gpio_common.o)
 .ARM.attributes
                0x00000457       0x32 /home/rhys/freeRTOS78000/build/FreeRTOS/librtos.a(tasks.o)
 .ARM.attributes
                0x00000489       0x32 /home/rhys/freeRTOS78000/build/FreeRTOS/librtos.a(port.o)
 .ARM.attributes
                0x000004bb       0x32 /home/rhys/freeRTOS78000/build/FreeRTOS/librtos.a(timers.o)
 .ARM.attributes
                0x000004ed       0x32 /home/rhys/freeRTOS78000/build/FreeRTOS/librtos.a(heap_4.o)
 .ARM.attributes
                0x0000051f       0x32 /home/rhys/freeRTOS78000/build/FreeRTOS/librtos.a(list.o)
 .ARM.attributes
                0x00000551       0x32 /home/rhys/freeRTOS78000/build/FreeRTOS/librtos.a(queue.o)
 .ARM.attributes
                0x00000583       0x1c /usr/lib/gcc/arm-none-eabi/13.2.1/../../../arm-none-eabi/lib/thumb/v7e-m+fp/softfp/libc.a(libc_a-strlen.o)
 .ARM.attributes
                0x0000059f       0x32 /usr/lib/gcc/arm-none-eabi/13.2.1/../../../arm-none-eabi/lib/thumb/v7e-m+fp/softfp/libc.a(libc_a-memset.o)
 .ARM.attributes
                0x000005d1       0x32 /usr/lib/gcc/arm-none-eabi/13.2.1/../../../arm-none-eabi/lib/thumb/v7e-m+fp/softfp/libc.a(libc_a-errno.o)
 .ARM.attributes
                0x00000603       0x32 /usr/lib/gcc/arm-none-eabi/13.2.1/../../../arm-none-eabi/lib/thumb/v7e-m+fp/softfp/libc.a(libc_a-impure.o)
 .ARM.attributes
                0x00000635       0x32 /usr/lib/gcc/arm-none-eabi/13.2.1/../../../arm-none-eabi/lib/thumb/v7e-m+fp/softfp/libc.a(libc_a-mallocr.o)
 .ARM.attributes
                0x00000667       0x32 /usr/lib/gcc/arm-none-eabi/13.2.1/../../../arm-none-eabi/lib/thumb/v7e-m+fp/softfp/libc.a(libc_a-dtoa.o)
 .ARM.attributes
                0x00000699       0x32 /usr/lib/gcc/arm-none-eabi/13.2.1/../../../arm-none-eabi/lib/thumb/v7e-m+fp/softfp/libc.a(libc_a-freer.o)
 .ARM.attributes
                0x000006cb       0x32 /usr/lib/gcc/arm-none-eabi/13.2.1/../../../arm-none-eabi/lib/thumb/v7e-m+fp/softfp/libc.a(libc_a-malloc.o)
 .ARM.attributes
                0x000006fd       0x20 /usr/lib/gcc/arm-none-eabi/13.2.1/../../../arm-none-eabi/lib/thumb/v7e-m+fp/softfp/libc.a(libc_a-memcpy.o)
 .ARM.attributes
                0x0000071d       0x32 /usr/lib/gcc/arm-none-eabi/13.2.1/../../../arm-none-eabi/lib/thumb/v7e-m+fp/softfp/libc.a(libc_a-sysconf.o)
 .ARM.attributes
                0x0000074f       0x32 /usr/lib/gcc/arm-none-eabi/13.2.1/../../../arm-none-eabi/lib/thumb/v7e-m+fp/softfp/libc.a(libc_a-init.o)
 .ARM.attributes
                0x00000781       0x32 /usr/lib/gcc/arm-none-eabi/13.2.1/../../../arm-none-eabi/lib/thumb/v7e-m+fp/softfp/libc.a(libc_a-mlock.o)
 .ARM.attributes
                0x000007b3       0x32 /usr/lib/gcc/arm-none-eabi/13.2.1/../../../arm-none-eabi/lib/thumb/v7e-m+fp/softfp/libc.a(libc_a-findfp.o)
 .ARM.attributes
                0x000007e5       0x32 /usr/lib/gcc/arm-none-eabi/13.2.1/../../../arm-none-eabi/lib/thumb/v7e-m+fp/softfp/libc.a(libc_a-puts.o)
 .ARM.attributes
                0x00000817       0x32 /usr/lib/gcc/arm-none-eabi/13.2.1/../../../arm-none-eabi/lib/thumb/v7e-m+fp/softfp/libc.a(libc_a-fvwrite.o)
 .ARM.attributes
                0x00000849       0x32 /usr/lib/gcc/arm-none-eabi/13.2.1/../../../arm-none-eabi/lib/thumb/v7e-m+fp/softfp/libc.a(libc_a-atexit.o)
 .ARM.attributes
                0x0000087b       0x32 /usr/lib/gcc/arm-none-eabi/13.2.1/../../../arm-none-eabi/lib/thumb/v7e-m+fp/softfp/libc.a(libc_a-printf.o)
 .ARM.attributes
                0x000008ad       0x32 /usr/lib/gcc/arm-none-eabi/13.2.1/../../../arm-none-eabi/lib/thumb/v7e-m+fp/softfp/libc.a(libc_a-sbrkr.o)
 .ARM.attributes
                0x000008df       0x32 /usr/lib/gcc/arm-none-eabi/13.2.1/../../../arm-none-eabi/lib/thumb/v7e-m+fp/softfp/libc.a(libc_a-fini.o)
 .ARM.attributes
                0x00000911       0x32 /usr/lib/gcc/arm-none-eabi/13.2.1/../../../arm-none-eabi/lib/thumb/v7e-m+fp/softfp/libc.a(libc_a-assert.o)
 .ARM.attributes
                0x00000943       0x32 /usr/lib/gcc/arm-none-eabi/13.2.1/../../../arm-none-eabi/lib/thumb/v7e-m+fp/softfp/libc.a(libc_a-mprec.o)
 .ARM.attributes
                0x00000975       0x32 /usr/lib/gcc/arm-none-eabi/13.2.1/../../../arm-none-eabi/lib/thumb/v7e-m+fp/softfp/libc.a(libc_a-fwalk.o)
 .ARM.attributes
                0x000009a7       0x32 /usr/lib/gcc/arm-none-eabi/13.2.1/../../../arm-none-eabi/lib/thumb/v7e-m+fp/softfp/libc.a(libc_a-localeconv.o)
 .ARM.attributes
                0x000009d9       0x32 /usr/lib/gcc/arm-none-eabi/13.2.1/../../../arm-none-eabi/lib/thumb/v7e-m+fp/softfp/libc.a(libc_a-vfprintf.o)
 .ARM.attributes
                0x00000a0b       0x32 /usr/lib/gcc/arm-none-eabi/13.2.1/../../../arm-none-eabi/lib/thumb/v7e-m+fp/softfp/libc.a(libc_a-locale.o)
 .ARM.attributes
                0x00000a3d       0x1c /usr/lib/gcc/arm-none-eabi/13.2.1/../../../arm-none-eabi/lib/thumb/v7e-m+fp/softfp/libc.a(libc_a-memchr.o)
 .ARM.attributes
                0x00000a59       0x32 /usr/lib/gcc/arm-none-eabi/13.2.1/../../../arm-none-eabi/lib/thumb/v7e-m+fp/softfp/libc.a(libc_a-mbtowc_r.o)
 .ARM.attributes
                0x00000a8b       0x32 /usr/lib/gcc/arm-none-eabi/13.2.1/../../../arm-none-eabi/lib/thumb/v7e-m+fp/softfp/libc.a(libc_a-fflush.o)
 .ARM.attributes
                0x00000abd       0x32 /usr/lib/gcc/arm-none-eabi/13.2.1/../../../arm-none-eabi/lib/thumb/v7e-m+fp/softfp/libc.a(libc_a-memmove.o)
 .ARM.attributes
                0x00000aef       0x32 /usr/lib/gcc/arm-none-eabi/13.2.1/../../../arm-none-eabi/lib/thumb/v7e-m+fp/softfp/libc.a(libc_a-abort.o)
 .ARM.attributes
                0x00000b21       0x32 /usr/lib/gcc/arm-none-eabi/13.2.1/../../../arm-none-eabi/lib/thumb/v7e-m+fp/softfp/libc.a(libc_a-callocr.o)
 .ARM.attributes
                0x00000b53       0x32 /usr/lib/gcc/arm-none-eabi/13.2.1/../../../arm-none-eabi/lib/thumb/v7e-m+fp/softfp/libc.a(libc_a-fiprintf.o)
 .ARM.attributes
                0x00000b85       0x32 /usr/lib/gcc/arm-none-eabi/13.2.1/../../../arm-none-eabi/lib/thumb/v7e-m+fp/softfp/libc.a(libc_a-wsetup.o)
 .ARM.attributes
                0x00000bb7       0x32 /usr/lib/gcc/arm-none-eabi/13.2.1/../../../arm-none-eabi/lib/thumb/v7e-m+fp/softfp/libc.a(libc_a-fclose.o)
 .ARM.attributes
                0x00000be9       0x32 /usr/lib/gcc/arm-none-eabi/13.2.1/../../../arm-none-eabi/lib/thumb/v7e-m+fp/softfp/libc.a(libc_a-wctomb_r.o)
 .ARM.attributes
                0x00000c1b       0x32 /usr/lib/gcc/arm-none-eabi/13.2.1/../../../arm-none-eabi/lib/thumb/v7e-m+fp/softfp/libc.a(libc_a-__call_atexit.o)
 .ARM.attributes
                0x00000c4d       0x32 /usr/lib/gcc/arm-none-eabi/13.2.1/../../../arm-none-eabi/lib/thumb/v7e-m+fp/softfp/libc.a(libc_a-stdio.o)
 .ARM.attributes
                0x00000c7f       0x32 /usr/lib/gcc/arm-none-eabi/13.2.1/../../../arm-none-eabi/lib/thumb/v7e-m+fp/softfp/libc.a(libc_a-reent.o)
 .ARM.attributes
                0x00000cb1       0x32 /usr/lib/gcc/arm-none-eabi/13.2.1/../../../arm-none-eabi/lib/thumb/v7e-m+fp/softfp/libc.a(libc_a-__atexit.o)
 .ARM.attributes
                0x00000ce3       0x32 /usr/lib/gcc/arm-none-eabi/13.2.1/../../../arm-none-eabi/lib/thumb/v7e-m+fp/softfp/libc.a(libc_a-reallocr.o)
 .ARM.attributes
                0x00000d15       0x32 /usr/lib/gcc/arm-none-eabi/13.2.1/../../../arm-none-eabi/lib/thumb/v7e-m+fp/softfp/libc.a(libc_a-writer.o)
 .ARM.attributes
                0x00000d47       0x32 /usr/lib/gcc/arm-none-eabi/13.2.1/../../../arm-none-eabi/lib/thumb/v7e-m+fp/softfp/libc.a(libc_a-ctype_.o)
 .ARM.attributes
                0x00000d79       0x32 /usr/lib/gcc/arm-none-eabi/13.2.1/../../../arm-none-eabi/lib/thumb/v7e-m+fp/softfp/libc.a(libc_a-closer.o)
 .ARM.attributes
                0x00000dab       0x32 /usr/lib/gcc/arm-none-eabi/13.2.1/../../../arm-none-eabi/lib/thumb/v7e-m+fp/softfp/libc.a(libc_a-signal.o)
 .ARM.attributes
                0x00000ddd       0x32 /usr/lib/gcc/arm-none-eabi/13.2.1/../../../arm-none-eabi/lib/thumb/v7e-m+fp/softfp/libc.a(libc_a-sprint_r.o)
 .ARM.attributes
                0x00000e0f       0x32 /usr/lib/gcc/arm-none-eabi/13.2.1/../../../arm-none-eabi/lib/thumb/v7e-m+fp/softfp/libc.a(libc_a-makebuf.o)
 .ARM.attributes
                0x00000e41       0x32 /usr/lib/gcc/arm-none-eabi/13.2.1/../../../arm-none-eabi/lib/thumb/v7e-m+fp/softfp/libc.a(libc_a-signalr.o)
 .ARM.attributes
                0x00000e73       0x32 /usr/lib/gcc/arm-none-eabi/13.2.1/../../../arm-none-eabi/lib/thumb/v7e-m+fp/softfp/libc.a(libc_a-vfiprintf.o)
 .ARM.attributes
                0x00000ea5       0x32 /usr/lib/gcc/arm-none-eabi/13.2.1/../../../arm-none-eabi/lib/thumb/v7e-m+fp/softfp/libc.a(libc_a-readr.o)
 .ARM.attributes
                0x00000ed7       0x32 /usr/lib/gcc/arm-none-eabi/13.2.1/../../../arm-none-eabi/lib/thumb/v7e-m+fp/softfp/libc.a(libc_a-lseekr.o)
 .ARM.attributes
                0x00000f09       0x32 /usr/lib/gcc/arm-none-eabi/13.2.1/../../../arm-none-eabi/lib/thumb/v7e-m+fp/softfp/libc.a(libc_a-fstatr.o)
 .ARM.attributes
                0x00000f3b       0x32 /usr/lib/gcc/arm-none-eabi/13.2.1/../../../arm-none-eabi/lib/thumb/v7e-m+fp/softfp/libc.a(libc_a-isattyr.o)
 .ARM.attributes
                0x00000f6d       0x32 /usr/lib/gcc/arm-none-eabi/13.2.1/../../../arm-none-eabi/lib/thumb/v7e-m+fp/softfp/libnosys.a(_exit.o)
 .ARM.attributes
                0x00000f9f       0x22 /usr/lib/gcc/arm-none-eabi/13.2.1/thumb/v7e-m+fp/softfp/libgcc.a(_arm_addsubdf3.o)
 .ARM.attributes
                0x00000fc1       0x22 /usr/lib/gcc/arm-none-eabi/13.2.1/thumb/v7e-m+fp/softfp/libgcc.a(_arm_muldivdf3.o)
 .ARM.attributes
                0x00000fe3       0x22 /usr/lib/gcc/arm-none-eabi/13.2.1/thumb/v7e-m+fp/softfp/libgcc.a(_arm_cmpdf2.o)
 .ARM.attributes
                0x00001005       0x22 /usr/lib/gcc/arm-none-eabi/13.2.1/thumb/v7e-m+fp/softfp/libgcc.a(_arm_unorddf2.o)
 .ARM.attributes
                0x00001027       0x22 /usr/lib/gcc/arm-none-eabi/13.2.1/thumb/v7e-m+fp/softfp/libgcc.a(_arm_fixdfsi.o)
 .ARM.attributes
                0x00001049       0x22 /usr/lib/gcc/arm-none-eabi/13.2.1/thumb/v7e-m+fp/softfp/libgcc.a(_aeabi_uldivmod.o)
 .ARM.attributes
                0x0000106b       0x32 /usr/lib/gcc/arm-none-eabi/13.2.1/thumb/v7e-m+fp/softfp/libgcc.a(_udivmoddi4.o)
 .ARM.attributes
                0x0000109d       0x22 /usr/lib/gcc/arm-none-eabi/13.2.1/thumb/v7e-m+fp/softfp/libgcc.a(_dvmd_tls.o)
 .ARM.attributes
                0x000010bf       0x32 /usr/lib/gcc/arm-none-eabi/13.2.1/thumb/v7e-m+fp/softfp/crtend.o
 .ARM.attributes
                0x000010f1       0x22 /usr/lib/gcc/arm-none-eabi/13.2.1/thumb/v7e-m+fp/softfp/crtn.o

.comment        0x00000000       0x26
 .comment       0x00000000       0x26 /usr/lib/gcc/arm-none-eabi/13.2.1/thumb/v7e-m+fp/softfp/crtbegin.o
                                 0x27 (size before relaxing)
 .comment       0x00000026       0x27 /home/rhys/freeRTOS78000/build/main.o
 .comment       0x00000026       0x27 /home/rhys/freeRTOS78000/build/board.o
 .comment       0x00000026       0x27 /home/rhys/freeRTOS78000/build/stdio.o
 .comment       0x00000026       0x27 /home/rhys/freeRTOS78000/build/led.o
 .comment       0x00000026       0x27 /home/rhys/freeRTOS78000/build/pb.o
 .comment       0x00000026       0x27 /home/rhys/freeRTOS78000/build/tft_ssd2119.o
 .comment       0x00000026       0x27 /home/rhys/freeRTOS78000/build/tsc2046.o
 .comment       0x00000026       0x27 /home/rhys/freeRTOS78000/build/heap.o
 .comment       0x00000026       0x27 /home/rhys/freeRTOS78000/build/system_max78000.o
 .comment       0x00000026       0x27 /home/rhys/msdk/Libraries/PeriphDrivers/bin/MAX78000/spi-v1_softfp/libPeriphDriver_spi-v1_softfp.a(mxc_delay.o)
 .comment       0x00000026       0x27 /home/rhys/msdk/Libraries/PeriphDrivers/bin/MAX78000/spi-v1_softfp/libPeriphDriver_spi-v1_softfp.a(pins_ai85.o)
 .comment       0x00000026       0x27 /home/rhys/msdk/Libraries/PeriphDrivers/bin/MAX78000/spi-v1_softfp/libPeriphDriver_spi-v1_softfp.a(sys_ai85.o)
 .comment       0x00000026       0x27 /home/rhys/msdk/Libraries/PeriphDrivers/bin/MAX78000/spi-v1_softfp/libPeriphDriver_spi-v1_softfp.a(gpio_ai85.o)
 .comment       0x00000026       0x27 /home/rhys/msdk/Libraries/PeriphDrivers/bin/MAX78000/spi-v1_softfp/libPeriphDriver_spi-v1_softfp.a(gpio_reva.o)
 .comment       0x00000026       0x27 /home/rhys/msdk/Libraries/PeriphDrivers/bin/MAX78000/spi-v1_softfp/libPeriphDriver_spi-v1_softfp.a(icc_me17.o)
 .comment       0x00000026       0x27 /home/rhys/msdk/Libraries/PeriphDrivers/bin/MAX78000/spi-v1_softfp/libPeriphDriver_spi-v1_softfp.a(icc_reva.o)
 .comment       0x00000026       0x27 /home/rhys/msdk/Libraries/PeriphDrivers/bin/MAX78000/spi-v1_softfp/libPeriphDriver_spi-v1_softfp.a(uart_ai85.o)
 .comment       0x00000026       0x27 /home/rhys/msdk/Libraries/PeriphDrivers/bin/MAX78000/spi-v1_softfp/libPeriphDriver_spi-v1_softfp.a(uart_common.o)
 .comment       0x00000026       0x27 /home/rhys/msdk/Libraries/PeriphDrivers/bin/MAX78000/spi-v1_softfp/libPeriphDriver_spi-v1_softfp.a(uart_revb.o)
 .comment       0x00000026       0x27 /home/rhys/msdk/Libraries/PeriphDrivers/bin/MAX78000/spi-v1_softfp/libPeriphDriver_spi-v1_softfp.a(gpio_common.o)
 .comment       0x00000026       0x27 /home/rhys/freeRTOS78000/build/FreeRTOS/librtos.a(tasks.o)
 .comment       0x00000026       0x27 /home/rhys/freeRTOS78000/build/FreeRTOS/librtos.a(port.o)
 .comment       0x00000026       0x27 /home/rhys/freeRTOS78000/build/FreeRTOS/librtos.a(timers.o)
 .comment       0x00000026       0x27 /home/rhys/freeRTOS78000/build/FreeRTOS/librtos.a(heap_4.o)
 .comment       0x00000026       0x27 /home/rhys/freeRTOS78000/build/FreeRTOS/librtos.a(list.o)
 .comment       0x00000026       0x27 /home/rhys/freeRTOS78000/build/FreeRTOS/librtos.a(queue.o)
 .comment       0x00000026       0x27 /usr/lib/gcc/arm-none-eabi/13.2.1/../../../arm-none-eabi/lib/thumb/v7e-m+fp/softfp/libc.a(libc_a-memset.o)
 .comment       0x00000026       0x27 /usr/lib/gcc/arm-none-eabi/13.2.1/../../../arm-none-eabi/lib/thumb/v7e-m+fp/softfp/libc.a(libc_a-errno.o)
 .comment       0x00000026       0x27 /usr/lib/gcc/arm-none-eabi/13.2.1/../../../arm-none-eabi/lib/thumb/v7e-m+fp/softfp/libc.a(libc_a-impure.o)
 .comment       0x00000026       0x27 /usr/lib/gcc/arm-none-eabi/13.2.1/../../../arm-none-eabi/lib/thumb/v7e-m+fp/softfp/libc.a(libc_a-mallocr.o)
 .comment       0x00000026       0x27 /usr/lib/gcc/arm-none-eabi/13.2.1/../../../arm-none-eabi/lib/thumb/v7e-m+fp/softfp/libc.a(libc_a-dtoa.o)
 .comment       0x00000026       0x27 /usr/lib/gcc/arm-none-eabi/13.2.1/../../../arm-none-eabi/lib/thumb/v7e-m+fp/softfp/libc.a(libc_a-freer.o)
 .comment       0x00000026       0x27 /usr/lib/gcc/arm-none-eabi/13.2.1/../../../arm-none-eabi/lib/thumb/v7e-m+fp/softfp/libc.a(libc_a-malloc.o)
 .comment       0x00000026       0x27 /usr/lib/gcc/arm-none-eabi/13.2.1/../../../arm-none-eabi/lib/thumb/v7e-m+fp/softfp/libc.a(libc_a-sysconf.o)
 .comment       0x00000026       0x27 /usr/lib/gcc/arm-none-eabi/13.2.1/../../../arm-none-eabi/lib/thumb/v7e-m+fp/softfp/libc.a(libc_a-init.o)
 .comment       0x00000026       0x27 /usr/lib/gcc/arm-none-eabi/13.2.1/../../../arm-none-eabi/lib/thumb/v7e-m+fp/softfp/libc.a(libc_a-mlock.o)
 .comment       0x00000026       0x27 /usr/lib/gcc/arm-none-eabi/13.2.1/../../../arm-none-eabi/lib/thumb/v7e-m+fp/softfp/libc.a(libc_a-findfp.o)
 .comment       0x00000026       0x27 /usr/lib/gcc/arm-none-eabi/13.2.1/../../../arm-none-eabi/lib/thumb/v7e-m+fp/softfp/libc.a(libc_a-puts.o)
 .comment       0x00000026       0x27 /usr/lib/gcc/arm-none-eabi/13.2.1/../../../arm-none-eabi/lib/thumb/v7e-m+fp/softfp/libc.a(libc_a-fvwrite.o)
 .comment       0x00000026       0x27 /usr/lib/gcc/arm-none-eabi/13.2.1/../../../arm-none-eabi/lib/thumb/v7e-m+fp/softfp/libc.a(libc_a-atexit.o)
 .comment       0x00000026       0x27 /usr/lib/gcc/arm-none-eabi/13.2.1/../../../arm-none-eabi/lib/thumb/v7e-m+fp/softfp/libc.a(libc_a-printf.o)